-- The C compiler identification is GNU 12.3.0
-- The CXX compiler identification is GNU 12.3.0
-- Detecting C compiler ABI info
-- Detecting C compiler ABI info - done
-- Check for working C compiler: /usr/bin/cc - skipped
-- Detecting C compile features
-- Detecting C compile features - done
-- Detecting CXX compiler ABI info
-- Detecting CXX compiler ABI info - done
-- Check for working CXX compiler: /usr/bin/c++ - skipped
-- Detecting CXX compile features
-- Detecting CXX compile features - done
-- Found ament_cmake: 1.3.14 (/opt/ros/humble/share/ament_cmake/cmake)
-- Found Python3: /usr/bin/python3 (found version "3.10.12") found components: Interpreter 
-- Override CMake install command with custom implementation using symlinks instead of copying resources
-- Found rosidl_default_generators: 1.2.1 (/opt/ros/humble/share/rosidl_default_generators/cmake)
-- Using all available rosidl_typesupport_c: rosidl_typesupport_fastrtps_c;rosidl_typesupport_introspection_c
-- Found rosidl_adapter: 3.1.9 (/opt/ros/humble/share/rosidl_adapter/cmake)
-- Using all available rosidl_typesupport_cpp: rosidl_typesupport_fastrtps_cpp;rosidl_typesupport_introspection_cpp
-- Found action_msgs: 1.2.3 (/opt/ros/humble/share/action_msgs/cmake)
-- Found ament_cmake_ros: 0.10.0 (/opt/ros/humble/share/ament_cmake_ros/cmake)
-- Using all available rosidl_typesupport_c: rosidl_typesupport_fastrtps_c;rosidl_typesupport_introspection_c
-- Using all available rosidl_typesupport_cpp: rosidl_typesupport_fastrtps_cpp;rosidl_typesupport_introspection_cpp
-- Found PythonInterp: /usr/bin/python3 (found suitable version "3.10.12", minimum required is "3.6") 
-- Found python_cmake_module: 0.10.0 (/opt/ros/humble/share/python_cmake_module/cmake)
-- Found PythonLibs: /usr/lib/x86_64-linux-gnu/libpython3.10.so (found suitable version "3.10.12", minimum required is "3.5") 
-- Using PYTHON_EXECUTABLE: /usr/bin/python3
-- Using PYTHON_INCLUDE_DIRS: /usr/include/python3.10
-- Using PYTHON_LIBRARIES: /usr/lib/x86_64-linux-gnu/libpython3.10.so
-- Found PythonExtra: .so  
-- Configuring done
-- Generating done
-- Build files have been written to: /home/nipun/ros2_ws/build/custom_action_pkg
[  3%] Generating C code for ROS interfaces
[  6%] Generating Rust code for ROS interfaces
[  9%] Generating C++ code for ROS interfaces
[  9%] Built target ament_cmake_python_symlink_custom_action_nodes
[  9%] Built target ament_cmake_python_symlink_custom_action_pkg
running egg_info
creating custom_action_nodes.egg-info
writing custom_action_nodes.egg-info/PKG-INFO
writing dependency_links to custom_action_nodes.egg-info/dependency_links.txt
writing top-level names to custom_action_nodes.egg-info/top_level.txt
writing manifest file 'custom_action_nodes.egg-info/SOURCES.txt'
reading manifest file 'custom_action_nodes.egg-info/SOURCES.txt'
writing manifest file 'custom_action_nodes.egg-info/SOURCES.txt'
[  9%] Built target custom_action_pkg__rs
[  9%] Built target ament_cmake_python_build_custom_action_nodes_egg
running egg_info
creating custom_action_pkg.egg-info
writing custom_action_pkg.egg-info/PKG-INFO
writing dependency_links to custom_action_pkg.egg-info/dependency_links.txt
writing top-level names to custom_action_pkg.egg-info/top_level.txt
writing manifest file 'custom_action_pkg.egg-info/SOURCES.txt'
reading manifest file 'custom_action_pkg.egg-info/SOURCES.txt'
writing manifest file 'custom_action_pkg.egg-info/SOURCES.txt'
[  9%] Built target ament_cmake_python_build_custom_action_pkg_egg
[  9%] Built target custom_action_pkg__cpp
[ 12%] Generating C++ type support dispatch for ROS interfaces
[ 15%] Generating C++ introspection for ROS interfaces
[ 18%] Generating C++ type support for eProsima Fast-RTPS
[ 21%] Building C object CMakeFiles/custom_action_pkg__rosidl_generator_c.dir/rosidl_generator_c/custom_action_pkg/action/detail/count_down__functions.c.o
[ 25%] Linking C shared library libcustom_action_pkg__rosidl_generator_c.so
[ 25%] Built target custom_action_pkg__rosidl_generator_c
[ 28%] Generating C introspection for ROS interfaces
[ 31%] Generating C type support for eProsima Fast-RTPS
[ 34%] Generating C type support dispatch for ROS interfaces
[ 37%] Building CXX object CMakeFiles/custom_action_pkg__rosidl_typesupport_cpp.dir/rosidl_typesupport_cpp/custom_action_pkg/action/count_down__type_support.cpp.o
[ 40%] Building CXX object CMakeFiles/custom_action_pkg__rosidl_typesupport_introspection_cpp.dir/rosidl_typesupport_introspection_cpp/custom_action_pkg/action/detail/count_down__type_support.cpp.o
[ 43%] Building CXX object CMakeFiles/custom_action_pkg__rosidl_typesupport_fastrtps_cpp.dir/rosidl_typesupport_fastrtps_cpp/custom_action_pkg/action/detail/dds_fastrtps/count_down__type_support.cpp.o
[ 46%] Building CXX object CMakeFiles/custom_action_pkg__rosidl_typesupport_c.dir/rosidl_typesupport_c/custom_action_pkg/action/count_down__type_support.cpp.o
[ 50%] Linking CXX shared library libcustom_action_pkg__rosidl_typesupport_c.so
[ 50%] Built target custom_action_pkg__rosidl_typesupport_c
[ 53%] Building C object CMakeFiles/custom_action_pkg__rosidl_typesupport_introspection_c.dir/rosidl_typesupport_introspection_c/custom_action_pkg/action/detail/count_down__type_support.c.o
[ 56%] Building CXX object CMakeFiles/custom_action_pkg__rosidl_typesupport_fastrtps_c.dir/rosidl_typesupport_fastrtps_c/custom_action_pkg/action/detail/count_down__type_support_c.cpp.o
[ 59%] Linking C shared library libcustom_action_pkg__rosidl_typesupport_introspection_c.so
[ 59%] Built target custom_action_pkg__rosidl_typesupport_introspection_c
[ 62%] Linking CXX shared library libcustom_action_pkg__rosidl_typesupport_cpp.so
[ 62%] Built target custom_action_pkg__rosidl_typesupport_cpp
[ 65%] Linking CXX shared library libcustom_action_pkg__rosidl_typesupport_introspection_cpp.so
[ 65%] Built target custom_action_pkg__rosidl_typesupport_introspection_cpp
[ 68%] Linking CXX shared library libcustom_action_pkg__rosidl_typesupport_fastrtps_cpp.so
[ 68%] Built target custom_action_pkg__rosidl_typesupport_fastrtps_cpp
[ 71%] Linking CXX shared library libcustom_action_pkg__rosidl_typesupport_fastrtps_c.so
[ 71%] Built target custom_action_pkg__rosidl_typesupport_fastrtps_c
[ 71%] Built target custom_action_pkg
[ 75%] Generating Python code for ROS interfaces
[ 75%] Built target custom_action_pkg__py
[ 78%] Building C object CMakeFiles/custom_action_pkg__rosidl_generator_py.dir/rosidl_generator_py/custom_action_pkg/action/_count_down_s.c.o
[ 81%] Linking C shared library rosidl_generator_py/custom_action_pkg/libcustom_action_pkg__rosidl_generator_py.so
[ 81%] Built target custom_action_pkg__rosidl_generator_py
[ 84%] Building C object CMakeFiles/custom_action_pkg__rosidl_typesupport_introspection_c__pyext.dir/rosidl_generator_py/custom_action_pkg/_custom_action_pkg_s.ep.rosidl_typesupport_introspection_c.c.o
[ 87%] Building C object CMakeFiles/custom_action_pkg__rosidl_typesupport_c__pyext.dir/rosidl_generator_py/custom_action_pkg/_custom_action_pkg_s.ep.rosidl_typesupport_c.c.o
[ 90%] Building C object CMakeFiles/custom_action_pkg__rosidl_typesupport_fastrtps_c__pyext.dir/rosidl_generator_py/custom_action_pkg/_custom_action_pkg_s.ep.rosidl_typesupport_fastrtps_c.c.o
[ 93%] Linking C shared library rosidl_generator_py/custom_action_pkg/custom_action_pkg_s__rosidl_typesupport_c.cpython-310-x86_64-linux-gnu.so
[ 96%] Linking C shared library rosidl_generator_py/custom_action_pkg/custom_action_pkg_s__rosidl_typesupport_introspection_c.cpython-310-x86_64-linux-gnu.so
[100%] Linking C shared library rosidl_generator_py/custom_action_pkg/custom_action_pkg_s__rosidl_typesupport_fastrtps_c.cpython-310-x86_64-linux-gnu.so
[100%] Built target custom_action_pkg__rosidl_typesupport_c__pyext
[100%] Built target custom_action_pkg__rosidl_typesupport_introspection_c__pyext
[100%] Built target custom_action_pkg__rosidl_typesupport_fastrtps_c__pyext
-- Install configuration: ""
-- Execute custom install script
-- Symlinking: /home/nipun/ros2_ws/install/custom_action_pkg/share/ament_index/resource_index/rosidl_interfaces/custom_action_pkg
-- Symlinking: /home/nipun/ros2_ws/install/custom_action_pkg/include/custom_action_pkg/custom_action_pkg/action/count_down.h
-- Symlinking: /home/nipun/ros2_ws/install/custom_action_pkg/include/custom_action_pkg/custom_action_pkg/action/detail/count_down__functions.h
-- Symlinking: /home/nipun/ros2_ws/install/custom_action_pkg/include/custom_action_pkg/custom_action_pkg/action/detail/count_down__struct.h
-- Symlinking: /home/nipun/ros2_ws/install/custom_action_pkg/include/custom_action_pkg/custom_action_pkg/action/detail/count_down__type_support.h
-- Symlinking: /home/nipun/ros2_ws/install/custom_action_pkg/include/custom_action_pkg/custom_action_pkg/msg/rosidl_generator_c__visibility_control.h
-- Symlinking: /home/nipun/ros2_ws/install/custom_action_pkg/share/custom_action_pkg/environment/library_path.sh
-- Symlinking: /home/nipun/ros2_ws/install/custom_action_pkg/share/custom_action_pkg/environment/library_path.dsv
-- Symlinking: /home/nipun/ros2_ws/install/custom_action_pkg/include/custom_action_pkg/custom_action_pkg/action/detail/count_down__rosidl_typesupport_fastrtps_c.h
-- Symlinking: /home/nipun/ros2_ws/install/custom_action_pkg/include/custom_action_pkg/custom_action_pkg/msg/rosidl_typesupport_fastrtps_c__visibility_control.h
-- Symlinking: /home/nipun/ros2_ws/install/custom_action_pkg/include/custom_action_pkg/custom_action_pkg/action/detail/count_down__rosidl_typesupport_introspection_c.h
-- Symlinking: /home/nipun/ros2_ws/install/custom_action_pkg/include/custom_action_pkg/custom_action_pkg/msg/rosidl_typesupport_introspection_c__visibility_control.h
-- Symlinking: /home/nipun/ros2_ws/install/custom_action_pkg/include/custom_action_pkg/custom_action_pkg/action/count_down.hpp
-- Symlinking: /home/nipun/ros2_ws/install/custom_action_pkg/include/custom_action_pkg/custom_action_pkg/action/detail/count_down__builder.hpp
-- Symlinking: /home/nipun/ros2_ws/install/custom_action_pkg/include/custom_action_pkg/custom_action_pkg/action/detail/count_down__struct.hpp
-- Symlinking: /home/nipun/ros2_ws/install/custom_action_pkg/include/custom_action_pkg/custom_action_pkg/action/detail/count_down__traits.hpp
-- Symlinking: /home/nipun/ros2_ws/install/custom_action_pkg/include/custom_action_pkg/custom_action_pkg/action/detail/count_down__type_support.hpp
-- Symlinking: /home/nipun/ros2_ws/install/custom_action_pkg/include/custom_action_pkg/custom_action_pkg/msg/rosidl_generator_cpp__visibility_control.hpp
-- Symlinking: /home/nipun/ros2_ws/install/custom_action_pkg/include/custom_action_pkg/custom_action_pkg/action/detail/count_down__rosidl_typesupport_fastrtps_cpp.hpp
-- Symlinking: /home/nipun/ros2_ws/install/custom_action_pkg/include/custom_action_pkg/custom_action_pkg/msg/rosidl_typesupport_fastrtps_cpp__visibility_control.h
-- Symlinking: /home/nipun/ros2_ws/install/custom_action_pkg/include/custom_action_pkg/custom_action_pkg/action/detail/count_down__rosidl_typesupport_introspection_cpp.hpp
-- Symlinking: /home/nipun/ros2_ws/install/custom_action_pkg/share/custom_action_pkg/environment/pythonpath.sh
-- Symlinking: /home/nipun/ros2_ws/install/custom_action_pkg/share/custom_action_pkg/environment/pythonpath.dsv
-- Symlinking: /home/nipun/ros2_ws/install/custom_action_pkg/local/lib/python3.10/dist-packages/custom_action_pkg-0.0.0-py3.10.egg-info/PKG-INFO
-- Symlinking: /home/nipun/ros2_ws/install/custom_action_pkg/local/lib/python3.10/dist-packages/custom_action_pkg-0.0.0-py3.10.egg-info/SOURCES.txt
-- Symlinking: /home/nipun/ros2_ws/install/custom_action_pkg/local/lib/python3.10/dist-packages/custom_action_pkg-0.0.0-py3.10.egg-info/dependency_links.txt
-- Symlinking: /home/nipun/ros2_ws/install/custom_action_pkg/local/lib/python3.10/dist-packages/custom_action_pkg-0.0.0-py3.10.egg-info/top_level.txt
-- Symlinking: /home/nipun/ros2_ws/install/custom_action_pkg/local/lib/python3.10/dist-packages/custom_action_pkg/__init__.py
-- Symlinking: /home/nipun/ros2_ws/install/custom_action_pkg/local/lib/python3.10/dist-packages/custom_action_pkg/_custom_action_pkg_s.ep.rosidl_typesupport_c.c
-- Symlinking: /home/nipun/ros2_ws/install/custom_action_pkg/local/lib/python3.10/dist-packages/custom_action_pkg/_custom_action_pkg_s.ep.rosidl_typesupport_fastrtps_c.c
-- Symlinking: /home/nipun/ros2_ws/install/custom_action_pkg/local/lib/python3.10/dist-packages/custom_action_pkg/_custom_action_pkg_s.ep.rosidl_typesupport_introspection_c.c
-- Symlinking: /home/nipun/ros2_ws/install/custom_action_pkg/local/lib/python3.10/dist-packages/custom_action_pkg/action/__init__.py
-- Symlinking: /home/nipun/ros2_ws/install/custom_action_pkg/local/lib/python3.10/dist-packages/custom_action_pkg/action/_count_down.py
-- Symlinking: /home/nipun/ros2_ws/install/custom_action_pkg/local/lib/python3.10/dist-packages/custom_action_pkg/action/_count_down_s.c
-- Symlinking: /home/nipun/ros2_ws/install/custom_action_pkg/local/lib/python3.10/dist-packages/custom_action_pkg/custom_action_pkg_s__rosidl_typesupport_c.cpython-310-x86_64-linux-gnu.so
-- Symlinking: /home/nipun/ros2_ws/install/custom_action_pkg/local/lib/python3.10/dist-packages/custom_action_pkg/custom_action_pkg_s__rosidl_typesupport_fastrtps_c.cpython-310-x86_64-linux-gnu.so
-- Symlinking: /home/nipun/ros2_ws/install/custom_action_pkg/local/lib/python3.10/dist-packages/custom_action_pkg/custom_action_pkg_s__rosidl_typesupport_introspection_c.cpython-310-x86_64-linux-gnu.so
-- Symlinking: /home/nipun/ros2_ws/install/custom_action_pkg/local/lib/python3.10/dist-packages/custom_action_pkg/libcustom_action_pkg__rosidl_generator_py.so
-- Up-to-date symlink: /home/nipun/ros2_ws/install/custom_action_pkg/local/lib/python3.10/dist-packages/custom_action_pkg/custom_action_pkg_s__rosidl_typesupport_fastrtps_c.cpython-310-x86_64-linux-gnu.so
-- Up-to-date symlink: /home/nipun/ros2_ws/install/custom_action_pkg/local/lib/python3.10/dist-packages/custom_action_pkg/custom_action_pkg_s__rosidl_typesupport_introspection_c.cpython-310-x86_64-linux-gnu.so
-- Up-to-date symlink: /home/nipun/ros2_ws/install/custom_action_pkg/local/lib/python3.10/dist-packages/custom_action_pkg/custom_action_pkg_s__rosidl_typesupport_c.cpython-310-x86_64-linux-gnu.so
-- Symlinking: /home/nipun/ros2_ws/install/custom_action_pkg/share/ament_index/resource_index/rust_packages/custom_action_pkg
-- Symlinking: /home/nipun/ros2_ws/install/custom_action_pkg/share/custom_action_pkg/rust/Cargo.toml
-- Symlinking: /home/nipun/ros2_ws/install/custom_action_pkg/share/custom_action_pkg/rust/build.rs
-- Symlinking: /home/nipun/ros2_ws/install/custom_action_pkg/share/custom_action_pkg/rust/src/action.rs
-- Symlinking: /home/nipun/ros2_ws/install/custom_action_pkg/share/custom_action_pkg/rust/src/action/rmw.rs
-- Symlinking: /home/nipun/ros2_ws/install/custom_action_pkg/share/custom_action_pkg/rust/src/lib.rs
-- Symlinking: /home/nipun/ros2_ws/install/custom_action_pkg/share/custom_action_pkg/action/CountDown.idl
-- Symlinking: /home/nipun/ros2_ws/install/custom_action_pkg/share/custom_action_pkg/action/CountDown.action
-- Symlinking: /home/nipun/ros2_ws/install/custom_action_pkg/local/lib/python3.10/dist-packages/custom_action_nodes-0.0.0-py3.10.egg-info/PKG-INFO
-- Symlinking: /home/nipun/ros2_ws/install/custom_action_pkg/local/lib/python3.10/dist-packages/custom_action_nodes-0.0.0-py3.10.egg-info/SOURCES.txt
-- Symlinking: /home/nipun/ros2_ws/install/custom_action_pkg/local/lib/python3.10/dist-packages/custom_action_nodes-0.0.0-py3.10.egg-info/dependency_links.txt
-- Symlinking: /home/nipun/ros2_ws/install/custom_action_pkg/local/lib/python3.10/dist-packages/custom_action_nodes-0.0.0-py3.10.egg-info/top_level.txt
-- Symlinking: /home/nipun/ros2_ws/install/custom_action_pkg/local/lib/python3.10/dist-packages/custom_action_nodes/__init__.py
-- Symlinking: /home/nipun/ros2_ws/install/custom_action_pkg/local/lib/python3.10/dist-packages/custom_action_nodes/action_client.py
-- Symlinking: /home/nipun/ros2_ws/install/custom_action_pkg/local/lib/python3.10/dist-packages/custom_action_nodes/action_server.py
-- Symlinking: /home/nipun/ros2_ws/install/custom_action_pkg/lib/custom_action_pkg/action_server
-- Symlinking: /home/nipun/ros2_ws/install/custom_action_pkg/lib/custom_action_pkg/action_client
-- Symlinking: /home/nipun/ros2_ws/install/custom_action_pkg/share/custom_action_pkg/launch/__pycache__/count_down.launch.cpython-310.pyc
-- Symlinking: /home/nipun/ros2_ws/install/custom_action_pkg/share/custom_action_pkg/launch/count_down.launch.py
-- Symlinking: /home/nipun/ros2_ws/install/custom_action_pkg/share/ament_index/resource_index/package_run_dependencies/custom_action_pkg
-- Symlinking: /home/nipun/ros2_ws/install/custom_action_pkg/share/ament_index/resource_index/parent_prefix_path/custom_action_pkg
-- Symlinking: /home/nipun/ros2_ws/install/custom_action_pkg/share/custom_action_pkg/environment/ament_prefix_path.sh
-- Symlinking: /home/nipun/ros2_ws/install/custom_action_pkg/share/custom_action_pkg/environment/ament_prefix_path.dsv
-- Symlinking: /home/nipun/ros2_ws/install/custom_action_pkg/share/custom_action_pkg/environment/path.sh
-- Symlinking: /home/nipun/ros2_ws/install/custom_action_pkg/share/custom_action_pkg/environment/path.dsv
-- Symlinking: /home/nipun/ros2_ws/install/custom_action_pkg/share/custom_action_pkg/local_setup.bash
-- Symlinking: /home/nipun/ros2_ws/install/custom_action_pkg/share/custom_action_pkg/local_setup.sh
-- Symlinking: /home/nipun/ros2_ws/install/custom_action_pkg/share/custom_action_pkg/local_setup.zsh
-- Symlinking: /home/nipun/ros2_ws/install/custom_action_pkg/share/custom_action_pkg/local_setup.dsv
-- Symlinking: /home/nipun/ros2_ws/install/custom_action_pkg/share/custom_action_pkg/package.dsv
-- Symlinking: /home/nipun/ros2_ws/install/custom_action_pkg/share/ament_index/resource_index/packages/custom_action_pkg
-- Symlinking: /home/nipun/ros2_ws/install/custom_action_pkg/share/custom_action_pkg/cmake/rosidl_cmake-extras.cmake
-- Symlinking: /home/nipun/ros2_ws/install/custom_action_pkg/share/custom_action_pkg/cmake/ament_cmake_export_dependencies-extras.cmake
-- Symlinking: /home/nipun/ros2_ws/install/custom_action_pkg/share/custom_action_pkg/cmake/ament_cmake_export_include_directories-extras.cmake
-- Symlinking: /home/nipun/ros2_ws/install/custom_action_pkg/share/custom_action_pkg/cmake/ament_cmake_export_libraries-extras.cmake
-- Symlinking: /home/nipun/ros2_ws/install/custom_action_pkg/share/custom_action_pkg/cmake/ament_cmake_export_targets-extras.cmake
-- Symlinking: /home/nipun/ros2_ws/install/custom_action_pkg/share/custom_action_pkg/cmake/rosidl_cmake_export_typesupport_targets-extras.cmake
-- Symlinking: /home/nipun/ros2_ws/install/custom_action_pkg/share/custom_action_pkg/cmake/rosidl_cmake_export_typesupport_libraries-extras.cmake
-- Symlinking: /home/nipun/ros2_ws/install/custom_action_pkg/share/custom_action_pkg/cmake/rosidl_cmake_aggregate_target-extras.cmake
-- Symlinking: /home/nipun/ros2_ws/install/custom_action_pkg/share/custom_action_pkg/cmake/custom_action_pkgConfig.cmake
-- Symlinking: /home/nipun/ros2_ws/install/custom_action_pkg/share/custom_action_pkg/cmake/custom_action_pkgConfig-version.cmake
-- Symlinking: /home/nipun/ros2_ws/install/custom_action_pkg/share/custom_action_pkg/package.xml
-- Installing: /home/nipun/ros2_ws/install/custom_action_pkg/lib/libcustom_action_pkg__rosidl_generator_c.so
-- Set runtime path of "/home/nipun/ros2_ws/install/custom_action_pkg/lib/libcustom_action_pkg__rosidl_generator_c.so" to ""
-- Installing: /home/nipun/ros2_ws/install/custom_action_pkg/lib/libcustom_action_pkg__rosidl_typesupport_fastrtps_c.so
-- Set runtime path of "/home/nipun/ros2_ws/install/custom_action_pkg/lib/libcustom_action_pkg__rosidl_typesupport_fastrtps_c.so" to ""
-- Installing: /home/nipun/ros2_ws/install/custom_action_pkg/lib/libcustom_action_pkg__rosidl_typesupport_introspection_c.so
-- Set runtime path of "/home/nipun/ros2_ws/install/custom_action_pkg/lib/libcustom_action_pkg__rosidl_typesupport_introspection_c.so" to ""
-- Installing: /home/nipun/ros2_ws/install/custom_action_pkg/lib/libcustom_action_pkg__rosidl_typesupport_c.so
-- Set runtime path of "/home/nipun/ros2_ws/install/custom_action_pkg/lib/libcustom_action_pkg__rosidl_typesupport_c.so" to ""
-- Installing: /home/nipun/ros2_ws/install/custom_action_pkg/lib/libcustom_action_pkg__rosidl_typesupport_fastrtps_cpp.so
-- Set runtime path of "/home/nipun/ros2_ws/install/custom_action_pkg/lib/libcustom_action_pkg__rosidl_typesupport_fastrtps_cpp.so" to ""
-- Installing: /home/nipun/ros2_ws/install/custom_action_pkg/lib/libcustom_action_pkg__rosidl_typesupport_introspection_cpp.so
-- Set runtime path of "/home/nipun/ros2_ws/install/custom_action_pkg/lib/libcustom_action_pkg__rosidl_typesupport_introspection_cpp.so" to ""
-- Installing: /home/nipun/ros2_ws/install/custom_action_pkg/lib/libcustom_action_pkg__rosidl_typesupport_cpp.so
-- Set runtime path of "/home/nipun/ros2_ws/install/custom_action_pkg/lib/libcustom_action_pkg__rosidl_typesupport_cpp.so" to ""
Listing '/home/nipun/ros2_ws/install/custom_action_pkg/local/lib/python3.10/dist-packages/custom_action_pkg'...
Compiling '/home/nipun/ros2_ws/install/custom_action_pkg/local/lib/python3.10/dist-packages/custom_action_pkg/__init__.py'...
Listing '/home/nipun/ros2_ws/install/custom_action_pkg/local/lib/python3.10/dist-packages/custom_action_pkg/action'...
Compiling '/home/nipun/ros2_ws/install/custom_action_pkg/local/lib/python3.10/dist-packages/custom_action_pkg/action/__init__.py'...
Compiling '/home/nipun/ros2_ws/install/custom_action_pkg/local/lib/python3.10/dist-packages/custom_action_pkg/action/_count_down.py'...
-- Installing: /home/nipun/ros2_ws/install/custom_action_pkg/lib/libcustom_action_pkg__rosidl_generator_py.so
-- Set runtime path of "/home/nipun/ros2_ws/install/custom_action_pkg/lib/libcustom_action_pkg__rosidl_generator_py.so" to ""
Listing '/home/nipun/ros2_ws/install/custom_action_pkg/local/lib/python3.10/dist-packages/custom_action_nodes'...
Compiling '/home/nipun/ros2_ws/install/custom_action_pkg/local/lib/python3.10/dist-packages/custom_action_nodes/__init__.py'...
Compiling '/home/nipun/ros2_ws/install/custom_action_pkg/local/lib/python3.10/dist-packages/custom_action_nodes/action_client.py'...
Compiling '/home/nipun/ros2_ws/install/custom_action_pkg/local/lib/python3.10/dist-packages/custom_action_nodes/action_server.py'...
-- Installing: /home/nipun/ros2_ws/install/custom_action_pkg/share/custom_action_pkg/cmake/export_custom_action_pkg__rosidl_generator_cExport.cmake
-- Installing: /home/nipun/ros2_ws/install/custom_action_pkg/share/custom_action_pkg/cmake/export_custom_action_pkg__rosidl_generator_cExport-noconfig.cmake
-- Installing: /home/nipun/ros2_ws/install/custom_action_pkg/share/custom_action_pkg/cmake/export_custom_action_pkg__rosidl_typesupport_fastrtps_cExport.cmake
-- Installing: /home/nipun/ros2_ws/install/custom_action_pkg/share/custom_action_pkg/cmake/export_custom_action_pkg__rosidl_typesupport_fastrtps_cExport-noconfig.cmake
-- Installing: /home/nipun/ros2_ws/install/custom_action_pkg/share/custom_action_pkg/cmake/custom_action_pkg__rosidl_typesupport_introspection_cExport.cmake
-- Installing: /home/nipun/ros2_ws/install/custom_action_pkg/share/custom_action_pkg/cmake/custom_action_pkg__rosidl_typesupport_introspection_cExport-noconfig.cmake
-- Installing: /home/nipun/ros2_ws/install/custom_action_pkg/share/custom_action_pkg/cmake/custom_action_pkg__rosidl_typesupport_cExport.cmake
-- Installing: /home/nipun/ros2_ws/install/custom_action_pkg/share/custom_action_pkg/cmake/custom_action_pkg__rosidl_typesupport_cExport-noconfig.cmake
-- Installing: /home/nipun/ros2_ws/install/custom_action_pkg/share/custom_action_pkg/cmake/export_custom_action_pkg__rosidl_generator_cppExport.cmake
-- Installing: /home/nipun/ros2_ws/install/custom_action_pkg/share/custom_action_pkg/cmake/export_custom_action_pkg__rosidl_typesupport_fastrtps_cppExport.cmake
-- Installing: /home/nipun/ros2_ws/install/custom_action_pkg/share/custom_action_pkg/cmake/export_custom_action_pkg__rosidl_typesupport_fastrtps_cppExport-noconfig.cmake
-- Installing: /home/nipun/ros2_ws/install/custom_action_pkg/share/custom_action_pkg/cmake/custom_action_pkg__rosidl_typesupport_introspection_cppExport.cmake
-- Installing: /home/nipun/ros2_ws/install/custom_action_pkg/share/custom_action_pkg/cmake/custom_action_pkg__rosidl_typesupport_introspection_cppExport-noconfig.cmake
-- Installing: /home/nipun/ros2_ws/install/custom_action_pkg/share/custom_action_pkg/cmake/custom_action_pkg__rosidl_typesupport_cppExport.cmake
-- Installing: /home/nipun/ros2_ws/install/custom_action_pkg/share/custom_action_pkg/cmake/custom_action_pkg__rosidl_typesupport_cppExport-noconfig.cmake
-- Installing: /home/nipun/ros2_ws/install/custom_action_pkg/share/custom_action_pkg/cmake/export_custom_action_pkg__rosidl_generator_pyExport.cmake
-- Installing: /home/nipun/ros2_ws/install/custom_action_pkg/share/custom_action_pkg/cmake/export_custom_action_pkg__rosidl_generator_pyExport-noconfig.cmake
