[0.028s] Invoking command in '/home/nipun/ros2_ws/build/custom_action_pkg': CMAKE_PREFIX_PATH=/opt/ros/humble /usr/bin/cmake /home/nipun/ros2_ws/custom_action_pkg -DAMENT_CMAKE_SYMLINK_INSTALL=1 -DCMAKE_INSTALL_PREFIX=/home/nipun/ros2_ws/install/custom_action_pkg
[0.300s] -- The C compiler identification is GNU 12.3.0
[0.487s] -- The CXX compiler identification is GNU 12.3.0
[0.511s] -- Detecting C compiler ABI info
[0.723s] -- Detecting C compiler ABI info - done
[0.771s] -- Check for working C compiler: /usr/bin/cc - skipped
[0.774s] -- Detecting C compile features
[0.777s] -- Detecting C compile features - done
[0.798s] -- Detecting CXX compiler ABI info
[1.219s] -- Detecting CXX compiler ABI info - done
[1.250s] -- Check for working CXX compiler: /usr/bin/c++ - skipped
[1.250s] -- Detecting CXX compile features
[1.252s] -- Detecting CXX compile features - done
[1.260s] -- Found ament_cmake: 1.3.14 (/opt/ros/humble/share/ament_cmake/cmake)
[1.733s] -- Found Python3: /usr/bin/python3 (found version "3.10.12") found components: Interpreter 
[1.896s] -- Override CMake install command with custom implementation using symlinks instead of copying resources
[1.952s] -- Found rosidl_default_generators: 1.2.1 (/opt/ros/humble/share/rosidl_default_generators/cmake)
[1.960s] -- Using all available rosidl_typesupport_c: rosidl_typesupport_fastrtps_c;rosidl_typesupport_introspection_c
[1.974s] -- Found rosidl_adapter: 3.1.9 (/opt/ros/humble/share/rosidl_adapter/cmake)
[2.071s] -- Using all available rosidl_typesupport_cpp: rosidl_typesupport_fastrtps_cpp;rosidl_typesupport_introspection_cpp
[2.180s] -- Found action_msgs: 1.2.3 (/opt/ros/humble/share/action_msgs/cmake)
[2.937s] -- Found ament_cmake_ros: 0.10.0 (/opt/ros/humble/share/ament_cmake_ros/cmake)
[3.362s] -- Using all available rosidl_typesupport_c: rosidl_typesupport_fastrtps_c;rosidl_typesupport_introspection_c
[3.904s] -- Using all available rosidl_typesupport_cpp: rosidl_typesupport_fastrtps_cpp;rosidl_typesupport_introspection_cpp
[3.963s] -- Found PythonInterp: /usr/bin/python3 (found suitable version "3.10.12", minimum required is "3.6") 
[3.965s] -- Found python_cmake_module: 0.10.0 (/opt/ros/humble/share/python_cmake_module/cmake)
[4.019s] -- Found PythonLibs: /usr/lib/x86_64-linux-gnu/libpython3.10.so (found suitable version "3.10.12", minimum required is "3.5") 
[4.019s] -- Using PYTHON_EXECUTABLE: /usr/bin/python3
[4.019s] -- Using PYTHON_INCLUDE_DIRS: /usr/include/python3.10
[4.019s] -- Using PYTHON_LIBRARIES: /usr/lib/x86_64-linux-gnu/libpython3.10.so
[4.061s] -- Found PythonExtra: .so  
[5.062s] CMake Warning at /opt/ros/humble/share/ament_cmake_pytest/cmake/ament_add_pytest_test.cmake:79 (message):
[5.062s]   The Python module 'pytest' was not found, pytests cannot be run.  On Linux,
[5.062s]   install the 'python3-pytest' package.  On other platforms, install 'pytest'
[5.062s]   using pip.
[5.063s] Call Stack (most recent call first):
[5.063s]   CMakeLists.txt:32 (ament_add_pytest_test)
[5.063s] 
[5.063s] 
[5.084s] -- Configuring done
[5.143s] -- Generating done
[5.165s] -- Build files have been written to: /home/nipun/ros2_ws/build/custom_action_pkg
[5.177s] Invoked command in '/home/nipun/ros2_ws/build/custom_action_pkg' returned '0': CMAKE_PREFIX_PATH=/opt/ros/humble /usr/bin/cmake /home/nipun/ros2_ws/custom_action_pkg -DAMENT_CMAKE_SYMLINK_INSTALL=1 -DCMAKE_INSTALL_PREFIX=/home/nipun/ros2_ws/install/custom_action_pkg
[5.180s] Invoking command in '/home/nipun/ros2_ws/build/custom_action_pkg': CMAKE_PREFIX_PATH=/opt/ros/humble /usr/bin/cmake --build /home/nipun/ros2_ws/build/custom_action_pkg -- -j12 -l12
[5.264s] [  3%] Generating C code for ROS interfaces
[5.281s] [  6%] Generating Rust code for ROS interfaces
[5.290s] [  9%] Generating C++ code for ROS interfaces
[5.297s] [  9%] Built target ament_cmake_python_symlink_custom_action_nodes
[5.306s] [  9%] Built target ament_cmake_python_symlink_custom_action_pkg
[5.937s] running egg_info
[5.939s] creating custom_action_nodes.egg-info
[5.940s] writing custom_action_nodes.egg-info/PKG-INFO
[5.942s] writing dependency_links to custom_action_nodes.egg-info/dependency_links.txt
[5.942s] writing top-level names to custom_action_nodes.egg-info/top_level.txt
[5.942s] writing manifest file 'custom_action_nodes.egg-info/SOURCES.txt'
[5.949s] reading manifest file 'custom_action_nodes.egg-info/SOURCES.txt'
[5.951s] writing manifest file 'custom_action_nodes.egg-info/SOURCES.txt'
[6.014s] [  9%] Built target custom_action_pkg__rs
[6.044s] [  9%] Built target ament_cmake_python_build_custom_action_nodes_egg
[6.151s] running egg_info
[6.154s] creating custom_action_pkg.egg-info
[6.154s] writing custom_action_pkg.egg-info/PKG-INFO
[6.155s] writing dependency_links to custom_action_pkg.egg-info/dependency_links.txt
[6.156s] writing top-level names to custom_action_pkg.egg-info/top_level.txt
[6.156s] writing manifest file 'custom_action_pkg.egg-info/SOURCES.txt'
[6.160s] reading manifest file 'custom_action_pkg.egg-info/SOURCES.txt'
[6.160s] writing manifest file 'custom_action_pkg.egg-info/SOURCES.txt'
[6.216s] [  9%] Built target ament_cmake_python_build_custom_action_pkg_egg
[6.315s] [  9%] Built target custom_action_pkg__cpp
[6.336s] [ 12%] Generating C++ type support dispatch for ROS interfaces
[6.339s] [ 15%] Generating C++ introspection for ROS interfaces
[6.342s] [ 18%] Generating C++ type support for eProsima Fast-RTPS
[6.353s] [ 21%] Building C object CMakeFiles/custom_action_pkg__rosidl_generator_c.dir/rosidl_generator_c/custom_action_pkg/action/detail/count_down__functions.c.o
[6.732s] [ 25%] Linking C shared library libcustom_action_pkg__rosidl_generator_c.so
[6.824s] [ 25%] Built target custom_action_pkg__rosidl_generator_c
[6.846s] [ 28%] Generating C introspection for ROS interfaces
[6.852s] [ 31%] Generating C type support for eProsima Fast-RTPS
[6.852s] [ 34%] Generating C type support dispatch for ROS interfaces
[7.005s] [ 37%] Building CXX object CMakeFiles/custom_action_pkg__rosidl_typesupport_cpp.dir/rosidl_typesupport_cpp/custom_action_pkg/action/count_down__type_support.cpp.o
[7.148s] [ 40%] Building CXX object CMakeFiles/custom_action_pkg__rosidl_typesupport_introspection_cpp.dir/rosidl_typesupport_introspection_cpp/custom_action_pkg/action/detail/count_down__type_support.cpp.o
[7.253s] [ 43%] Building CXX object CMakeFiles/custom_action_pkg__rosidl_typesupport_fastrtps_cpp.dir/rosidl_typesupport_fastrtps_cpp/custom_action_pkg/action/detail/dds_fastrtps/count_down__type_support.cpp.o
[7.546s] [ 46%] Building CXX object CMakeFiles/custom_action_pkg__rosidl_typesupport_c.dir/rosidl_typesupport_c/custom_action_pkg/action/count_down__type_support.cpp.o
[7.687s] [ 50%] Linking CXX shared library libcustom_action_pkg__rosidl_typesupport_c.so
[7.842s] [ 50%] Built target custom_action_pkg__rosidl_typesupport_c
[7.976s] [ 53%] Building C object CMakeFiles/custom_action_pkg__rosidl_typesupport_introspection_c.dir/rosidl_typesupport_introspection_c/custom_action_pkg/action/detail/count_down__type_support.c.o
[8.120s] [ 56%] Building CXX object CMakeFiles/custom_action_pkg__rosidl_typesupport_fastrtps_c.dir/rosidl_typesupport_fastrtps_c/custom_action_pkg/action/detail/count_down__type_support_c.cpp.o
[8.139s] [ 59%] Linking C shared library libcustom_action_pkg__rosidl_typesupport_introspection_c.so
[8.226s] [ 59%] Built target custom_action_pkg__rosidl_typesupport_introspection_c
[8.498s] [ 62%] Linking CXX shared library libcustom_action_pkg__rosidl_typesupport_cpp.so
[8.601s] [ 62%] Built target custom_action_pkg__rosidl_typesupport_cpp
[8.690s] [ 65%] Linking CXX shared library libcustom_action_pkg__rosidl_typesupport_introspection_cpp.so
[8.869s] [ 65%] Built target custom_action_pkg__rosidl_typesupport_introspection_cpp
[8.959s] [ 68%] Linking CXX shared library libcustom_action_pkg__rosidl_typesupport_fastrtps_cpp.so
[9.126s] [ 68%] Built target custom_action_pkg__rosidl_typesupport_fastrtps_cpp
[9.132s] [ 71%] Linking CXX shared library libcustom_action_pkg__rosidl_typesupport_fastrtps_c.so
[9.281s] [ 71%] Built target custom_action_pkg__rosidl_typesupport_fastrtps_c
[9.320s] [ 71%] Built target custom_action_pkg
[9.361s] [ 75%] Generating Python code for ROS interfaces
[10.730s] [ 75%] Built target custom_action_pkg__py
[10.773s] [ 78%] Building C object CMakeFiles/custom_action_pkg__rosidl_generator_py.dir/rosidl_generator_py/custom_action_pkg/action/_count_down_s.c.o
[11.115s] [ 81%] Linking C shared library rosidl_generator_py/custom_action_pkg/libcustom_action_pkg__rosidl_generator_py.so
[11.203s] [ 81%] Built target custom_action_pkg__rosidl_generator_py
[11.249s] [ 84%] Building C object CMakeFiles/custom_action_pkg__rosidl_typesupport_introspection_c__pyext.dir/rosidl_generator_py/custom_action_pkg/_custom_action_pkg_s.ep.rosidl_typesupport_introspection_c.c.o
[11.249s] [ 87%] Building C object CMakeFiles/custom_action_pkg__rosidl_typesupport_c__pyext.dir/rosidl_generator_py/custom_action_pkg/_custom_action_pkg_s.ep.rosidl_typesupport_c.c.o
[11.250s] [ 90%] Building C object CMakeFiles/custom_action_pkg__rosidl_typesupport_fastrtps_c__pyext.dir/rosidl_generator_py/custom_action_pkg/_custom_action_pkg_s.ep.rosidl_typesupport_fastrtps_c.c.o
[11.539s] [ 93%] Linking C shared library rosidl_generator_py/custom_action_pkg/custom_action_pkg_s__rosidl_typesupport_c.cpython-310-x86_64-linux-gnu.so
[11.544s] [ 96%] Linking C shared library rosidl_generator_py/custom_action_pkg/custom_action_pkg_s__rosidl_typesupport_introspection_c.cpython-310-x86_64-linux-gnu.so
[11.570s] [100%] Linking C shared library rosidl_generator_py/custom_action_pkg/custom_action_pkg_s__rosidl_typesupport_fastrtps_c.cpython-310-x86_64-linux-gnu.so
[11.627s] [100%] Built target custom_action_pkg__rosidl_typesupport_c__pyext
[11.630s] [100%] Built target custom_action_pkg__rosidl_typesupport_introspection_c__pyext
[11.659s] [100%] Built target custom_action_pkg__rosidl_typesupport_fastrtps_c__pyext
[11.680s] Invoked command in '/home/nipun/ros2_ws/build/custom_action_pkg' returned '0': CMAKE_PREFIX_PATH=/opt/ros/humble /usr/bin/cmake --build /home/nipun/ros2_ws/build/custom_action_pkg -- -j12 -l12
[11.698s] Invoking command in '/home/nipun/ros2_ws/build/custom_action_pkg': CMAKE_PREFIX_PATH=/opt/ros/humble /usr/bin/cmake --install /home/nipun/ros2_ws/build/custom_action_pkg
[11.712s] -- Install configuration: ""
[11.714s] -- Execute custom install script
[11.714s] -- Symlinking: /home/nipun/ros2_ws/install/custom_action_pkg/share/ament_index/resource_index/rosidl_interfaces/custom_action_pkg
[11.732s] -- Symlinking: /home/nipun/ros2_ws/install/custom_action_pkg/include/custom_action_pkg/custom_action_pkg/action/count_down.h
[11.746s] -- Symlinking: /home/nipun/ros2_ws/install/custom_action_pkg/include/custom_action_pkg/custom_action_pkg/action/detail/count_down__functions.h
[11.761s] -- Symlinking: /home/nipun/ros2_ws/install/custom_action_pkg/include/custom_action_pkg/custom_action_pkg/action/detail/count_down__struct.h
[11.776s] -- Symlinking: /home/nipun/ros2_ws/install/custom_action_pkg/include/custom_action_pkg/custom_action_pkg/action/detail/count_down__type_support.h
[11.791s] -- Symlinking: /home/nipun/ros2_ws/install/custom_action_pkg/include/custom_action_pkg/custom_action_pkg/msg/rosidl_generator_c__visibility_control.h
[11.810s] -- Symlinking: /home/nipun/ros2_ws/install/custom_action_pkg/share/custom_action_pkg/environment/library_path.sh
[11.825s] -- Symlinking: /home/nipun/ros2_ws/install/custom_action_pkg/share/custom_action_pkg/environment/library_path.dsv
[11.843s] -- Symlinking: /home/nipun/ros2_ws/install/custom_action_pkg/include/custom_action_pkg/custom_action_pkg/action/detail/count_down__rosidl_typesupport_fastrtps_c.h
[11.858s] -- Symlinking: /home/nipun/ros2_ws/install/custom_action_pkg/include/custom_action_pkg/custom_action_pkg/msg/rosidl_typesupport_fastrtps_c__visibility_control.h
[11.875s] -- Symlinking: /home/nipun/ros2_ws/install/custom_action_pkg/include/custom_action_pkg/custom_action_pkg/action/detail/count_down__rosidl_typesupport_introspection_c.h
[11.891s] -- Symlinking: /home/nipun/ros2_ws/install/custom_action_pkg/include/custom_action_pkg/custom_action_pkg/msg/rosidl_typesupport_introspection_c__visibility_control.h
[11.906s] -- Symlinking: /home/nipun/ros2_ws/install/custom_action_pkg/include/custom_action_pkg/custom_action_pkg/action/count_down.hpp
[11.923s] -- Symlinking: /home/nipun/ros2_ws/install/custom_action_pkg/include/custom_action_pkg/custom_action_pkg/action/detail/count_down__builder.hpp
[11.938s] -- Symlinking: /home/nipun/ros2_ws/install/custom_action_pkg/include/custom_action_pkg/custom_action_pkg/action/detail/count_down__struct.hpp
[11.952s] -- Symlinking: /home/nipun/ros2_ws/install/custom_action_pkg/include/custom_action_pkg/custom_action_pkg/action/detail/count_down__traits.hpp
[11.970s] -- Symlinking: /home/nipun/ros2_ws/install/custom_action_pkg/include/custom_action_pkg/custom_action_pkg/action/detail/count_down__type_support.hpp
[11.988s] -- Symlinking: /home/nipun/ros2_ws/install/custom_action_pkg/include/custom_action_pkg/custom_action_pkg/msg/rosidl_generator_cpp__visibility_control.hpp
[12.007s] -- Symlinking: /home/nipun/ros2_ws/install/custom_action_pkg/include/custom_action_pkg/custom_action_pkg/action/detail/count_down__rosidl_typesupport_fastrtps_cpp.hpp
[12.023s] -- Symlinking: /home/nipun/ros2_ws/install/custom_action_pkg/include/custom_action_pkg/custom_action_pkg/msg/rosidl_typesupport_fastrtps_cpp__visibility_control.h
[12.039s] -- Symlinking: /home/nipun/ros2_ws/install/custom_action_pkg/include/custom_action_pkg/custom_action_pkg/action/detail/count_down__rosidl_typesupport_introspection_cpp.hpp
[12.057s] -- Symlinking: /home/nipun/ros2_ws/install/custom_action_pkg/share/custom_action_pkg/environment/pythonpath.sh
[12.073s] -- Symlinking: /home/nipun/ros2_ws/install/custom_action_pkg/share/custom_action_pkg/environment/pythonpath.dsv
[12.091s] -- Symlinking: /home/nipun/ros2_ws/install/custom_action_pkg/local/lib/python3.10/dist-packages/custom_action_pkg-0.0.0-py3.10.egg-info/PKG-INFO
[12.107s] -- Symlinking: /home/nipun/ros2_ws/install/custom_action_pkg/local/lib/python3.10/dist-packages/custom_action_pkg-0.0.0-py3.10.egg-info/SOURCES.txt
[12.123s] -- Symlinking: /home/nipun/ros2_ws/install/custom_action_pkg/local/lib/python3.10/dist-packages/custom_action_pkg-0.0.0-py3.10.egg-info/dependency_links.txt
[12.139s] -- Symlinking: /home/nipun/ros2_ws/install/custom_action_pkg/local/lib/python3.10/dist-packages/custom_action_pkg-0.0.0-py3.10.egg-info/top_level.txt
[12.157s] -- Symlinking: /home/nipun/ros2_ws/install/custom_action_pkg/local/lib/python3.10/dist-packages/custom_action_pkg/__init__.py
[12.172s] -- Symlinking: /home/nipun/ros2_ws/install/custom_action_pkg/local/lib/python3.10/dist-packages/custom_action_pkg/_custom_action_pkg_s.ep.rosidl_typesupport_c.c
[12.187s] -- Symlinking: /home/nipun/ros2_ws/install/custom_action_pkg/local/lib/python3.10/dist-packages/custom_action_pkg/_custom_action_pkg_s.ep.rosidl_typesupport_fastrtps_c.c
[12.204s] -- Symlinking: /home/nipun/ros2_ws/install/custom_action_pkg/local/lib/python3.10/dist-packages/custom_action_pkg/_custom_action_pkg_s.ep.rosidl_typesupport_introspection_c.c
[12.219s] -- Symlinking: /home/nipun/ros2_ws/install/custom_action_pkg/local/lib/python3.10/dist-packages/custom_action_pkg/action/__init__.py
[12.236s] -- Symlinking: /home/nipun/ros2_ws/install/custom_action_pkg/local/lib/python3.10/dist-packages/custom_action_pkg/action/_count_down.py
[12.255s] -- Symlinking: /home/nipun/ros2_ws/install/custom_action_pkg/local/lib/python3.10/dist-packages/custom_action_pkg/action/_count_down_s.c
[12.274s] -- Symlinking: /home/nipun/ros2_ws/install/custom_action_pkg/local/lib/python3.10/dist-packages/custom_action_pkg/custom_action_pkg_s__rosidl_typesupport_c.cpython-310-x86_64-linux-gnu.so
[12.293s] -- Symlinking: /home/nipun/ros2_ws/install/custom_action_pkg/local/lib/python3.10/dist-packages/custom_action_pkg/custom_action_pkg_s__rosidl_typesupport_fastrtps_c.cpython-310-x86_64-linux-gnu.so
[12.309s] -- Symlinking: /home/nipun/ros2_ws/install/custom_action_pkg/local/lib/python3.10/dist-packages/custom_action_pkg/custom_action_pkg_s__rosidl_typesupport_introspection_c.cpython-310-x86_64-linux-gnu.so
[12.326s] -- Symlinking: /home/nipun/ros2_ws/install/custom_action_pkg/local/lib/python3.10/dist-packages/custom_action_pkg/libcustom_action_pkg__rosidl_generator_py.so
[12.341s] -- Up-to-date symlink: /home/nipun/ros2_ws/install/custom_action_pkg/local/lib/python3.10/dist-packages/custom_action_pkg/custom_action_pkg_s__rosidl_typesupport_fastrtps_c.cpython-310-x86_64-linux-gnu.so
[12.342s] -- Up-to-date symlink: /home/nipun/ros2_ws/install/custom_action_pkg/local/lib/python3.10/dist-packages/custom_action_pkg/custom_action_pkg_s__rosidl_typesupport_introspection_c.cpython-310-x86_64-linux-gnu.so
[12.342s] -- Up-to-date symlink: /home/nipun/ros2_ws/install/custom_action_pkg/local/lib/python3.10/dist-packages/custom_action_pkg/custom_action_pkg_s__rosidl_typesupport_c.cpython-310-x86_64-linux-gnu.so
[12.342s] -- Symlinking: /home/nipun/ros2_ws/install/custom_action_pkg/share/ament_index/resource_index/rust_packages/custom_action_pkg
[12.359s] -- Symlinking: /home/nipun/ros2_ws/install/custom_action_pkg/share/custom_action_pkg/rust/Cargo.toml
[12.375s] -- Symlinking: /home/nipun/ros2_ws/install/custom_action_pkg/share/custom_action_pkg/rust/build.rs
[12.392s] -- Symlinking: /home/nipun/ros2_ws/install/custom_action_pkg/share/custom_action_pkg/rust/src/action.rs
[12.409s] -- Symlinking: /home/nipun/ros2_ws/install/custom_action_pkg/share/custom_action_pkg/rust/src/action/rmw.rs
[12.423s] -- Symlinking: /home/nipun/ros2_ws/install/custom_action_pkg/share/custom_action_pkg/rust/src/lib.rs
[12.438s] -- Symlinking: /home/nipun/ros2_ws/install/custom_action_pkg/share/custom_action_pkg/action/CountDown.idl
[12.455s] -- Symlinking: /home/nipun/ros2_ws/install/custom_action_pkg/share/custom_action_pkg/action/CountDown.action
[12.472s] -- Symlinking: /home/nipun/ros2_ws/install/custom_action_pkg/local/lib/python3.10/dist-packages/custom_action_nodes-0.0.0-py3.10.egg-info/PKG-INFO
[12.489s] -- Symlinking: /home/nipun/ros2_ws/install/custom_action_pkg/local/lib/python3.10/dist-packages/custom_action_nodes-0.0.0-py3.10.egg-info/SOURCES.txt
[12.505s] -- Symlinking: /home/nipun/ros2_ws/install/custom_action_pkg/local/lib/python3.10/dist-packages/custom_action_nodes-0.0.0-py3.10.egg-info/dependency_links.txt
[12.522s] -- Symlinking: /home/nipun/ros2_ws/install/custom_action_pkg/local/lib/python3.10/dist-packages/custom_action_nodes-0.0.0-py3.10.egg-info/top_level.txt
[12.539s] -- Symlinking: /home/nipun/ros2_ws/install/custom_action_pkg/local/lib/python3.10/dist-packages/custom_action_nodes/__init__.py
[12.555s] -- Symlinking: /home/nipun/ros2_ws/install/custom_action_pkg/local/lib/python3.10/dist-packages/custom_action_nodes/action_client.py
[12.573s] -- Symlinking: /home/nipun/ros2_ws/install/custom_action_pkg/local/lib/python3.10/dist-packages/custom_action_nodes/action_server.py
[12.588s] -- Symlinking: /home/nipun/ros2_ws/install/custom_action_pkg/lib/custom_action_pkg/action_server
[12.602s] -- Symlinking: /home/nipun/ros2_ws/install/custom_action_pkg/lib/custom_action_pkg/action_client
[12.618s] -- Symlinking: /home/nipun/ros2_ws/install/custom_action_pkg/share/custom_action_pkg/launch/__pycache__/count_down.launch.cpython-310.pyc
[12.636s] -- Symlinking: /home/nipun/ros2_ws/install/custom_action_pkg/share/custom_action_pkg/launch/count_down.launch.py
[12.655s] -- Symlinking: /home/nipun/ros2_ws/install/custom_action_pkg/share/ament_index/resource_index/package_run_dependencies/custom_action_pkg
[12.671s] -- Symlinking: /home/nipun/ros2_ws/install/custom_action_pkg/share/ament_index/resource_index/parent_prefix_path/custom_action_pkg
[12.689s] -- Symlinking: /home/nipun/ros2_ws/install/custom_action_pkg/share/custom_action_pkg/environment/ament_prefix_path.sh
[12.705s] -- Symlinking: /home/nipun/ros2_ws/install/custom_action_pkg/share/custom_action_pkg/environment/ament_prefix_path.dsv
[12.725s] -- Symlinking: /home/nipun/ros2_ws/install/custom_action_pkg/share/custom_action_pkg/environment/path.sh
[12.740s] -- Symlinking: /home/nipun/ros2_ws/install/custom_action_pkg/share/custom_action_pkg/environment/path.dsv
[12.758s] -- Symlinking: /home/nipun/ros2_ws/install/custom_action_pkg/share/custom_action_pkg/local_setup.bash
[12.776s] -- Symlinking: /home/nipun/ros2_ws/install/custom_action_pkg/share/custom_action_pkg/local_setup.sh
[12.792s] -- Symlinking: /home/nipun/ros2_ws/install/custom_action_pkg/share/custom_action_pkg/local_setup.zsh
[12.808s] -- Symlinking: /home/nipun/ros2_ws/install/custom_action_pkg/share/custom_action_pkg/local_setup.dsv
[12.825s] -- Symlinking: /home/nipun/ros2_ws/install/custom_action_pkg/share/custom_action_pkg/package.dsv
[12.842s] -- Symlinking: /home/nipun/ros2_ws/install/custom_action_pkg/share/ament_index/resource_index/packages/custom_action_pkg
[12.858s] -- Symlinking: /home/nipun/ros2_ws/install/custom_action_pkg/share/custom_action_pkg/cmake/rosidl_cmake-extras.cmake
[12.875s] -- Symlinking: /home/nipun/ros2_ws/install/custom_action_pkg/share/custom_action_pkg/cmake/ament_cmake_export_dependencies-extras.cmake
[12.891s] -- Symlinking: /home/nipun/ros2_ws/install/custom_action_pkg/share/custom_action_pkg/cmake/ament_cmake_export_include_directories-extras.cmake
[12.908s] -- Symlinking: /home/nipun/ros2_ws/install/custom_action_pkg/share/custom_action_pkg/cmake/ament_cmake_export_libraries-extras.cmake
[12.925s] -- Symlinking: /home/nipun/ros2_ws/install/custom_action_pkg/share/custom_action_pkg/cmake/ament_cmake_export_targets-extras.cmake
[12.942s] -- Symlinking: /home/nipun/ros2_ws/install/custom_action_pkg/share/custom_action_pkg/cmake/rosidl_cmake_export_typesupport_targets-extras.cmake
[12.961s] -- Symlinking: /home/nipun/ros2_ws/install/custom_action_pkg/share/custom_action_pkg/cmake/rosidl_cmake_export_typesupport_libraries-extras.cmake
[12.981s] -- Symlinking: /home/nipun/ros2_ws/install/custom_action_pkg/share/custom_action_pkg/cmake/rosidl_cmake_aggregate_target-extras.cmake
[13.000s] -- Symlinking: /home/nipun/ros2_ws/install/custom_action_pkg/share/custom_action_pkg/cmake/custom_action_pkgConfig.cmake
[13.017s] -- Symlinking: /home/nipun/ros2_ws/install/custom_action_pkg/share/custom_action_pkg/cmake/custom_action_pkgConfig-version.cmake
[13.044s] -- Symlinking: /home/nipun/ros2_ws/install/custom_action_pkg/share/custom_action_pkg/package.xml
[13.067s] -- Installing: /home/nipun/ros2_ws/install/custom_action_pkg/lib/libcustom_action_pkg__rosidl_generator_c.so
[13.067s] -- Set runtime path of "/home/nipun/ros2_ws/install/custom_action_pkg/lib/libcustom_action_pkg__rosidl_generator_c.so" to ""
[13.067s] -- Installing: /home/nipun/ros2_ws/install/custom_action_pkg/lib/libcustom_action_pkg__rosidl_typesupport_fastrtps_c.so
[13.068s] -- Set runtime path of "/home/nipun/ros2_ws/install/custom_action_pkg/lib/libcustom_action_pkg__rosidl_typesupport_fastrtps_c.so" to ""
[13.068s] -- Installing: /home/nipun/ros2_ws/install/custom_action_pkg/lib/libcustom_action_pkg__rosidl_typesupport_introspection_c.so
[13.069s] -- Set runtime path of "/home/nipun/ros2_ws/install/custom_action_pkg/lib/libcustom_action_pkg__rosidl_typesupport_introspection_c.so" to ""
[13.070s] -- Installing: /home/nipun/ros2_ws/install/custom_action_pkg/lib/libcustom_action_pkg__rosidl_typesupport_c.so
[13.070s] -- Set runtime path of "/home/nipun/ros2_ws/install/custom_action_pkg/lib/libcustom_action_pkg__rosidl_typesupport_c.so" to ""
[13.070s] -- Installing: /home/nipun/ros2_ws/install/custom_action_pkg/lib/libcustom_action_pkg__rosidl_typesupport_fastrtps_cpp.so
[13.072s] -- Set runtime path of "/home/nipun/ros2_ws/install/custom_action_pkg/lib/libcustom_action_pkg__rosidl_typesupport_fastrtps_cpp.so" to ""
[13.072s] -- Installing: /home/nipun/ros2_ws/install/custom_action_pkg/lib/libcustom_action_pkg__rosidl_typesupport_introspection_cpp.so
[13.072s] -- Set runtime path of "/home/nipun/ros2_ws/install/custom_action_pkg/lib/libcustom_action_pkg__rosidl_typesupport_introspection_cpp.so" to ""
[13.072s] -- Installing: /home/nipun/ros2_ws/install/custom_action_pkg/lib/libcustom_action_pkg__rosidl_typesupport_cpp.so
[13.073s] -- Set runtime path of "/home/nipun/ros2_ws/install/custom_action_pkg/lib/libcustom_action_pkg__rosidl_typesupport_cpp.so" to ""
[13.161s] Listing '/home/nipun/ros2_ws/install/custom_action_pkg/local/lib/python3.10/dist-packages/custom_action_pkg'...
[13.162s] Compiling '/home/nipun/ros2_ws/install/custom_action_pkg/local/lib/python3.10/dist-packages/custom_action_pkg/__init__.py'...
[13.162s] Listing '/home/nipun/ros2_ws/install/custom_action_pkg/local/lib/python3.10/dist-packages/custom_action_pkg/action'...
[13.162s] Compiling '/home/nipun/ros2_ws/install/custom_action_pkg/local/lib/python3.10/dist-packages/custom_action_pkg/action/__init__.py'...
[13.162s] Compiling '/home/nipun/ros2_ws/install/custom_action_pkg/local/lib/python3.10/dist-packages/custom_action_pkg/action/_count_down.py'...
[13.172s] -- Installing: /home/nipun/ros2_ws/install/custom_action_pkg/lib/libcustom_action_pkg__rosidl_generator_py.so
[13.173s] -- Set runtime path of "/home/nipun/ros2_ws/install/custom_action_pkg/lib/libcustom_action_pkg__rosidl_generator_py.so" to ""
[13.244s] Listing '/home/nipun/ros2_ws/install/custom_action_pkg/local/lib/python3.10/dist-packages/custom_action_nodes'...
[13.244s] Compiling '/home/nipun/ros2_ws/install/custom_action_pkg/local/lib/python3.10/dist-packages/custom_action_nodes/__init__.py'...
[13.244s] Compiling '/home/nipun/ros2_ws/install/custom_action_pkg/local/lib/python3.10/dist-packages/custom_action_nodes/action_client.py'...
[13.244s] Compiling '/home/nipun/ros2_ws/install/custom_action_pkg/local/lib/python3.10/dist-packages/custom_action_nodes/action_server.py'...
[13.253s] -- Installing: /home/nipun/ros2_ws/install/custom_action_pkg/share/custom_action_pkg/cmake/export_custom_action_pkg__rosidl_generator_cExport.cmake
[13.254s] -- Installing: /home/nipun/ros2_ws/install/custom_action_pkg/share/custom_action_pkg/cmake/export_custom_action_pkg__rosidl_generator_cExport-noconfig.cmake
[13.254s] -- Installing: /home/nipun/ros2_ws/install/custom_action_pkg/share/custom_action_pkg/cmake/export_custom_action_pkg__rosidl_typesupport_fastrtps_cExport.cmake
[13.254s] -- Installing: /home/nipun/ros2_ws/install/custom_action_pkg/share/custom_action_pkg/cmake/export_custom_action_pkg__rosidl_typesupport_fastrtps_cExport-noconfig.cmake
[13.254s] -- Installing: /home/nipun/ros2_ws/install/custom_action_pkg/share/custom_action_pkg/cmake/custom_action_pkg__rosidl_typesupport_introspection_cExport.cmake
[13.255s] -- Installing: /home/nipun/ros2_ws/install/custom_action_pkg/share/custom_action_pkg/cmake/custom_action_pkg__rosidl_typesupport_introspection_cExport-noconfig.cmake
[13.255s] -- Installing: /home/nipun/ros2_ws/install/custom_action_pkg/share/custom_action_pkg/cmake/custom_action_pkg__rosidl_typesupport_cExport.cmake
[13.255s] -- Installing: /home/nipun/ros2_ws/install/custom_action_pkg/share/custom_action_pkg/cmake/custom_action_pkg__rosidl_typesupport_cExport-noconfig.cmake
[13.255s] -- Installing: /home/nipun/ros2_ws/install/custom_action_pkg/share/custom_action_pkg/cmake/export_custom_action_pkg__rosidl_generator_cppExport.cmake
[13.256s] -- Installing: /home/nipun/ros2_ws/install/custom_action_pkg/share/custom_action_pkg/cmake/export_custom_action_pkg__rosidl_typesupport_fastrtps_cppExport.cmake
[13.256s] -- Installing: /home/nipun/ros2_ws/install/custom_action_pkg/share/custom_action_pkg/cmake/export_custom_action_pkg__rosidl_typesupport_fastrtps_cppExport-noconfig.cmake
[13.256s] -- Installing: /home/nipun/ros2_ws/install/custom_action_pkg/share/custom_action_pkg/cmake/custom_action_pkg__rosidl_typesupport_introspection_cppExport.cmake
[13.256s] -- Installing: /home/nipun/ros2_ws/install/custom_action_pkg/share/custom_action_pkg/cmake/custom_action_pkg__rosidl_typesupport_introspection_cppExport-noconfig.cmake
[13.256s] -- Installing: /home/nipun/ros2_ws/install/custom_action_pkg/share/custom_action_pkg/cmake/custom_action_pkg__rosidl_typesupport_cppExport.cmake
[13.256s] -- Installing: /home/nipun/ros2_ws/install/custom_action_pkg/share/custom_action_pkg/cmake/custom_action_pkg__rosidl_typesupport_cppExport-noconfig.cmake
[13.256s] -- Installing: /home/nipun/ros2_ws/install/custom_action_pkg/share/custom_action_pkg/cmake/export_custom_action_pkg__rosidl_generator_pyExport.cmake
[13.257s] -- Installing: /home/nipun/ros2_ws/install/custom_action_pkg/share/custom_action_pkg/cmake/export_custom_action_pkg__rosidl_generator_pyExport-noconfig.cmake
[13.261s] Invoked command in '/home/nipun/ros2_ws/build/custom_action_pkg' returned '0': CMAKE_PREFIX_PATH=/opt/ros/humble /usr/bin/cmake --install /home/nipun/ros2_ws/build/custom_action_pkg
