[0.423s] DEBUG:colcon:Command line arguments: ['/usr/bin/colcon', 'build', '--packages-select', 'custom_action_pkg', '--symlink-install', '--cmake-clean-cache']
[0.424s] DEBUG:colcon:Parsed command line arguments: Namespace(log_base=None, log_level=None, verb_name='build', build_base='build', install_base='install', merge_install=False, symlink_install=True, test_result_base=None, continue_on_error=False, executor='parallel', parallel_workers=12, event_handlers=None, ignore_user_meta=False, metas=['./colcon.meta'], base_paths=['.'], packages_ignore=None, packages_ignore_regex=None, paths=None, packages_up_to=None, packages_up_to_regex=None, packages_above=None, packages_above_and_dependencies=None, packages_above_depth=None, packages_select_by_dep=None, packages_skip_by_dep=None, packages_skip_up_to=None, packages_select_build_failed=False, packages_skip_build_finished=False, packages_select_test_failures=False, packages_skip_test_passed=False, packages_select=['custom_action_pkg'], packages_skip=None, packages_select_regex=None, packages_skip_regex=None, packages_start=None, packages_end=None, allow_overriding=[], cmake_args=None, cmake_target=None, cmake_target_skip_unavailable=False, cmake_clean_cache=True, cmake_clean_first=False, cmake_force_configure=False, ament_cmake_args=None, catkin_cmake_args=None, catkin_skip_building_tests=False, verb_parser=<colcon_defaults.argument_parser.defaults.DefaultArgumentsDecorator object at 0x778ddce2db70>, verb_extension=<colcon_core.verb.build.BuildVerb object at 0x778ddcf638e0>, main=<bound method BuildVerb.main of <colcon_core.verb.build.BuildVerb object at 0x778ddcf638e0>>)
[0.943s] Level 1:colcon.colcon_core.package_discovery:discover_packages(colcon_meta) check parameters
[0.943s] Level 1:colcon.colcon_core.package_discovery:discover_packages(recursive) check parameters
[0.943s] Level 1:colcon.colcon_core.package_discovery:discover_packages(ignore) check parameters
[0.943s] Level 1:colcon.colcon_core.package_discovery:discover_packages(path) check parameters
[0.944s] Level 1:colcon.colcon_core.package_discovery:discover_packages(colcon_meta) discover
[0.944s] Level 1:colcon.colcon_core.package_discovery:discover_packages(recursive) discover
[0.944s] INFO:colcon.colcon_core.package_discovery:Crawling recursively for packages in '/home/nipun/ros2_ws'
[0.944s] Level 1:colcon.colcon_core.package_identification:_identify(.) by extensions ['ignore', 'ignore_ament_install']
[0.944s] Level 1:colcon.colcon_core.package_identification:_identify(.) by extension 'ignore'
[0.944s] Level 1:colcon.colcon_core.package_identification:_identify(.) by extension 'ignore_ament_install'
[0.945s] Level 1:colcon.colcon_core.package_identification:_identify(.) by extensions ['colcon_pkg']
[0.945s] Level 1:colcon.colcon_core.package_identification:_identify(.) by extension 'colcon_pkg'
[0.945s] Level 1:colcon.colcon_core.package_identification:_identify(.) by extensions ['colcon_meta']
[0.945s] Level 1:colcon.colcon_core.package_identification:_identify(.) by extension 'colcon_meta'
[0.945s] Level 1:colcon.colcon_core.package_identification:_identify(.) by extensions ['ros']
[0.945s] Level 1:colcon.colcon_core.package_identification:_identify(.) by extension 'ros'
[0.971s] Level 1:colcon.colcon_core.package_identification:_identify(.) by extensions ['cmake', 'python']
[0.971s] Level 1:colcon.colcon_core.package_identification:_identify(.) by extension 'cmake'
[0.971s] Level 1:colcon.colcon_core.package_identification:_identify(.) by extension 'python'
[0.971s] Level 1:colcon.colcon_core.package_identification:_identify(.) by extensions ['python_setup_py']
[0.971s] Level 1:colcon.colcon_core.package_identification:_identify(.) by extension 'python_setup_py'
[0.971s] Level 1:colcon.colcon_core.package_identification:_identify(build) by extensions ['ignore', 'ignore_ament_install']
[0.972s] Level 1:colcon.colcon_core.package_identification:_identify(build) by extension 'ignore'
[0.972s] Level 1:colcon.colcon_core.package_identification:_identify(build) ignored
[0.972s] Level 1:colcon.colcon_core.package_identification:_identify(custom_action_pkg) by extensions ['ignore', 'ignore_ament_install']
[0.972s] Level 1:colcon.colcon_core.package_identification:_identify(custom_action_pkg) by extension 'ignore'
[0.972s] Level 1:colcon.colcon_core.package_identification:_identify(custom_action_pkg) by extension 'ignore_ament_install'
[0.972s] Level 1:colcon.colcon_core.package_identification:_identify(custom_action_pkg) by extensions ['colcon_pkg']
[0.972s] Level 1:colcon.colcon_core.package_identification:_identify(custom_action_pkg) by extension 'colcon_pkg'
[0.973s] Level 1:colcon.colcon_core.package_identification:_identify(custom_action_pkg) by extensions ['colcon_meta']
[0.973s] Level 1:colcon.colcon_core.package_identification:_identify(custom_action_pkg) by extension 'colcon_meta'
[0.973s] Level 1:colcon.colcon_core.package_identification:_identify(custom_action_pkg) by extensions ['ros']
[0.973s] Level 1:colcon.colcon_core.package_identification:_identify(custom_action_pkg) by extension 'ros'
[0.980s] DEBUG:colcon.colcon_core.package_identification:Package 'custom_action_pkg' with type 'ros.ament_cmake' and name 'custom_action_pkg'
[0.983s] Level 1:colcon.colcon_core.package_identification:_identify(custom_msg_pkg) by extensions ['ignore', 'ignore_ament_install']
[0.984s] Level 1:colcon.colcon_core.package_identification:_identify(custom_msg_pkg) by extension 'ignore'
[0.984s] Level 1:colcon.colcon_core.package_identification:_identify(custom_msg_pkg) by extension 'ignore_ament_install'
[0.984s] Level 1:colcon.colcon_core.package_identification:_identify(custom_msg_pkg) by extensions ['colcon_pkg']
[0.984s] Level 1:colcon.colcon_core.package_identification:_identify(custom_msg_pkg) by extension 'colcon_pkg'
[0.984s] Level 1:colcon.colcon_core.package_identification:_identify(custom_msg_pkg) by extensions ['colcon_meta']
[0.984s] Level 1:colcon.colcon_core.package_identification:_identify(custom_msg_pkg) by extension 'colcon_meta'
[0.985s] Level 1:colcon.colcon_core.package_identification:_identify(custom_msg_pkg) by extensions ['ros']
[0.985s] Level 1:colcon.colcon_core.package_identification:_identify(custom_msg_pkg) by extension 'ros'
[0.987s] DEBUG:colcon.colcon_core.package_identification:Package 'custom_msg_pkg' with type 'ros.ament_python' and name 'custom_msg_pkg'
[0.987s] Level 1:colcon.colcon_core.package_identification:_identify(install) by extensions ['ignore', 'ignore_ament_install']
[0.988s] Level 1:colcon.colcon_core.package_identification:_identify(install) by extension 'ignore'
[0.988s] Level 1:colcon.colcon_core.package_identification:_identify(install) ignored
[0.988s] Level 1:colcon.colcon_core.package_identification:_identify(log) by extensions ['ignore', 'ignore_ament_install']
[0.989s] Level 1:colcon.colcon_core.package_identification:_identify(log) by extension 'ignore'
[0.989s] Level 1:colcon.colcon_core.package_identification:_identify(log) ignored
[0.989s] Level 1:colcon.colcon_core.package_identification:_identify(sensor_pipeline) by extensions ['ignore', 'ignore_ament_install']
[0.989s] Level 1:colcon.colcon_core.package_identification:_identify(sensor_pipeline) by extension 'ignore'
[0.989s] Level 1:colcon.colcon_core.package_identification:_identify(sensor_pipeline) by extension 'ignore_ament_install'
[0.989s] Level 1:colcon.colcon_core.package_identification:_identify(sensor_pipeline) by extensions ['colcon_pkg']
[0.990s] Level 1:colcon.colcon_core.package_identification:_identify(sensor_pipeline) by extension 'colcon_pkg'
[0.990s] Level 1:colcon.colcon_core.package_identification:_identify(sensor_pipeline) by extensions ['colcon_meta']
[0.990s] Level 1:colcon.colcon_core.package_identification:_identify(sensor_pipeline) by extension 'colcon_meta'
[0.990s] Level 1:colcon.colcon_core.package_identification:_identify(sensor_pipeline) by extensions ['ros']
[0.990s] Level 1:colcon.colcon_core.package_identification:_identify(sensor_pipeline) by extension 'ros'
[0.993s] DEBUG:colcon.colcon_core.package_identification:Package 'sensor_pipeline' with type 'ros.ament_python' and name 'sensor_pipeline'
[0.993s] Level 1:colcon.colcon_core.package_identification:_identify(task3) by extensions ['ignore', 'ignore_ament_install']
[0.994s] Level 1:colcon.colcon_core.package_identification:_identify(task3) by extension 'ignore'
[0.994s] Level 1:colcon.colcon_core.package_identification:_identify(task3) by extension 'ignore_ament_install'
[0.994s] Level 1:colcon.colcon_core.package_identification:_identify(task3) by extensions ['colcon_pkg']
[0.994s] Level 1:colcon.colcon_core.package_identification:_identify(task3) by extension 'colcon_pkg'
[0.994s] Level 1:colcon.colcon_core.package_identification:_identify(task3) by extensions ['colcon_meta']
[0.995s] Level 1:colcon.colcon_core.package_identification:_identify(task3) by extension 'colcon_meta'
[0.995s] Level 1:colcon.colcon_core.package_identification:_identify(task3) by extensions ['ros']
[0.995s] Level 1:colcon.colcon_core.package_identification:_identify(task3) by extension 'ros'
[1.000s] DEBUG:colcon.colcon_core.package_identification:Package 'task3' with type 'ros.ament_python' and name 'task3'
[1.001s] Level 1:colcon.colcon_core.package_discovery:discover_packages(recursive) using defaults
[1.001s] Level 1:colcon.colcon_core.package_discovery:discover_packages(ignore) discover
[1.001s] Level 1:colcon.colcon_core.package_discovery:discover_packages(ignore) using defaults
[1.001s] Level 1:colcon.colcon_core.package_discovery:discover_packages(path) discover
[1.001s] Level 1:colcon.colcon_core.package_discovery:discover_packages(path) using defaults
[1.081s] INFO:colcon.colcon_core.package_selection:Skipping not selected package 'custom_msg_pkg' in 'custom_msg_pkg'
[1.081s] INFO:colcon.colcon_core.package_selection:Skipping not selected package 'sensor_pipeline' in 'sensor_pipeline'
[1.081s] INFO:colcon.colcon_core.package_selection:Skipping not selected package 'task3' in 'task3'
[1.083s] Level 1:colcon.colcon_core.package_discovery:discover_packages(prefix_path) check parameters
[1.083s] Level 1:colcon.colcon_core.package_discovery:discover_packages(prefix_path) discover
[1.088s] DEBUG:colcon.colcon_installed_package_information.package_discovery:Found 1 installed packages in /home/nipun/ros2_ws/install
[1.091s] DEBUG:colcon.colcon_installed_package_information.package_discovery:Found 273 installed packages in /opt/ros/humble
[1.095s] Level 1:colcon.colcon_core.package_discovery:discover_packages(prefix_path) using defaults
[1.203s] Level 5:colcon.colcon_core.verb:set package 'custom_action_pkg' build argument 'cmake_args' from command line to 'None'
[1.203s] Level 5:colcon.colcon_core.verb:set package 'custom_action_pkg' build argument 'cmake_target' from command line to 'None'
[1.203s] Level 5:colcon.colcon_core.verb:set package 'custom_action_pkg' build argument 'cmake_target_skip_unavailable' from command line to 'False'
[1.203s] Level 5:colcon.colcon_core.verb:set package 'custom_action_pkg' build argument 'cmake_clean_cache' from command line to 'True'
[1.203s] Level 5:colcon.colcon_core.verb:set package 'custom_action_pkg' build argument 'cmake_clean_first' from command line to 'False'
[1.203s] Level 5:colcon.colcon_core.verb:set package 'custom_action_pkg' build argument 'cmake_force_configure' from command line to 'False'
[1.203s] Level 5:colcon.colcon_core.verb:set package 'custom_action_pkg' build argument 'ament_cmake_args' from command line to 'None'
[1.203s] Level 5:colcon.colcon_core.verb:set package 'custom_action_pkg' build argument 'catkin_cmake_args' from command line to 'None'
[1.203s] Level 5:colcon.colcon_core.verb:set package 'custom_action_pkg' build argument 'catkin_skip_building_tests' from command line to 'False'
[1.203s] DEBUG:colcon.colcon_core.verb:Building package 'custom_action_pkg' with the following arguments: {'ament_cmake_args': None, 'build_base': '/home/nipun/ros2_ws/build/custom_action_pkg', 'catkin_cmake_args': None, 'catkin_skip_building_tests': False, 'cmake_args': None, 'cmake_clean_cache': True, 'cmake_clean_first': False, 'cmake_force_configure': False, 'cmake_target': None, 'cmake_target_skip_unavailable': False, 'install_base': '/home/nipun/ros2_ws/install/custom_action_pkg', 'merge_install': False, 'path': '/home/nipun/ros2_ws/custom_action_pkg', 'symlink_install': True, 'test_result_base': None}
[1.204s] INFO:colcon.colcon_core.executor:Executing jobs using 'parallel' executor
[1.206s] DEBUG:colcon.colcon_parallel_executor.executor.parallel:run_until_complete
[1.207s] INFO:colcon.colcon_ros.task.ament_cmake.build:Building ROS package in '/home/nipun/ros2_ws/custom_action_pkg' with build type 'ament_cmake'
[1.207s] INFO:colcon.colcon_cmake.task.cmake.build:Building CMake package in '/home/nipun/ros2_ws/custom_action_pkg'
[1.216s] INFO:colcon.colcon_core.plugin_system:Skipping extension 'colcon_core.shell.bat': Not used on non-Windows systems
[1.216s] INFO:colcon.colcon_core.shell:Skip shell extension 'powershell' for command environment: Not usable outside of PowerShell
[1.216s] DEBUG:colcon.colcon_core.shell:Skip shell extension 'dsv' for command environment
[1.236s] DEBUG:colcon.colcon_core.event_handler.log_command:Invoking command in '/home/nipun/ros2_ws/build/custom_action_pkg': CMAKE_PREFIX_PATH=/opt/ros/humble /usr/bin/cmake /home/nipun/ros2_ws/custom_action_pkg -DAMENT_CMAKE_SYMLINK_INSTALL=1 -DCMAKE_INSTALL_PREFIX=/home/nipun/ros2_ws/install/custom_action_pkg
[6.385s] DEBUG:colcon.colcon_core.event_handler.log_command:Invoked command in '/home/nipun/ros2_ws/build/custom_action_pkg' returned '0': CMAKE_PREFIX_PATH=/opt/ros/humble /usr/bin/cmake /home/nipun/ros2_ws/custom_action_pkg -DAMENT_CMAKE_SYMLINK_INSTALL=1 -DCMAKE_INSTALL_PREFIX=/home/nipun/ros2_ws/install/custom_action_pkg
[6.388s] DEBUG:colcon.colcon_core.event_handler.log_command:Invoking command in '/home/nipun/ros2_ws/build/custom_action_pkg': CMAKE_PREFIX_PATH=/opt/ros/humble /usr/bin/cmake --build /home/nipun/ros2_ws/build/custom_action_pkg -- -j12 -l12
[12.888s] DEBUG:colcon.colcon_core.event_handler.log_command:Invoked command in '/home/nipun/ros2_ws/build/custom_action_pkg' returned '0': CMAKE_PREFIX_PATH=/opt/ros/humble /usr/bin/cmake --build /home/nipun/ros2_ws/build/custom_action_pkg -- -j12 -l12
[12.905s] DEBUG:colcon.colcon_core.event_handler.log_command:Invoking command in '/home/nipun/ros2_ws/build/custom_action_pkg': CMAKE_PREFIX_PATH=/opt/ros/humble /usr/bin/cmake --install /home/nipun/ros2_ws/build/custom_action_pkg
[14.467s] Level 1:colcon.colcon_core.environment:create_environment_scripts_only(custom_action_pkg)
[14.468s] DEBUG:colcon.colcon_core.event_handler.log_command:Invoked command in '/home/nipun/ros2_ws/build/custom_action_pkg' returned '0': CMAKE_PREFIX_PATH=/opt/ros/humble /usr/bin/cmake --install /home/nipun/ros2_ws/build/custom_action_pkg
[14.477s] Level 1:colcon.colcon_core.environment:checking '/home/nipun/ros2_ws/install/custom_action_pkg' for CMake module files
[14.479s] Level 1:colcon.colcon_core.environment:checking '/home/nipun/ros2_ws/install/custom_action_pkg' for CMake config files
[14.481s] Level 1:colcon.colcon_core.shell:create_environment_hook('custom_action_pkg', 'cmake_prefix_path')
[14.481s] INFO:colcon.colcon_core.shell:Creating environment hook '/home/nipun/ros2_ws/install/custom_action_pkg/share/custom_action_pkg/hook/cmake_prefix_path.ps1'
[14.483s] INFO:colcon.colcon_core.shell:Creating environment descriptor '/home/nipun/ros2_ws/install/custom_action_pkg/share/custom_action_pkg/hook/cmake_prefix_path.dsv'
[14.484s] INFO:colcon.colcon_core.shell:Creating environment hook '/home/nipun/ros2_ws/install/custom_action_pkg/share/custom_action_pkg/hook/cmake_prefix_path.sh'
[14.486s] Level 1:colcon.colcon_core.environment:checking '/home/nipun/ros2_ws/install/custom_action_pkg/lib'
[14.486s] Level 1:colcon.colcon_core.shell:create_environment_hook('custom_action_pkg', 'ld_library_path_lib')
[14.487s] INFO:colcon.colcon_core.shell:Creating environment hook '/home/nipun/ros2_ws/install/custom_action_pkg/share/custom_action_pkg/hook/ld_library_path_lib.ps1'
[14.488s] INFO:colcon.colcon_core.shell:Creating environment descriptor '/home/nipun/ros2_ws/install/custom_action_pkg/share/custom_action_pkg/hook/ld_library_path_lib.dsv'
[14.489s] INFO:colcon.colcon_core.shell:Creating environment hook '/home/nipun/ros2_ws/install/custom_action_pkg/share/custom_action_pkg/hook/ld_library_path_lib.sh'
[14.490s] Level 1:colcon.colcon_core.environment:checking '/home/nipun/ros2_ws/install/custom_action_pkg/bin'
[14.490s] Level 1:colcon.colcon_core.environment:checking '/home/nipun/ros2_ws/install/custom_action_pkg/lib/pkgconfig/custom_action_pkg.pc'
[14.491s] Level 1:colcon.colcon_core.environment:checking '/home/nipun/ros2_ws/install/custom_action_pkg/lib/python3.10/site-packages'
[14.491s] Level 1:colcon.colcon_core.environment:checking '/home/nipun/ros2_ws/install/custom_action_pkg/bin'
[14.492s] INFO:colcon.colcon_core.shell:Creating package script '/home/nipun/ros2_ws/install/custom_action_pkg/share/custom_action_pkg/package.ps1'
[14.494s] INFO:colcon.colcon_core.shell:Creating package descriptor '/home/nipun/ros2_ws/install/custom_action_pkg/share/custom_action_pkg/package.dsv'
[14.496s] INFO:colcon.colcon_core.shell:Creating package script '/home/nipun/ros2_ws/install/custom_action_pkg/share/custom_action_pkg/package.sh'
[14.498s] INFO:colcon.colcon_core.shell:Creating package script '/home/nipun/ros2_ws/install/custom_action_pkg/share/custom_action_pkg/package.bash'
[14.499s] INFO:colcon.colcon_core.shell:Creating package script '/home/nipun/ros2_ws/install/custom_action_pkg/share/custom_action_pkg/package.zsh'
[14.500s] Level 1:colcon.colcon_core.environment:create_file_with_runtime_dependencies(/home/nipun/ros2_ws/install/custom_action_pkg/share/colcon-core/packages/custom_action_pkg)
[14.502s] Level 1:colcon.colcon_core.environment:create_environment_scripts_only(custom_action_pkg)
[14.502s] Level 1:colcon.colcon_core.environment:checking '/home/nipun/ros2_ws/install/custom_action_pkg' for CMake module files
[14.503s] Level 1:colcon.colcon_core.environment:checking '/home/nipun/ros2_ws/install/custom_action_pkg' for CMake config files
[14.505s] Level 1:colcon.colcon_core.shell:create_environment_hook('custom_action_pkg', 'cmake_prefix_path')
[14.506s] INFO:colcon.colcon_core.shell:Creating environment hook '/home/nipun/ros2_ws/install/custom_action_pkg/share/custom_action_pkg/hook/cmake_prefix_path.ps1'
[14.506s] INFO:colcon.colcon_core.shell:Creating environment descriptor '/home/nipun/ros2_ws/install/custom_action_pkg/share/custom_action_pkg/hook/cmake_prefix_path.dsv'
[14.507s] INFO:colcon.colcon_core.shell:Creating environment hook '/home/nipun/ros2_ws/install/custom_action_pkg/share/custom_action_pkg/hook/cmake_prefix_path.sh'
[14.508s] Level 1:colcon.colcon_core.environment:checking '/home/nipun/ros2_ws/install/custom_action_pkg/lib'
[14.508s] Level 1:colcon.colcon_core.shell:create_environment_hook('custom_action_pkg', 'ld_library_path_lib')
[14.508s] INFO:colcon.colcon_core.shell:Creating environment hook '/home/nipun/ros2_ws/install/custom_action_pkg/share/custom_action_pkg/hook/ld_library_path_lib.ps1'
[14.509s] INFO:colcon.colcon_core.shell:Creating environment descriptor '/home/nipun/ros2_ws/install/custom_action_pkg/share/custom_action_pkg/hook/ld_library_path_lib.dsv'
[14.510s] INFO:colcon.colcon_core.shell:Creating environment hook '/home/nipun/ros2_ws/install/custom_action_pkg/share/custom_action_pkg/hook/ld_library_path_lib.sh'
[14.510s] Level 1:colcon.colcon_core.environment:checking '/home/nipun/ros2_ws/install/custom_action_pkg/bin'
[14.511s] Level 1:colcon.colcon_core.environment:checking '/home/nipun/ros2_ws/install/custom_action_pkg/lib/pkgconfig/custom_action_pkg.pc'
[14.511s] Level 1:colcon.colcon_core.environment:checking '/home/nipun/ros2_ws/install/custom_action_pkg/lib/python3.10/site-packages'
[14.512s] Level 1:colcon.colcon_core.environment:checking '/home/nipun/ros2_ws/install/custom_action_pkg/bin'
[14.512s] INFO:colcon.colcon_core.shell:Creating package script '/home/nipun/ros2_ws/install/custom_action_pkg/share/custom_action_pkg/package.ps1'
[14.514s] INFO:colcon.colcon_core.shell:Creating package descriptor '/home/nipun/ros2_ws/install/custom_action_pkg/share/custom_action_pkg/package.dsv'
[14.515s] INFO:colcon.colcon_core.shell:Creating package script '/home/nipun/ros2_ws/install/custom_action_pkg/share/custom_action_pkg/package.sh'
[14.516s] INFO:colcon.colcon_core.shell:Creating package script '/home/nipun/ros2_ws/install/custom_action_pkg/share/custom_action_pkg/package.bash'
[14.516s] INFO:colcon.colcon_core.shell:Creating package script '/home/nipun/ros2_ws/install/custom_action_pkg/share/custom_action_pkg/package.zsh'
[14.517s] Level 1:colcon.colcon_core.environment:create_file_with_runtime_dependencies(/home/nipun/ros2_ws/install/custom_action_pkg/share/colcon-core/packages/custom_action_pkg)
[14.518s] DEBUG:colcon.colcon_parallel_executor.executor.parallel:closing loop
[14.518s] DEBUG:colcon.colcon_parallel_executor.executor.parallel:loop closed
[14.518s] DEBUG:colcon.colcon_parallel_executor.executor.parallel:run_until_complete finished with '0'
[14.519s] DEBUG:colcon.colcon_core.event_reactor:joining thread
[14.533s] INFO:colcon.colcon_core.plugin_system:Skipping extension 'colcon_notification.desktop_notification.terminal_notifier': Not used on non-Darwin systems
[14.533s] INFO:colcon.colcon_core.plugin_system:Skipping extension 'colcon_notification.desktop_notification.win32': Not used on non-Windows systems
[14.533s] INFO:colcon.colcon_notification.desktop_notification:Sending desktop notification using 'notify2'
[14.561s] DEBUG:colcon.colcon_core.event_reactor:joined thread
[14.562s] INFO:colcon.colcon_core.shell:Creating prefix script '/home/nipun/ros2_ws/install/local_setup.ps1'
[14.564s] INFO:colcon.colcon_core.shell:Creating prefix util module '/home/nipun/ros2_ws/install/_local_setup_util_ps1.py'
[14.568s] INFO:colcon.colcon_core.shell:Creating prefix chain script '/home/nipun/ros2_ws/install/setup.ps1'
[14.570s] INFO:colcon.colcon_core.shell:Creating prefix script '/home/nipun/ros2_ws/install/local_setup.sh'
[14.572s] INFO:colcon.colcon_core.shell:Creating prefix util module '/home/nipun/ros2_ws/install/_local_setup_util_sh.py'
[14.573s] INFO:colcon.colcon_core.shell:Creating prefix chain script '/home/nipun/ros2_ws/install/setup.sh'
[14.575s] INFO:colcon.colcon_core.shell:Creating prefix script '/home/nipun/ros2_ws/install/local_setup.bash'
[14.577s] INFO:colcon.colcon_core.shell:Creating prefix chain script '/home/nipun/ros2_ws/install/setup.bash'
[14.579s] INFO:colcon.colcon_core.shell:Creating prefix script '/home/nipun/ros2_ws/install/local_setup.zsh'
[14.580s] INFO:colcon.colcon_core.shell:Creating prefix chain script '/home/nipun/ros2_ws/install/setup.zsh'
