[0.231s] DEBUG:colcon:Command line arguments: ['/usr/bin/colcon', 'build', '--packages-select', 'custom_action_pkg', '--symlink-install']
[0.231s] DEBUG:colcon:Parsed command line arguments: Namespace(log_base=None, log_level=None, verb_name='build', build_base='build', install_base='install', merge_install=False, symlink_install=True, test_result_base=None, continue_on_error=False, executor='parallel', parallel_workers=12, event_handlers=None, ignore_user_meta=False, metas=['./colcon.meta'], base_paths=['.'], packages_ignore=None, packages_ignore_regex=None, paths=None, packages_up_to=None, packages_up_to_regex=None, packages_above=None, packages_above_and_dependencies=None, packages_above_depth=None, packages_select_by_dep=None, packages_skip_by_dep=None, packages_skip_up_to=None, packages_select_build_failed=False, packages_skip_build_finished=False, packages_select_test_failures=False, packages_skip_test_passed=False, packages_select=['custom_action_pkg'], packages_skip=None, packages_select_regex=None, packages_skip_regex=None, packages_start=None, packages_end=None, allow_overriding=[], cmake_args=None, cmake_target=None, cmake_target_skip_unavailable=False, cmake_clean_cache=False, cmake_clean_first=False, cmake_force_configure=False, ament_cmake_args=None, catkin_cmake_args=None, catkin_skip_building_tests=False, verb_parser=<colcon_defaults.argument_parser.defaults.DefaultArgumentsDecorator object at 0x7355d7061de0>, verb_extension=<colcon_core.verb.build.BuildVerb object at 0x7355d716fb50>, main=<bound method BuildVerb.main of <colcon_core.verb.build.BuildVerb object at 0x7355d716fb50>>)
[0.629s] Level 1:colcon.colcon_core.package_discovery:discover_packages(colcon_meta) check parameters
[0.629s] Level 1:colcon.colcon_core.package_discovery:discover_packages(recursive) check parameters
[0.629s] Level 1:colcon.colcon_core.package_discovery:discover_packages(ignore) check parameters
[0.629s] Level 1:colcon.colcon_core.package_discovery:discover_packages(path) check parameters
[0.629s] Level 1:colcon.colcon_core.package_discovery:discover_packages(colcon_meta) discover
[0.630s] Level 1:colcon.colcon_core.package_discovery:discover_packages(recursive) discover
[0.630s] INFO:colcon.colcon_core.package_discovery:Crawling recursively for packages in '/home/nipun/ros2_ws'
[0.630s] Level 1:colcon.colcon_core.package_identification:_identify(.) by extensions ['ignore', 'ignore_ament_install']
[0.630s] Level 1:colcon.colcon_core.package_identification:_identify(.) by extension 'ignore'
[0.630s] Level 1:colcon.colcon_core.package_identification:_identify(.) by extension 'ignore_ament_install'
[0.630s] Level 1:colcon.colcon_core.package_identification:_identify(.) by extensions ['colcon_pkg']
[0.630s] Level 1:colcon.colcon_core.package_identification:_identify(.) by extension 'colcon_pkg'
[0.630s] Level 1:colcon.colcon_core.package_identification:_identify(.) by extensions ['colcon_meta']
[0.630s] Level 1:colcon.colcon_core.package_identification:_identify(.) by extension 'colcon_meta'
[0.631s] Level 1:colcon.colcon_core.package_identification:_identify(.) by extensions ['ros']
[0.631s] Level 1:colcon.colcon_core.package_identification:_identify(.) by extension 'ros'
[0.654s] Level 1:colcon.colcon_core.package_identification:_identify(.) by extensions ['cmake', 'python']
[0.654s] Level 1:colcon.colcon_core.package_identification:_identify(.) by extension 'cmake'
[0.654s] Level 1:colcon.colcon_core.package_identification:_identify(.) by extension 'python'
[0.654s] Level 1:colcon.colcon_core.package_identification:_identify(.) by extensions ['python_setup_py']
[0.654s] Level 1:colcon.colcon_core.package_identification:_identify(.) by extension 'python_setup_py'
[0.654s] Level 1:colcon.colcon_core.package_identification:_identify(build) by extensions ['ignore', 'ignore_ament_install']
[0.654s] Level 1:colcon.colcon_core.package_identification:_identify(build) by extension 'ignore'
[0.655s] Level 1:colcon.colcon_core.package_identification:_identify(build) ignored
[0.655s] Level 1:colcon.colcon_core.package_identification:_identify(custom_action_pkg) by extensions ['ignore', 'ignore_ament_install']
[0.655s] Level 1:colcon.colcon_core.package_identification:_identify(custom_action_pkg) by extension 'ignore'
[0.655s] Level 1:colcon.colcon_core.package_identification:_identify(custom_action_pkg) by extension 'ignore_ament_install'
[0.655s] Level 1:colcon.colcon_core.package_identification:_identify(custom_action_pkg) by extensions ['colcon_pkg']
[0.655s] Level 1:colcon.colcon_core.package_identification:_identify(custom_action_pkg) by extension 'colcon_pkg'
[0.655s] Level 1:colcon.colcon_core.package_identification:_identify(custom_action_pkg) by extensions ['colcon_meta']
[0.655s] Level 1:colcon.colcon_core.package_identification:_identify(custom_action_pkg) by extension 'colcon_meta'
[0.655s] Level 1:colcon.colcon_core.package_identification:_identify(custom_action_pkg) by extensions ['ros']
[0.655s] Level 1:colcon.colcon_core.package_identification:_identify(custom_action_pkg) by extension 'ros'
[0.661s] DEBUG:colcon.colcon_core.package_identification:Package 'custom_action_pkg' with type 'ros.ament_cmake' and name 'custom_action_pkg'
[0.662s] Level 1:colcon.colcon_core.package_identification:_identify(custom_msg_pkg) by extensions ['ignore', 'ignore_ament_install']
[0.662s] Level 1:colcon.colcon_core.package_identification:_identify(custom_msg_pkg) by extension 'ignore'
[0.662s] Level 1:colcon.colcon_core.package_identification:_identify(custom_msg_pkg) by extension 'ignore_ament_install'
[0.662s] Level 1:colcon.colcon_core.package_identification:_identify(custom_msg_pkg) by extensions ['colcon_pkg']
[0.662s] Level 1:colcon.colcon_core.package_identification:_identify(custom_msg_pkg) by extension 'colcon_pkg'
[0.662s] Level 1:colcon.colcon_core.package_identification:_identify(custom_msg_pkg) by extensions ['colcon_meta']
[0.662s] Level 1:colcon.colcon_core.package_identification:_identify(custom_msg_pkg) by extension 'colcon_meta'
[0.663s] Level 1:colcon.colcon_core.package_identification:_identify(custom_msg_pkg) by extensions ['ros']
[0.663s] Level 1:colcon.colcon_core.package_identification:_identify(custom_msg_pkg) by extension 'ros'
[0.664s] DEBUG:colcon.colcon_core.package_identification:Package 'custom_msg_pkg' with type 'ros.ament_python' and name 'custom_msg_pkg'
[0.664s] Level 1:colcon.colcon_core.package_identification:_identify(install) by extensions ['ignore', 'ignore_ament_install']
[0.664s] Level 1:colcon.colcon_core.package_identification:_identify(install) by extension 'ignore'
[0.664s] Level 1:colcon.colcon_core.package_identification:_identify(install) ignored
[0.665s] Level 1:colcon.colcon_core.package_identification:_identify(log) by extensions ['ignore', 'ignore_ament_install']
[0.665s] Level 1:colcon.colcon_core.package_identification:_identify(log) by extension 'ignore'
[0.665s] Level 1:colcon.colcon_core.package_identification:_identify(log) ignored
[0.665s] Level 1:colcon.colcon_core.package_identification:_identify(sensor_pipeline) by extensions ['ignore', 'ignore_ament_install']
[0.665s] Level 1:colcon.colcon_core.package_identification:_identify(sensor_pipeline) by extension 'ignore'
[0.665s] Level 1:colcon.colcon_core.package_identification:_identify(sensor_pipeline) by extension 'ignore_ament_install'
[0.665s] Level 1:colcon.colcon_core.package_identification:_identify(sensor_pipeline) by extensions ['colcon_pkg']
[0.665s] Level 1:colcon.colcon_core.package_identification:_identify(sensor_pipeline) by extension 'colcon_pkg'
[0.665s] Level 1:colcon.colcon_core.package_identification:_identify(sensor_pipeline) by extensions ['colcon_meta']
[0.665s] Level 1:colcon.colcon_core.package_identification:_identify(sensor_pipeline) by extension 'colcon_meta'
[0.666s] Level 1:colcon.colcon_core.package_identification:_identify(sensor_pipeline) by extensions ['ros']
[0.666s] Level 1:colcon.colcon_core.package_identification:_identify(sensor_pipeline) by extension 'ros'
[0.667s] DEBUG:colcon.colcon_core.package_identification:Package 'sensor_pipeline' with type 'ros.ament_python' and name 'sensor_pipeline'
[0.667s] Level 1:colcon.colcon_core.package_identification:_identify(task3) by extensions ['ignore', 'ignore_ament_install']
[0.667s] Level 1:colcon.colcon_core.package_identification:_identify(task3) by extension 'ignore'
[0.667s] Level 1:colcon.colcon_core.package_identification:_identify(task3) by extension 'ignore_ament_install'
[0.667s] Level 1:colcon.colcon_core.package_identification:_identify(task3) by extensions ['colcon_pkg']
[0.667s] Level 1:colcon.colcon_core.package_identification:_identify(task3) by extension 'colcon_pkg'
[0.667s] Level 1:colcon.colcon_core.package_identification:_identify(task3) by extensions ['colcon_meta']
[0.667s] Level 1:colcon.colcon_core.package_identification:_identify(task3) by extension 'colcon_meta'
[0.667s] Level 1:colcon.colcon_core.package_identification:_identify(task3) by extensions ['ros']
[0.667s] Level 1:colcon.colcon_core.package_identification:_identify(task3) by extension 'ros'
[0.672s] DEBUG:colcon.colcon_core.package_identification:Package 'task3' with type 'ros.ament_python' and name 'task3'
[0.672s] Level 1:colcon.colcon_core.package_discovery:discover_packages(recursive) using defaults
[0.672s] Level 1:colcon.colcon_core.package_discovery:discover_packages(ignore) discover
[0.672s] Level 1:colcon.colcon_core.package_discovery:discover_packages(ignore) using defaults
[0.672s] Level 1:colcon.colcon_core.package_discovery:discover_packages(path) discover
[0.672s] Level 1:colcon.colcon_core.package_discovery:discover_packages(path) using defaults
[0.795s] INFO:colcon.colcon_core.package_selection:Skipping not selected package 'custom_msg_pkg' in 'custom_msg_pkg'
[0.796s] INFO:colcon.colcon_core.package_selection:Skipping not selected package 'sensor_pipeline' in 'sensor_pipeline'
[0.796s] INFO:colcon.colcon_core.package_selection:Skipping not selected package 'task3' in 'task3'
[0.798s] Level 1:colcon.colcon_core.package_discovery:discover_packages(prefix_path) check parameters
[0.799s] Level 1:colcon.colcon_core.package_discovery:discover_packages(prefix_path) discover
[0.811s] DEBUG:colcon.colcon_installed_package_information.package_discovery:Found 1 installed packages in /home/nipun/ros2_ws/install
[0.820s] DEBUG:colcon.colcon_installed_package_information.package_discovery:Found 273 installed packages in /opt/ros/humble
[0.831s] Level 1:colcon.colcon_core.package_discovery:discover_packages(prefix_path) using defaults
[1.083s] Level 5:colcon.colcon_core.verb:set package 'custom_action_pkg' build argument 'cmake_args' from command line to 'None'
[1.084s] Level 5:colcon.colcon_core.verb:set package 'custom_action_pkg' build argument 'cmake_target' from command line to 'None'
[1.084s] Level 5:colcon.colcon_core.verb:set package 'custom_action_pkg' build argument 'cmake_target_skip_unavailable' from command line to 'False'
[1.084s] Level 5:colcon.colcon_core.verb:set package 'custom_action_pkg' build argument 'cmake_clean_cache' from command line to 'False'
[1.084s] Level 5:colcon.colcon_core.verb:set package 'custom_action_pkg' build argument 'cmake_clean_first' from command line to 'False'
[1.084s] Level 5:colcon.colcon_core.verb:set package 'custom_action_pkg' build argument 'cmake_force_configure' from command line to 'False'
[1.084s] Level 5:colcon.colcon_core.verb:set package 'custom_action_pkg' build argument 'ament_cmake_args' from command line to 'None'
[1.084s] Level 5:colcon.colcon_core.verb:set package 'custom_action_pkg' build argument 'catkin_cmake_args' from command line to 'None'
[1.084s] Level 5:colcon.colcon_core.verb:set package 'custom_action_pkg' build argument 'catkin_skip_building_tests' from command line to 'False'
[1.085s] DEBUG:colcon.colcon_core.verb:Building package 'custom_action_pkg' with the following arguments: {'ament_cmake_args': None, 'build_base': '/home/nipun/ros2_ws/build/custom_action_pkg', 'catkin_cmake_args': None, 'catkin_skip_building_tests': False, 'cmake_args': None, 'cmake_clean_cache': False, 'cmake_clean_first': False, 'cmake_force_configure': False, 'cmake_target': None, 'cmake_target_skip_unavailable': False, 'install_base': '/home/nipun/ros2_ws/install/custom_action_pkg', 'merge_install': False, 'path': '/home/nipun/ros2_ws/custom_action_pkg', 'symlink_install': True, 'test_result_base': None}
[1.085s] INFO:colcon.colcon_core.executor:Executing jobs using 'parallel' executor
[1.089s] DEBUG:colcon.colcon_parallel_executor.executor.parallel:run_until_complete
[1.091s] INFO:colcon.colcon_ros.task.ament_cmake.build:Building ROS package in '/home/nipun/ros2_ws/custom_action_pkg' with build type 'ament_cmake'
[1.092s] INFO:colcon.colcon_cmake.task.cmake.build:Building CMake package in '/home/nipun/ros2_ws/custom_action_pkg'
[1.106s] INFO:colcon.colcon_core.plugin_system:Skipping extension 'colcon_core.shell.bat': Not used on non-Windows systems
[1.107s] INFO:colcon.colcon_core.shell:Skip shell extension 'powershell' for command environment: Not usable outside of PowerShell
[1.107s] DEBUG:colcon.colcon_core.shell:Skip shell extension 'dsv' for command environment
[1.161s] DEBUG:colcon.colcon_core.event_handler.log_command:Invoking command in '/home/nipun/ros2_ws/build/custom_action_pkg': CMAKE_PREFIX_PATH=${CMAKE_PREFIX_PATH}:/opt/ros/humble /usr/bin/cmake --build /home/nipun/ros2_ws/build/custom_action_pkg -- -j12 -l12
[2.229s] DEBUG:colcon.colcon_core.event_handler.log_command:Invoked command in '/home/nipun/ros2_ws/build/custom_action_pkg' returned '0': CMAKE_PREFIX_PATH=${CMAKE_PREFIX_PATH}:/opt/ros/humble /usr/bin/cmake --build /home/nipun/ros2_ws/build/custom_action_pkg -- -j12 -l12
[2.251s] DEBUG:colcon.colcon_core.event_handler.log_command:Invoking command in '/home/nipun/ros2_ws/build/custom_action_pkg': CMAKE_PREFIX_PATH=${CMAKE_PREFIX_PATH}:/opt/ros/humble /usr/bin/cmake --install /home/nipun/ros2_ws/build/custom_action_pkg
[2.526s] Level 1:colcon.colcon_core.environment:create_environment_scripts_only(custom_action_pkg)
[2.527s] DEBUG:colcon.colcon_core.event_handler.log_command:Invoked command in '/home/nipun/ros2_ws/build/custom_action_pkg' returned '0': CMAKE_PREFIX_PATH=${CMAKE_PREFIX_PATH}:/opt/ros/humble /usr/bin/cmake --install /home/nipun/ros2_ws/build/custom_action_pkg
[2.531s] Level 1:colcon.colcon_core.environment:checking '/home/nipun/ros2_ws/install/custom_action_pkg' for CMake module files
[2.534s] Level 1:colcon.colcon_core.environment:checking '/home/nipun/ros2_ws/install/custom_action_pkg' for CMake config files
[2.536s] Level 1:colcon.colcon_core.shell:create_environment_hook('custom_action_pkg', 'cmake_prefix_path')
[2.537s] INFO:colcon.colcon_core.shell:Creating environment hook '/home/nipun/ros2_ws/install/custom_action_pkg/share/custom_action_pkg/hook/cmake_prefix_path.ps1'
[2.539s] INFO:colcon.colcon_core.shell:Creating environment descriptor '/home/nipun/ros2_ws/install/custom_action_pkg/share/custom_action_pkg/hook/cmake_prefix_path.dsv'
[2.540s] INFO:colcon.colcon_core.shell:Creating environment hook '/home/nipun/ros2_ws/install/custom_action_pkg/share/custom_action_pkg/hook/cmake_prefix_path.sh'
[2.542s] Level 1:colcon.colcon_core.environment:checking '/home/nipun/ros2_ws/install/custom_action_pkg/lib'
[2.542s] Level 1:colcon.colcon_core.shell:create_environment_hook('custom_action_pkg', 'ld_library_path_lib')
[2.543s] INFO:colcon.colcon_core.shell:Creating environment hook '/home/nipun/ros2_ws/install/custom_action_pkg/share/custom_action_pkg/hook/ld_library_path_lib.ps1'
[2.544s] INFO:colcon.colcon_core.shell:Creating environment descriptor '/home/nipun/ros2_ws/install/custom_action_pkg/share/custom_action_pkg/hook/ld_library_path_lib.dsv'
[2.545s] INFO:colcon.colcon_core.shell:Creating environment hook '/home/nipun/ros2_ws/install/custom_action_pkg/share/custom_action_pkg/hook/ld_library_path_lib.sh'
[2.545s] Level 1:colcon.colcon_core.environment:checking '/home/nipun/ros2_ws/install/custom_action_pkg/bin'
[2.546s] Level 1:colcon.colcon_core.environment:checking '/home/nipun/ros2_ws/install/custom_action_pkg/lib/pkgconfig/custom_action_pkg.pc'
[2.546s] Level 1:colcon.colcon_core.environment:checking '/home/nipun/ros2_ws/install/custom_action_pkg/lib/python3.10/site-packages'
[2.547s] Level 1:colcon.colcon_core.environment:checking '/home/nipun/ros2_ws/install/custom_action_pkg/bin'
[2.547s] INFO:colcon.colcon_core.shell:Creating package script '/home/nipun/ros2_ws/install/custom_action_pkg/share/custom_action_pkg/package.ps1'
[2.550s] INFO:colcon.colcon_core.shell:Creating package descriptor '/home/nipun/ros2_ws/install/custom_action_pkg/share/custom_action_pkg/package.dsv'
[2.551s] INFO:colcon.colcon_core.shell:Creating package script '/home/nipun/ros2_ws/install/custom_action_pkg/share/custom_action_pkg/package.sh'
[2.553s] INFO:colcon.colcon_core.shell:Creating package script '/home/nipun/ros2_ws/install/custom_action_pkg/share/custom_action_pkg/package.bash'
[2.554s] INFO:colcon.colcon_core.shell:Creating package script '/home/nipun/ros2_ws/install/custom_action_pkg/share/custom_action_pkg/package.zsh'
[2.556s] Level 1:colcon.colcon_core.environment:create_file_with_runtime_dependencies(/home/nipun/ros2_ws/install/custom_action_pkg/share/colcon-core/packages/custom_action_pkg)
[2.557s] Level 1:colcon.colcon_core.environment:create_environment_scripts_only(custom_action_pkg)
[2.557s] Level 1:colcon.colcon_core.environment:checking '/home/nipun/ros2_ws/install/custom_action_pkg' for CMake module files
[2.559s] Level 1:colcon.colcon_core.environment:checking '/home/nipun/ros2_ws/install/custom_action_pkg' for CMake config files
[2.561s] Level 1:colcon.colcon_core.shell:create_environment_hook('custom_action_pkg', 'cmake_prefix_path')
[2.561s] INFO:colcon.colcon_core.shell:Creating environment hook '/home/nipun/ros2_ws/install/custom_action_pkg/share/custom_action_pkg/hook/cmake_prefix_path.ps1'
[2.562s] INFO:colcon.colcon_core.shell:Creating environment descriptor '/home/nipun/ros2_ws/install/custom_action_pkg/share/custom_action_pkg/hook/cmake_prefix_path.dsv'
[2.563s] INFO:colcon.colcon_core.shell:Creating environment hook '/home/nipun/ros2_ws/install/custom_action_pkg/share/custom_action_pkg/hook/cmake_prefix_path.sh'
[2.564s] Level 1:colcon.colcon_core.environment:checking '/home/nipun/ros2_ws/install/custom_action_pkg/lib'
[2.565s] Level 1:colcon.colcon_core.shell:create_environment_hook('custom_action_pkg', 'ld_library_path_lib')
[2.565s] INFO:colcon.colcon_core.shell:Creating environment hook '/home/nipun/ros2_ws/install/custom_action_pkg/share/custom_action_pkg/hook/ld_library_path_lib.ps1'
[2.566s] INFO:colcon.colcon_core.shell:Creating environment descriptor '/home/nipun/ros2_ws/install/custom_action_pkg/share/custom_action_pkg/hook/ld_library_path_lib.dsv'
[2.567s] INFO:colcon.colcon_core.shell:Creating environment hook '/home/nipun/ros2_ws/install/custom_action_pkg/share/custom_action_pkg/hook/ld_library_path_lib.sh'
[2.567s] Level 1:colcon.colcon_core.environment:checking '/home/nipun/ros2_ws/install/custom_action_pkg/bin'
[2.568s] Level 1:colcon.colcon_core.environment:checking '/home/nipun/ros2_ws/install/custom_action_pkg/lib/pkgconfig/custom_action_pkg.pc'
[2.568s] Level 1:colcon.colcon_core.environment:checking '/home/nipun/ros2_ws/install/custom_action_pkg/lib/python3.10/site-packages'
[2.569s] Level 1:colcon.colcon_core.environment:checking '/home/nipun/ros2_ws/install/custom_action_pkg/bin'
[2.570s] INFO:colcon.colcon_core.shell:Creating package script '/home/nipun/ros2_ws/install/custom_action_pkg/share/custom_action_pkg/package.ps1'
[2.571s] INFO:colcon.colcon_core.shell:Creating package descriptor '/home/nipun/ros2_ws/install/custom_action_pkg/share/custom_action_pkg/package.dsv'
[2.572s] INFO:colcon.colcon_core.shell:Creating package script '/home/nipun/ros2_ws/install/custom_action_pkg/share/custom_action_pkg/package.sh'
[2.573s] INFO:colcon.colcon_core.shell:Creating package script '/home/nipun/ros2_ws/install/custom_action_pkg/share/custom_action_pkg/package.bash'
[2.574s] INFO:colcon.colcon_core.shell:Creating package script '/home/nipun/ros2_ws/install/custom_action_pkg/share/custom_action_pkg/package.zsh'
[2.575s] Level 1:colcon.colcon_core.environment:create_file_with_runtime_dependencies(/home/nipun/ros2_ws/install/custom_action_pkg/share/colcon-core/packages/custom_action_pkg)
[2.575s] DEBUG:colcon.colcon_parallel_executor.executor.parallel:closing loop
[2.576s] DEBUG:colcon.colcon_parallel_executor.executor.parallel:loop closed
[2.576s] DEBUG:colcon.colcon_parallel_executor.executor.parallel:run_until_complete finished with '0'
[2.576s] DEBUG:colcon.colcon_core.event_reactor:joining thread
[2.588s] INFO:colcon.colcon_core.plugin_system:Skipping extension 'colcon_notification.desktop_notification.terminal_notifier': Not used on non-Darwin systems
[2.588s] INFO:colcon.colcon_core.plugin_system:Skipping extension 'colcon_notification.desktop_notification.win32': Not used on non-Windows systems
[2.588s] INFO:colcon.colcon_notification.desktop_notification:Sending desktop notification using 'notify2'
[2.623s] DEBUG:colcon.colcon_core.event_reactor:joined thread
[2.624s] INFO:colcon.colcon_core.shell:Creating prefix script '/home/nipun/ros2_ws/install/local_setup.ps1'
[2.626s] INFO:colcon.colcon_core.shell:Creating prefix util module '/home/nipun/ros2_ws/install/_local_setup_util_ps1.py'
[2.629s] INFO:colcon.colcon_core.shell:Creating prefix chain script '/home/nipun/ros2_ws/install/setup.ps1'
[2.632s] INFO:colcon.colcon_core.shell:Creating prefix script '/home/nipun/ros2_ws/install/local_setup.sh'
[2.634s] INFO:colcon.colcon_core.shell:Creating prefix util module '/home/nipun/ros2_ws/install/_local_setup_util_sh.py'
[2.637s] INFO:colcon.colcon_core.shell:Creating prefix chain script '/home/nipun/ros2_ws/install/setup.sh'
[2.640s] INFO:colcon.colcon_core.shell:Creating prefix script '/home/nipun/ros2_ws/install/local_setup.bash'
[2.643s] INFO:colcon.colcon_core.shell:Creating prefix chain script '/home/nipun/ros2_ws/install/setup.bash'
[2.648s] INFO:colcon.colcon_core.shell:Creating prefix script '/home/nipun/ros2_ws/install/local_setup.zsh'
[2.651s] INFO:colcon.colcon_core.shell:Creating prefix chain script '/home/nipun/ros2_ws/install/setup.zsh'
