[0.015s] Invoking command in '/home/nipun/ros2_ws/build/custom_action_pkg': CMAKE_PREFIX_PATH=${CMAKE_PREFIX_PATH}:/opt/ros/humble /usr/bin/cmake --build /home/nipun/ros2_ws/build/custom_action_pkg -- -j12 -l12
[0.108s] [  9%] Built target custom_action_pkg__rosidl_generator_c
[0.109s] [ 12%] Built target custom_action_pkg__rs
[0.112s] [ 15%] Built target custom_action_pkg__cpp
[0.131s] [ 15%] Built target ament_cmake_python_symlink_custom_action_pkg
[0.133s] [ 15%] Built target ament_cmake_python_symlink_custom_action_nodes
[0.157s] [ 25%] Built target custom_action_pkg__rosidl_typesupport_introspection_c
[0.160s] [ 34%] Built target custom_action_pkg__rosidl_typesupport_c
[0.161s] [ 43%] Built target custom_action_pkg__rosidl_typesupport_cpp
[0.167s] [ 53%] Built target custom_action_pkg__rosidl_typesupport_fastrtps_c
[0.169s] [ 62%] Built target custom_action_pkg__rosidl_typesupport_fastrtps_cpp
[0.173s] [ 71%] Built target custom_action_pkg__rosidl_typesupport_introspection_cpp
[0.215s] [ 71%] Built target custom_action_pkg
[0.257s] [ 75%] Built target custom_action_pkg__py
[0.303s] [ 81%] Built target custom_action_pkg__rosidl_generator_py
[0.350s] [ 87%] Built target custom_action_pkg__rosidl_typesupport_fastrtps_c__pyext
[0.351s] [ 93%] Built target custom_action_pkg__rosidl_typesupport_introspection_c__pyext
[0.353s] [100%] Built target custom_action_pkg__rosidl_typesupport_c__pyext
[0.588s] running egg_info
[0.590s] writing custom_action_pkg.egg-info/PKG-INFO
[0.590s] writing dependency_links to custom_action_pkg.egg-info/dependency_links.txt
[0.591s] writing top-level names to custom_action_pkg.egg-info/top_level.txt
[0.594s] reading manifest file 'custom_action_pkg.egg-info/SOURCES.txt'
[0.595s] writing manifest file 'custom_action_pkg.egg-info/SOURCES.txt'
[0.595s] running egg_info
[0.597s] writing custom_action_nodes.egg-info/PKG-INFO
[0.597s] writing dependency_links to custom_action_nodes.egg-info/dependency_links.txt
[0.597s] writing top-level names to custom_action_nodes.egg-info/top_level.txt
[0.602s] reading manifest file 'custom_action_nodes.egg-info/SOURCES.txt'
[0.603s] writing manifest file 'custom_action_nodes.egg-info/SOURCES.txt'
[0.651s] [100%] Built target ament_cmake_python_build_custom_action_pkg_egg
[0.660s] [100%] Built target ament_cmake_python_build_custom_action_nodes_egg
[0.683s] Invoked command in '/home/nipun/ros2_ws/build/custom_action_pkg' returned '0': CMAKE_PREFIX_PATH=${CMAKE_PREFIX_PATH}:/opt/ros/humble /usr/bin/cmake --build /home/nipun/ros2_ws/build/custom_action_pkg -- -j12 -l12
[0.701s] Invoking command in '/home/nipun/ros2_ws/build/custom_action_pkg': CMAKE_PREFIX_PATH=${CMAKE_PREFIX_PATH}:/opt/ros/humble /usr/bin/cmake --install /home/nipun/ros2_ws/build/custom_action_pkg
[0.716s] -- Install configuration: ""
[0.717s] -- Execute custom install script
[0.717s] -- Up-to-date symlink: /home/nipun/ros2_ws/install/custom_action_pkg/share/ament_index/resource_index/rosidl_interfaces/custom_action_pkg
[0.718s] -- Up-to-date symlink: /home/nipun/ros2_ws/install/custom_action_pkg/include/custom_action_pkg/custom_action_pkg/action/count_down.h
[0.718s] -- Up-to-date symlink: /home/nipun/ros2_ws/install/custom_action_pkg/include/custom_action_pkg/custom_action_pkg/action/detail/count_down__functions.h
[0.718s] -- Up-to-date symlink: /home/nipun/ros2_ws/install/custom_action_pkg/include/custom_action_pkg/custom_action_pkg/action/detail/count_down__struct.h
[0.718s] -- Up-to-date symlink: /home/nipun/ros2_ws/install/custom_action_pkg/include/custom_action_pkg/custom_action_pkg/action/detail/count_down__type_support.h
[0.719s] -- Up-to-date symlink: /home/nipun/ros2_ws/install/custom_action_pkg/include/custom_action_pkg/custom_action_pkg/msg/rosidl_generator_c__visibility_control.h
[0.719s] -- Up-to-date symlink: /home/nipun/ros2_ws/install/custom_action_pkg/share/custom_action_pkg/environment/library_path.sh
[0.719s] -- Up-to-date symlink: /home/nipun/ros2_ws/install/custom_action_pkg/share/custom_action_pkg/environment/library_path.dsv
[0.719s] -- Up-to-date symlink: /home/nipun/ros2_ws/install/custom_action_pkg/include/custom_action_pkg/custom_action_pkg/action/detail/count_down__rosidl_typesupport_fastrtps_c.h
[0.720s] -- Up-to-date symlink: /home/nipun/ros2_ws/install/custom_action_pkg/include/custom_action_pkg/custom_action_pkg/msg/rosidl_typesupport_fastrtps_c__visibility_control.h
[0.720s] -- Up-to-date symlink: /home/nipun/ros2_ws/install/custom_action_pkg/include/custom_action_pkg/custom_action_pkg/action/detail/count_down__rosidl_typesupport_introspection_c.h
[0.720s] -- Up-to-date symlink: /home/nipun/ros2_ws/install/custom_action_pkg/include/custom_action_pkg/custom_action_pkg/msg/rosidl_typesupport_introspection_c__visibility_control.h
[0.721s] -- Up-to-date symlink: /home/nipun/ros2_ws/install/custom_action_pkg/include/custom_action_pkg/custom_action_pkg/action/count_down.hpp
[0.721s] -- Up-to-date symlink: /home/nipun/ros2_ws/install/custom_action_pkg/include/custom_action_pkg/custom_action_pkg/action/detail/count_down__builder.hpp
[0.721s] -- Up-to-date symlink: /home/nipun/ros2_ws/install/custom_action_pkg/include/custom_action_pkg/custom_action_pkg/action/detail/count_down__struct.hpp
[0.721s] -- Up-to-date symlink: /home/nipun/ros2_ws/install/custom_action_pkg/include/custom_action_pkg/custom_action_pkg/action/detail/count_down__traits.hpp
[0.721s] -- Up-to-date symlink: /home/nipun/ros2_ws/install/custom_action_pkg/include/custom_action_pkg/custom_action_pkg/action/detail/count_down__type_support.hpp
[0.721s] -- Up-to-date symlink: /home/nipun/ros2_ws/install/custom_action_pkg/include/custom_action_pkg/custom_action_pkg/msg/rosidl_generator_cpp__visibility_control.hpp
[0.722s] -- Up-to-date symlink: /home/nipun/ros2_ws/install/custom_action_pkg/include/custom_action_pkg/custom_action_pkg/action/detail/count_down__rosidl_typesupport_fastrtps_cpp.hpp
[0.722s] -- Up-to-date symlink: /home/nipun/ros2_ws/install/custom_action_pkg/include/custom_action_pkg/custom_action_pkg/msg/rosidl_typesupport_fastrtps_cpp__visibility_control.h
[0.722s] -- Up-to-date symlink: /home/nipun/ros2_ws/install/custom_action_pkg/include/custom_action_pkg/custom_action_pkg/action/detail/count_down__rosidl_typesupport_introspection_cpp.hpp
[0.722s] -- Up-to-date symlink: /home/nipun/ros2_ws/install/custom_action_pkg/share/custom_action_pkg/environment/pythonpath.sh
[0.723s] -- Up-to-date symlink: /home/nipun/ros2_ws/install/custom_action_pkg/share/custom_action_pkg/environment/pythonpath.dsv
[0.723s] -- Up-to-date symlink: /home/nipun/ros2_ws/install/custom_action_pkg/local/lib/python3.10/dist-packages/custom_action_pkg-0.0.0-py3.10.egg-info/PKG-INFO
[0.723s] -- Up-to-date symlink: /home/nipun/ros2_ws/install/custom_action_pkg/local/lib/python3.10/dist-packages/custom_action_pkg-0.0.0-py3.10.egg-info/SOURCES.txt
[0.723s] -- Up-to-date symlink: /home/nipun/ros2_ws/install/custom_action_pkg/local/lib/python3.10/dist-packages/custom_action_pkg-0.0.0-py3.10.egg-info/dependency_links.txt
[0.723s] -- Up-to-date symlink: /home/nipun/ros2_ws/install/custom_action_pkg/local/lib/python3.10/dist-packages/custom_action_pkg-0.0.0-py3.10.egg-info/top_level.txt
[0.724s] -- Up-to-date symlink: /home/nipun/ros2_ws/install/custom_action_pkg/local/lib/python3.10/dist-packages/custom_action_pkg/__init__.py
[0.724s] -- Up-to-date symlink: /home/nipun/ros2_ws/install/custom_action_pkg/local/lib/python3.10/dist-packages/custom_action_pkg/_custom_action_pkg_s.ep.rosidl_typesupport_c.c
[0.725s] -- Up-to-date symlink: /home/nipun/ros2_ws/install/custom_action_pkg/local/lib/python3.10/dist-packages/custom_action_pkg/_custom_action_pkg_s.ep.rosidl_typesupport_fastrtps_c.c
[0.725s] -- Up-to-date symlink: /home/nipun/ros2_ws/install/custom_action_pkg/local/lib/python3.10/dist-packages/custom_action_pkg/_custom_action_pkg_s.ep.rosidl_typesupport_introspection_c.c
[0.725s] -- Up-to-date symlink: /home/nipun/ros2_ws/install/custom_action_pkg/local/lib/python3.10/dist-packages/custom_action_pkg/action/__init__.py
[0.725s] -- Up-to-date symlink: /home/nipun/ros2_ws/install/custom_action_pkg/local/lib/python3.10/dist-packages/custom_action_pkg/action/_count_down.py
[0.725s] -- Up-to-date symlink: /home/nipun/ros2_ws/install/custom_action_pkg/local/lib/python3.10/dist-packages/custom_action_pkg/action/_count_down_s.c
[0.725s] -- Up-to-date symlink: /home/nipun/ros2_ws/install/custom_action_pkg/local/lib/python3.10/dist-packages/custom_action_pkg/custom_action_pkg_s__rosidl_typesupport_c.cpython-310-x86_64-linux-gnu.so
[0.725s] -- Up-to-date symlink: /home/nipun/ros2_ws/install/custom_action_pkg/local/lib/python3.10/dist-packages/custom_action_pkg/custom_action_pkg_s__rosidl_typesupport_fastrtps_c.cpython-310-x86_64-linux-gnu.so
[0.726s] -- Up-to-date symlink: /home/nipun/ros2_ws/install/custom_action_pkg/local/lib/python3.10/dist-packages/custom_action_pkg/custom_action_pkg_s__rosidl_typesupport_introspection_c.cpython-310-x86_64-linux-gnu.so
[0.726s] -- Up-to-date symlink: /home/nipun/ros2_ws/install/custom_action_pkg/local/lib/python3.10/dist-packages/custom_action_pkg/libcustom_action_pkg__rosidl_generator_py.so
[0.726s] -- Up-to-date symlink: /home/nipun/ros2_ws/install/custom_action_pkg/local/lib/python3.10/dist-packages/custom_action_pkg/custom_action_pkg_s__rosidl_typesupport_fastrtps_c.cpython-310-x86_64-linux-gnu.so
[0.726s] -- Up-to-date symlink: /home/nipun/ros2_ws/install/custom_action_pkg/local/lib/python3.10/dist-packages/custom_action_pkg/custom_action_pkg_s__rosidl_typesupport_introspection_c.cpython-310-x86_64-linux-gnu.so
[0.727s] -- Up-to-date symlink: /home/nipun/ros2_ws/install/custom_action_pkg/local/lib/python3.10/dist-packages/custom_action_pkg/custom_action_pkg_s__rosidl_typesupport_c.cpython-310-x86_64-linux-gnu.so
[0.727s] -- Up-to-date symlink: /home/nipun/ros2_ws/install/custom_action_pkg/share/ament_index/resource_index/rust_packages/custom_action_pkg
[0.727s] -- Up-to-date symlink: /home/nipun/ros2_ws/install/custom_action_pkg/share/custom_action_pkg/rust/Cargo.toml
[0.728s] -- Up-to-date symlink: /home/nipun/ros2_ws/install/custom_action_pkg/share/custom_action_pkg/rust/build.rs
[0.728s] -- Up-to-date symlink: /home/nipun/ros2_ws/install/custom_action_pkg/share/custom_action_pkg/rust/src/action.rs
[0.728s] -- Up-to-date symlink: /home/nipun/ros2_ws/install/custom_action_pkg/share/custom_action_pkg/rust/src/action/rmw.rs
[0.728s] -- Up-to-date symlink: /home/nipun/ros2_ws/install/custom_action_pkg/share/custom_action_pkg/rust/src/lib.rs
[0.728s] -- Up-to-date symlink: /home/nipun/ros2_ws/install/custom_action_pkg/share/custom_action_pkg/action/CountDown.idl
[0.728s] -- Up-to-date symlink: /home/nipun/ros2_ws/install/custom_action_pkg/share/custom_action_pkg/action/CountDown.action
[0.729s] -- Up-to-date symlink: /home/nipun/ros2_ws/install/custom_action_pkg/local/lib/python3.10/dist-packages/custom_action_nodes-0.0.0-py3.10.egg-info/PKG-INFO
[0.729s] -- Up-to-date symlink: /home/nipun/ros2_ws/install/custom_action_pkg/local/lib/python3.10/dist-packages/custom_action_nodes-0.0.0-py3.10.egg-info/SOURCES.txt
[0.729s] -- Up-to-date symlink: /home/nipun/ros2_ws/install/custom_action_pkg/local/lib/python3.10/dist-packages/custom_action_nodes-0.0.0-py3.10.egg-info/dependency_links.txt
[0.729s] -- Up-to-date symlink: /home/nipun/ros2_ws/install/custom_action_pkg/local/lib/python3.10/dist-packages/custom_action_nodes-0.0.0-py3.10.egg-info/top_level.txt
[0.730s] -- Up-to-date symlink: /home/nipun/ros2_ws/install/custom_action_pkg/local/lib/python3.10/dist-packages/custom_action_nodes/__init__.py
[0.730s] -- Up-to-date symlink: /home/nipun/ros2_ws/install/custom_action_pkg/local/lib/python3.10/dist-packages/custom_action_nodes/action_client.py
[0.730s] -- Up-to-date symlink: /home/nipun/ros2_ws/install/custom_action_pkg/local/lib/python3.10/dist-packages/custom_action_nodes/action_server.py
[0.730s] -- Up-to-date symlink: /home/nipun/ros2_ws/install/custom_action_pkg/lib/custom_action_pkg/action_server
[0.730s] -- Up-to-date symlink: /home/nipun/ros2_ws/install/custom_action_pkg/lib/custom_action_pkg/action_client
[0.731s] -- Up-to-date symlink: /home/nipun/ros2_ws/install/custom_action_pkg/share/custom_action_pkg/launch/count_down.launch.py
[0.731s] -- Up-to-date symlink: /home/nipun/ros2_ws/install/custom_action_pkg/share/ament_index/resource_index/package_run_dependencies/custom_action_pkg
[0.731s] -- Up-to-date symlink: /home/nipun/ros2_ws/install/custom_action_pkg/share/ament_index/resource_index/parent_prefix_path/custom_action_pkg
[0.731s] -- Up-to-date symlink: /home/nipun/ros2_ws/install/custom_action_pkg/share/custom_action_pkg/environment/ament_prefix_path.sh
[0.732s] -- Up-to-date symlink: /home/nipun/ros2_ws/install/custom_action_pkg/share/custom_action_pkg/environment/ament_prefix_path.dsv
[0.732s] -- Up-to-date symlink: /home/nipun/ros2_ws/install/custom_action_pkg/share/custom_action_pkg/environment/path.sh
[0.732s] -- Up-to-date symlink: /home/nipun/ros2_ws/install/custom_action_pkg/share/custom_action_pkg/environment/path.dsv
[0.732s] -- Up-to-date symlink: /home/nipun/ros2_ws/install/custom_action_pkg/share/custom_action_pkg/local_setup.bash
[0.732s] -- Up-to-date symlink: /home/nipun/ros2_ws/install/custom_action_pkg/share/custom_action_pkg/local_setup.sh
[0.732s] -- Up-to-date symlink: /home/nipun/ros2_ws/install/custom_action_pkg/share/custom_action_pkg/local_setup.zsh
[0.733s] -- Up-to-date symlink: /home/nipun/ros2_ws/install/custom_action_pkg/share/custom_action_pkg/local_setup.dsv
[0.733s] -- Symlinking: /home/nipun/ros2_ws/install/custom_action_pkg/share/custom_action_pkg/package.dsv
[0.749s] -- Up-to-date symlink: /home/nipun/ros2_ws/install/custom_action_pkg/share/ament_index/resource_index/packages/custom_action_pkg
[0.749s] -- Up-to-date symlink: /home/nipun/ros2_ws/install/custom_action_pkg/share/custom_action_pkg/cmake/rosidl_cmake-extras.cmake
[0.749s] -- Up-to-date symlink: /home/nipun/ros2_ws/install/custom_action_pkg/share/custom_action_pkg/cmake/ament_cmake_export_dependencies-extras.cmake
[0.750s] -- Up-to-date symlink: /home/nipun/ros2_ws/install/custom_action_pkg/share/custom_action_pkg/cmake/ament_cmake_export_include_directories-extras.cmake
[0.750s] -- Up-to-date symlink: /home/nipun/ros2_ws/install/custom_action_pkg/share/custom_action_pkg/cmake/ament_cmake_export_libraries-extras.cmake
[0.750s] -- Up-to-date symlink: /home/nipun/ros2_ws/install/custom_action_pkg/share/custom_action_pkg/cmake/ament_cmake_export_targets-extras.cmake
[0.750s] -- Up-to-date symlink: /home/nipun/ros2_ws/install/custom_action_pkg/share/custom_action_pkg/cmake/rosidl_cmake_export_typesupport_targets-extras.cmake
[0.750s] -- Up-to-date symlink: /home/nipun/ros2_ws/install/custom_action_pkg/share/custom_action_pkg/cmake/rosidl_cmake_export_typesupport_libraries-extras.cmake
[0.750s] -- Up-to-date symlink: /home/nipun/ros2_ws/install/custom_action_pkg/share/custom_action_pkg/cmake/rosidl_cmake_aggregate_target-extras.cmake
[0.750s] -- Up-to-date symlink: /home/nipun/ros2_ws/install/custom_action_pkg/share/custom_action_pkg/cmake/custom_action_pkgConfig.cmake
[0.750s] -- Up-to-date symlink: /home/nipun/ros2_ws/install/custom_action_pkg/share/custom_action_pkg/cmake/custom_action_pkgConfig-version.cmake
[0.751s] -- Up-to-date symlink: /home/nipun/ros2_ws/install/custom_action_pkg/share/custom_action_pkg/package.xml
[0.751s] -- Up-to-date: /home/nipun/ros2_ws/install/custom_action_pkg/lib/libcustom_action_pkg__rosidl_generator_c.so
[0.751s] -- Up-to-date: /home/nipun/ros2_ws/install/custom_action_pkg/lib/libcustom_action_pkg__rosidl_typesupport_fastrtps_c.so
[0.752s] -- Up-to-date: /home/nipun/ros2_ws/install/custom_action_pkg/lib/libcustom_action_pkg__rosidl_typesupport_introspection_c.so
[0.752s] -- Up-to-date: /home/nipun/ros2_ws/install/custom_action_pkg/lib/libcustom_action_pkg__rosidl_typesupport_c.so
[0.752s] -- Up-to-date: /home/nipun/ros2_ws/install/custom_action_pkg/lib/libcustom_action_pkg__rosidl_typesupport_fastrtps_cpp.so
[0.753s] -- Up-to-date: /home/nipun/ros2_ws/install/custom_action_pkg/lib/libcustom_action_pkg__rosidl_typesupport_introspection_cpp.so
[0.753s] -- Up-to-date: /home/nipun/ros2_ws/install/custom_action_pkg/lib/libcustom_action_pkg__rosidl_typesupport_cpp.so
[0.805s] Listing '/home/nipun/ros2_ws/install/custom_action_pkg/local/lib/python3.10/dist-packages/custom_action_pkg'...
[0.805s] Listing '/home/nipun/ros2_ws/install/custom_action_pkg/local/lib/python3.10/dist-packages/custom_action_pkg/action'...
[0.812s] -- Up-to-date: /home/nipun/ros2_ws/install/custom_action_pkg/lib/libcustom_action_pkg__rosidl_generator_py.so
[0.870s] Listing '/home/nipun/ros2_ws/install/custom_action_pkg/local/lib/python3.10/dist-packages/custom_action_nodes'...
[0.880s] -- Up-to-date: /home/nipun/ros2_ws/install/custom_action_pkg/share/custom_action_pkg/cmake/export_custom_action_pkg__rosidl_generator_cExport.cmake
[0.880s] -- Up-to-date: /home/nipun/ros2_ws/install/custom_action_pkg/share/custom_action_pkg/cmake/export_custom_action_pkg__rosidl_generator_cExport-noconfig.cmake
[0.881s] -- Up-to-date: /home/nipun/ros2_ws/install/custom_action_pkg/share/custom_action_pkg/cmake/export_custom_action_pkg__rosidl_typesupport_fastrtps_cExport.cmake
[0.881s] -- Up-to-date: /home/nipun/ros2_ws/install/custom_action_pkg/share/custom_action_pkg/cmake/export_custom_action_pkg__rosidl_typesupport_fastrtps_cExport-noconfig.cmake
[0.881s] -- Up-to-date: /home/nipun/ros2_ws/install/custom_action_pkg/share/custom_action_pkg/cmake/custom_action_pkg__rosidl_typesupport_introspection_cExport.cmake
[0.881s] -- Up-to-date: /home/nipun/ros2_ws/install/custom_action_pkg/share/custom_action_pkg/cmake/custom_action_pkg__rosidl_typesupport_introspection_cExport-noconfig.cmake
[0.881s] -- Up-to-date: /home/nipun/ros2_ws/install/custom_action_pkg/share/custom_action_pkg/cmake/custom_action_pkg__rosidl_typesupport_cExport.cmake
[0.882s] -- Up-to-date: /home/nipun/ros2_ws/install/custom_action_pkg/share/custom_action_pkg/cmake/custom_action_pkg__rosidl_typesupport_cExport-noconfig.cmake
[0.882s] -- Up-to-date: /home/nipun/ros2_ws/install/custom_action_pkg/share/custom_action_pkg/cmake/export_custom_action_pkg__rosidl_generator_cppExport.cmake
[0.882s] -- Up-to-date: /home/nipun/ros2_ws/install/custom_action_pkg/share/custom_action_pkg/cmake/export_custom_action_pkg__rosidl_typesupport_fastrtps_cppExport.cmake
[0.882s] -- Up-to-date: /home/nipun/ros2_ws/install/custom_action_pkg/share/custom_action_pkg/cmake/export_custom_action_pkg__rosidl_typesupport_fastrtps_cppExport-noconfig.cmake
[0.882s] -- Up-to-date: /home/nipun/ros2_ws/install/custom_action_pkg/share/custom_action_pkg/cmake/custom_action_pkg__rosidl_typesupport_introspection_cppExport.cmake
[0.883s] -- Up-to-date: /home/nipun/ros2_ws/install/custom_action_pkg/share/custom_action_pkg/cmake/custom_action_pkg__rosidl_typesupport_introspection_cppExport-noconfig.cmake
[0.883s] -- Up-to-date: /home/nipun/ros2_ws/install/custom_action_pkg/share/custom_action_pkg/cmake/custom_action_pkg__rosidl_typesupport_cppExport.cmake
[0.883s] -- Up-to-date: /home/nipun/ros2_ws/install/custom_action_pkg/share/custom_action_pkg/cmake/custom_action_pkg__rosidl_typesupport_cppExport-noconfig.cmake
[0.883s] -- Up-to-date: /home/nipun/ros2_ws/install/custom_action_pkg/share/custom_action_pkg/cmake/export_custom_action_pkg__rosidl_generator_pyExport.cmake
[0.883s] -- Up-to-date: /home/nipun/ros2_ws/install/custom_action_pkg/share/custom_action_pkg/cmake/export_custom_action_pkg__rosidl_generator_pyExport-noconfig.cmake
[0.888s] Invoked command in '/home/nipun/ros2_ws/build/custom_action_pkg' returned '0': CMAKE_PREFIX_PATH=${CMAKE_PREFIX_PATH}:/opt/ros/humble /usr/bin/cmake --install /home/nipun/ros2_ws/build/custom_action_pkg
