-- The C compiler identification is GNU 12.3.0
-- The CXX compiler identification is GNU 12.3.0
-- Detecting C compiler ABI info
-- Detecting C compiler ABI info - done
-- Check for working C compiler: /usr/bin/cc - skipped
-- Detecting C compile features
-- Detecting C compile features - done
-- Detecting CXX compiler ABI info
-- Detecting CXX compiler ABI info - done
-- Check for working CXX compiler: /usr/bin/c++ - skipped
-- Detecting CXX compile features
-- Detecting CXX compile features - done
-- Found ament_cmake: 1.3.14 (/opt/ros/humble/share/ament_cmake/cmake)
-- Found Python3: /usr/bin/python3 (found version "3.10.12") found components: Interpreter 
-- Override CMake install command with custom implementation using symlinks instead of copying resources
-- Found rosidl_default_generators: 1.2.1 (/opt/ros/humble/share/rosidl_default_generators/cmake)
-- Using all available rosidl_typesupport_c: rosidl_typesupport_fastrtps_c;rosidl_typesupport_introspection_c
-- Found rosidl_adapter: 3.1.9 (/opt/ros/humble/share/rosidl_adapter/cmake)
-- Using all available rosidl_typesupport_cpp: rosidl_typesupport_fastrtps_cpp;rosidl_typesupport_introspection_cpp
-- Found action_msgs: 1.2.3 (/opt/ros/humble/share/action_msgs/cmake)
-- Found ament_cmake_ros: 0.10.0 (/opt/ros/humble/share/ament_cmake_ros/cmake)
-- Using all available rosidl_typesupport_c: rosidl_typesupport_fastrtps_c;rosidl_typesupport_introspection_c
-- Using all available rosidl_typesupport_cpp: rosidl_typesupport_fastrtps_cpp;rosidl_typesupport_introspection_cpp
-- Found PythonInterp: /usr/bin/python3 (found suitable version "3.10.12", minimum required is "3.6") 
-- Found python_cmake_module: 0.10.0 (/opt/ros/humble/share/python_cmake_module/cmake)
-- Found PythonLibs: /usr/lib/x86_64-linux-gnu/libpython3.10.so (found suitable version "3.10.12", minimum required is "3.5") 
-- Using PYTHON_EXECUTABLE: /usr/bin/python3
-- Using PYTHON_INCLUDE_DIRS: /usr/include/python3.10
-- Using PYTHON_LIBRARIES: /usr/lib/x86_64-linux-gnu/libpython3.10.so
-- Found PythonExtra: .so  
CMake Warning at /opt/ros/humble/share/ament_cmake_pytest/cmake/ament_add_pytest_test.cmake:79 (message):
  The Python module 'pytest' was not found, pytests cannot be run.  On Linux,
  install the 'python3-pytest' package.  On other platforms, install 'pytest'
  using pip.
Call Stack (most recent call first):
  CMakeLists.txt:32 (ament_add_pytest_test)


-- Configuring done
-- Generating done
-- Build files have been written to: /home/nipun/ros2_ws/build/custom_action_pkg
Consolidate compiler generated dependencies of target custom_action_pkg__rosidl_generator_c
[  3%] Built target custom_action_pkg__cpp
[ 12%] Built target custom_action_pkg__rosidl_generator_c
[ 15%] Built target custom_action_pkg__rs
[ 15%] Built target ament_cmake_python_symlink_custom_action_pkg
[ 15%] Built target ament_cmake_python_symlink_custom_action_nodes
Consolidate compiler generated dependencies of target custom_action_pkg__rosidl_typesupport_c
Consolidate compiler generated dependencies of target custom_action_pkg__rosidl_typesupport_introspection_c
Consolidate compiler generated dependencies of target custom_action_pkg__rosidl_typesupport_cpp
Consolidate compiler generated dependencies of target custom_action_pkg__rosidl_typesupport_fastrtps_cpp
Consolidate compiler generated dependencies of target custom_action_pkg__rosidl_typesupport_fastrtps_c
Consolidate compiler generated dependencies of target custom_action_pkg__rosidl_typesupport_introspection_cpp
[ 25%] Built target custom_action_pkg__rosidl_typesupport_c
[ 34%] Built target custom_action_pkg__rosidl_typesupport_cpp
[ 43%] Built target custom_action_pkg__rosidl_typesupport_introspection_c
[ 53%] Built target custom_action_pkg__rosidl_typesupport_fastrtps_cpp
[ 62%] Built target custom_action_pkg__rosidl_typesupport_introspection_cpp
[ 71%] Built target custom_action_pkg__rosidl_typesupport_fastrtps_c
[ 71%] Built target custom_action_pkg
[ 75%] Built target custom_action_pkg__py
Consolidate compiler generated dependencies of target custom_action_pkg__rosidl_generator_py
[ 81%] Built target custom_action_pkg__rosidl_generator_py
Consolidate compiler generated dependencies of target custom_action_pkg__rosidl_typesupport_introspection_c__pyext
Consolidate compiler generated dependencies of target custom_action_pkg__rosidl_typesupport_fastrtps_c__pyext
Consolidate compiler generated dependencies of target custom_action_pkg__rosidl_typesupport_c__pyext
[ 87%] Built target custom_action_pkg__rosidl_typesupport_fastrtps_c__pyext
[ 93%] Built target custom_action_pkg__rosidl_typesupport_introspection_c__pyext
[100%] Built target custom_action_pkg__rosidl_typesupport_c__pyext
running egg_info
writing custom_action_nodes.egg-info/PKG-INFO
writing dependency_links to custom_action_nodes.egg-info/dependency_links.txt
writing top-level names to custom_action_nodes.egg-info/top_level.txt
reading manifest file 'custom_action_nodes.egg-info/SOURCES.txt'
running egg_info
writing manifest file 'custom_action_nodes.egg-info/SOURCES.txt'
writing custom_action_pkg.egg-info/PKG-INFO
writing dependency_links to custom_action_pkg.egg-info/dependency_links.txt
writing top-level names to custom_action_pkg.egg-info/top_level.txt
reading manifest file 'custom_action_pkg.egg-info/SOURCES.txt'
writing manifest file 'custom_action_pkg.egg-info/SOURCES.txt'
[100%] Built target ament_cmake_python_build_custom_action_nodes_egg
[100%] Built target ament_cmake_python_build_custom_action_pkg_egg
-- Install configuration: ""
-- Execute custom install script
-- Up-to-date symlink: /home/nipun/ros2_ws/install/custom_action_pkg/share/ament_index/resource_index/rosidl_interfaces/custom_action_pkg
-- Up-to-date symlink: /home/nipun/ros2_ws/install/custom_action_pkg/include/custom_action_pkg/custom_action_pkg/action/count_down.h
-- Up-to-date symlink: /home/nipun/ros2_ws/install/custom_action_pkg/include/custom_action_pkg/custom_action_pkg/action/detail/count_down__functions.h
-- Up-to-date symlink: /home/nipun/ros2_ws/install/custom_action_pkg/include/custom_action_pkg/custom_action_pkg/action/detail/count_down__struct.h
-- Up-to-date symlink: /home/nipun/ros2_ws/install/custom_action_pkg/include/custom_action_pkg/custom_action_pkg/action/detail/count_down__type_support.h
-- Up-to-date symlink: /home/nipun/ros2_ws/install/custom_action_pkg/include/custom_action_pkg/custom_action_pkg/msg/rosidl_generator_c__visibility_control.h
-- Up-to-date symlink: /home/nipun/ros2_ws/install/custom_action_pkg/share/custom_action_pkg/environment/library_path.sh
-- Up-to-date symlink: /home/nipun/ros2_ws/install/custom_action_pkg/share/custom_action_pkg/environment/library_path.dsv
-- Up-to-date symlink: /home/nipun/ros2_ws/install/custom_action_pkg/include/custom_action_pkg/custom_action_pkg/action/detail/count_down__rosidl_typesupport_fastrtps_c.h
-- Up-to-date symlink: /home/nipun/ros2_ws/install/custom_action_pkg/include/custom_action_pkg/custom_action_pkg/msg/rosidl_typesupport_fastrtps_c__visibility_control.h
-- Up-to-date symlink: /home/nipun/ros2_ws/install/custom_action_pkg/include/custom_action_pkg/custom_action_pkg/action/detail/count_down__rosidl_typesupport_introspection_c.h
-- Up-to-date symlink: /home/nipun/ros2_ws/install/custom_action_pkg/include/custom_action_pkg/custom_action_pkg/msg/rosidl_typesupport_introspection_c__visibility_control.h
-- Up-to-date symlink: /home/nipun/ros2_ws/install/custom_action_pkg/include/custom_action_pkg/custom_action_pkg/action/count_down.hpp
-- Up-to-date symlink: /home/nipun/ros2_ws/install/custom_action_pkg/include/custom_action_pkg/custom_action_pkg/action/detail/count_down__builder.hpp
-- Up-to-date symlink: /home/nipun/ros2_ws/install/custom_action_pkg/include/custom_action_pkg/custom_action_pkg/action/detail/count_down__struct.hpp
-- Up-to-date symlink: /home/nipun/ros2_ws/install/custom_action_pkg/include/custom_action_pkg/custom_action_pkg/action/detail/count_down__traits.hpp
-- Up-to-date symlink: /home/nipun/ros2_ws/install/custom_action_pkg/include/custom_action_pkg/custom_action_pkg/action/detail/count_down__type_support.hpp
-- Up-to-date symlink: /home/nipun/ros2_ws/install/custom_action_pkg/include/custom_action_pkg/custom_action_pkg/msg/rosidl_generator_cpp__visibility_control.hpp
-- Up-to-date symlink: /home/nipun/ros2_ws/install/custom_action_pkg/include/custom_action_pkg/custom_action_pkg/action/detail/count_down__rosidl_typesupport_fastrtps_cpp.hpp
-- Up-to-date symlink: /home/nipun/ros2_ws/install/custom_action_pkg/include/custom_action_pkg/custom_action_pkg/msg/rosidl_typesupport_fastrtps_cpp__visibility_control.h
-- Up-to-date symlink: /home/nipun/ros2_ws/install/custom_action_pkg/include/custom_action_pkg/custom_action_pkg/action/detail/count_down__rosidl_typesupport_introspection_cpp.hpp
-- Up-to-date symlink: /home/nipun/ros2_ws/install/custom_action_pkg/share/custom_action_pkg/environment/pythonpath.sh
-- Up-to-date symlink: /home/nipun/ros2_ws/install/custom_action_pkg/share/custom_action_pkg/environment/pythonpath.dsv
-- Up-to-date symlink: /home/nipun/ros2_ws/install/custom_action_pkg/local/lib/python3.10/dist-packages/custom_action_pkg-0.0.0-py3.10.egg-info/PKG-INFO
-- Up-to-date symlink: /home/nipun/ros2_ws/install/custom_action_pkg/local/lib/python3.10/dist-packages/custom_action_pkg-0.0.0-py3.10.egg-info/SOURCES.txt
-- Up-to-date symlink: /home/nipun/ros2_ws/install/custom_action_pkg/local/lib/python3.10/dist-packages/custom_action_pkg-0.0.0-py3.10.egg-info/dependency_links.txt
-- Up-to-date symlink: /home/nipun/ros2_ws/install/custom_action_pkg/local/lib/python3.10/dist-packages/custom_action_pkg-0.0.0-py3.10.egg-info/top_level.txt
-- Up-to-date symlink: /home/nipun/ros2_ws/install/custom_action_pkg/local/lib/python3.10/dist-packages/custom_action_pkg/__init__.py
-- Up-to-date symlink: /home/nipun/ros2_ws/install/custom_action_pkg/local/lib/python3.10/dist-packages/custom_action_pkg/_custom_action_pkg_s.ep.rosidl_typesupport_c.c
-- Up-to-date symlink: /home/nipun/ros2_ws/install/custom_action_pkg/local/lib/python3.10/dist-packages/custom_action_pkg/_custom_action_pkg_s.ep.rosidl_typesupport_fastrtps_c.c
-- Up-to-date symlink: /home/nipun/ros2_ws/install/custom_action_pkg/local/lib/python3.10/dist-packages/custom_action_pkg/_custom_action_pkg_s.ep.rosidl_typesupport_introspection_c.c
-- Up-to-date symlink: /home/nipun/ros2_ws/install/custom_action_pkg/local/lib/python3.10/dist-packages/custom_action_pkg/action/__init__.py
-- Up-to-date symlink: /home/nipun/ros2_ws/install/custom_action_pkg/local/lib/python3.10/dist-packages/custom_action_pkg/action/_count_down.py
-- Up-to-date symlink: /home/nipun/ros2_ws/install/custom_action_pkg/local/lib/python3.10/dist-packages/custom_action_pkg/action/_count_down_s.c
-- Up-to-date symlink: /home/nipun/ros2_ws/install/custom_action_pkg/local/lib/python3.10/dist-packages/custom_action_pkg/custom_action_pkg_s__rosidl_typesupport_c.cpython-310-x86_64-linux-gnu.so
-- Up-to-date symlink: /home/nipun/ros2_ws/install/custom_action_pkg/local/lib/python3.10/dist-packages/custom_action_pkg/custom_action_pkg_s__rosidl_typesupport_fastrtps_c.cpython-310-x86_64-linux-gnu.so
-- Up-to-date symlink: /home/nipun/ros2_ws/install/custom_action_pkg/local/lib/python3.10/dist-packages/custom_action_pkg/custom_action_pkg_s__rosidl_typesupport_introspection_c.cpython-310-x86_64-linux-gnu.so
-- Up-to-date symlink: /home/nipun/ros2_ws/install/custom_action_pkg/local/lib/python3.10/dist-packages/custom_action_pkg/libcustom_action_pkg__rosidl_generator_py.so
-- Up-to-date symlink: /home/nipun/ros2_ws/install/custom_action_pkg/local/lib/python3.10/dist-packages/custom_action_pkg/custom_action_pkg_s__rosidl_typesupport_fastrtps_c.cpython-310-x86_64-linux-gnu.so
-- Up-to-date symlink: /home/nipun/ros2_ws/install/custom_action_pkg/local/lib/python3.10/dist-packages/custom_action_pkg/custom_action_pkg_s__rosidl_typesupport_introspection_c.cpython-310-x86_64-linux-gnu.so
-- Up-to-date symlink: /home/nipun/ros2_ws/install/custom_action_pkg/local/lib/python3.10/dist-packages/custom_action_pkg/custom_action_pkg_s__rosidl_typesupport_c.cpython-310-x86_64-linux-gnu.so
-- Up-to-date symlink: /home/nipun/ros2_ws/install/custom_action_pkg/share/ament_index/resource_index/rust_packages/custom_action_pkg
-- Up-to-date symlink: /home/nipun/ros2_ws/install/custom_action_pkg/share/custom_action_pkg/rust/Cargo.toml
-- Up-to-date symlink: /home/nipun/ros2_ws/install/custom_action_pkg/share/custom_action_pkg/rust/build.rs
-- Up-to-date symlink: /home/nipun/ros2_ws/install/custom_action_pkg/share/custom_action_pkg/rust/src/action.rs
-- Up-to-date symlink: /home/nipun/ros2_ws/install/custom_action_pkg/share/custom_action_pkg/rust/src/action/rmw.rs
-- Up-to-date symlink: /home/nipun/ros2_ws/install/custom_action_pkg/share/custom_action_pkg/rust/src/lib.rs
-- Up-to-date symlink: /home/nipun/ros2_ws/install/custom_action_pkg/share/custom_action_pkg/action/CountDown.idl
-- Up-to-date symlink: /home/nipun/ros2_ws/install/custom_action_pkg/share/custom_action_pkg/action/CountDown.action
-- Up-to-date symlink: /home/nipun/ros2_ws/install/custom_action_pkg/local/lib/python3.10/dist-packages/custom_action_nodes-0.0.0-py3.10.egg-info/PKG-INFO
-- Up-to-date symlink: /home/nipun/ros2_ws/install/custom_action_pkg/local/lib/python3.10/dist-packages/custom_action_nodes-0.0.0-py3.10.egg-info/SOURCES.txt
-- Up-to-date symlink: /home/nipun/ros2_ws/install/custom_action_pkg/local/lib/python3.10/dist-packages/custom_action_nodes-0.0.0-py3.10.egg-info/dependency_links.txt
-- Up-to-date symlink: /home/nipun/ros2_ws/install/custom_action_pkg/local/lib/python3.10/dist-packages/custom_action_nodes-0.0.0-py3.10.egg-info/top_level.txt
-- Up-to-date symlink: /home/nipun/ros2_ws/install/custom_action_pkg/local/lib/python3.10/dist-packages/custom_action_nodes/__init__.py
-- Up-to-date symlink: /home/nipun/ros2_ws/install/custom_action_pkg/local/lib/python3.10/dist-packages/custom_action_nodes/action_client.py
-- Up-to-date symlink: /home/nipun/ros2_ws/install/custom_action_pkg/local/lib/python3.10/dist-packages/custom_action_nodes/action_server.py
-- Up-to-date symlink: /home/nipun/ros2_ws/install/custom_action_pkg/lib/custom_action_pkg/action_server
-- Up-to-date symlink: /home/nipun/ros2_ws/install/custom_action_pkg/lib/custom_action_pkg/action_client
-- Up-to-date symlink: /home/nipun/ros2_ws/install/custom_action_pkg/share/custom_action_pkg/launch/__pycache__/count_down.launch.cpython-310.pyc
-- Up-to-date symlink: /home/nipun/ros2_ws/install/custom_action_pkg/share/custom_action_pkg/launch/count_down.launch.py
-- Up-to-date symlink: /home/nipun/ros2_ws/install/custom_action_pkg/share/ament_index/resource_index/package_run_dependencies/custom_action_pkg
-- Up-to-date symlink: /home/nipun/ros2_ws/install/custom_action_pkg/share/ament_index/resource_index/parent_prefix_path/custom_action_pkg
-- Up-to-date symlink: /home/nipun/ros2_ws/install/custom_action_pkg/share/custom_action_pkg/environment/ament_prefix_path.sh
-- Up-to-date symlink: /home/nipun/ros2_ws/install/custom_action_pkg/share/custom_action_pkg/environment/ament_prefix_path.dsv
-- Up-to-date symlink: /home/nipun/ros2_ws/install/custom_action_pkg/share/custom_action_pkg/environment/path.sh
-- Up-to-date symlink: /home/nipun/ros2_ws/install/custom_action_pkg/share/custom_action_pkg/environment/path.dsv
-- Up-to-date symlink: /home/nipun/ros2_ws/install/custom_action_pkg/share/custom_action_pkg/local_setup.bash
-- Up-to-date symlink: /home/nipun/ros2_ws/install/custom_action_pkg/share/custom_action_pkg/local_setup.sh
-- Up-to-date symlink: /home/nipun/ros2_ws/install/custom_action_pkg/share/custom_action_pkg/local_setup.zsh
-- Up-to-date symlink: /home/nipun/ros2_ws/install/custom_action_pkg/share/custom_action_pkg/local_setup.dsv
-- Symlinking: /home/nipun/ros2_ws/install/custom_action_pkg/share/custom_action_pkg/package.dsv
-- Up-to-date symlink: /home/nipun/ros2_ws/install/custom_action_pkg/share/ament_index/resource_index/packages/custom_action_pkg
-- Up-to-date symlink: /home/nipun/ros2_ws/install/custom_action_pkg/share/custom_action_pkg/cmake/rosidl_cmake-extras.cmake
-- Up-to-date symlink: /home/nipun/ros2_ws/install/custom_action_pkg/share/custom_action_pkg/cmake/ament_cmake_export_dependencies-extras.cmake
-- Up-to-date symlink: /home/nipun/ros2_ws/install/custom_action_pkg/share/custom_action_pkg/cmake/ament_cmake_export_include_directories-extras.cmake
-- Up-to-date symlink: /home/nipun/ros2_ws/install/custom_action_pkg/share/custom_action_pkg/cmake/ament_cmake_export_libraries-extras.cmake
-- Up-to-date symlink: /home/nipun/ros2_ws/install/custom_action_pkg/share/custom_action_pkg/cmake/ament_cmake_export_targets-extras.cmake
-- Up-to-date symlink: /home/nipun/ros2_ws/install/custom_action_pkg/share/custom_action_pkg/cmake/rosidl_cmake_export_typesupport_targets-extras.cmake
-- Up-to-date symlink: /home/nipun/ros2_ws/install/custom_action_pkg/share/custom_action_pkg/cmake/rosidl_cmake_export_typesupport_libraries-extras.cmake
-- Up-to-date symlink: /home/nipun/ros2_ws/install/custom_action_pkg/share/custom_action_pkg/cmake/rosidl_cmake_aggregate_target-extras.cmake
-- Up-to-date symlink: /home/nipun/ros2_ws/install/custom_action_pkg/share/custom_action_pkg/cmake/custom_action_pkgConfig.cmake
-- Up-to-date symlink: /home/nipun/ros2_ws/install/custom_action_pkg/share/custom_action_pkg/cmake/custom_action_pkgConfig-version.cmake
-- Up-to-date symlink: /home/nipun/ros2_ws/install/custom_action_pkg/share/custom_action_pkg/package.xml
-- Up-to-date: /home/nipun/ros2_ws/install/custom_action_pkg/lib/libcustom_action_pkg__rosidl_generator_c.so
-- Up-to-date: /home/nipun/ros2_ws/install/custom_action_pkg/lib/libcustom_action_pkg__rosidl_typesupport_fastrtps_c.so
-- Up-to-date: /home/nipun/ros2_ws/install/custom_action_pkg/lib/libcustom_action_pkg__rosidl_typesupport_introspection_c.so
-- Up-to-date: /home/nipun/ros2_ws/install/custom_action_pkg/lib/libcustom_action_pkg__rosidl_typesupport_c.so
-- Up-to-date: /home/nipun/ros2_ws/install/custom_action_pkg/lib/libcustom_action_pkg__rosidl_typesupport_fastrtps_cpp.so
-- Up-to-date: /home/nipun/ros2_ws/install/custom_action_pkg/lib/libcustom_action_pkg__rosidl_typesupport_introspection_cpp.so
-- Up-to-date: /home/nipun/ros2_ws/install/custom_action_pkg/lib/libcustom_action_pkg__rosidl_typesupport_cpp.so
Listing '/home/nipun/ros2_ws/install/custom_action_pkg/local/lib/python3.10/dist-packages/custom_action_pkg'...
Compiling '/home/nipun/ros2_ws/install/custom_action_pkg/local/lib/python3.10/dist-packages/custom_action_pkg/__init__.py'...
Listing '/home/nipun/ros2_ws/install/custom_action_pkg/local/lib/python3.10/dist-packages/custom_action_pkg/action'...
-- Up-to-date: /home/nipun/ros2_ws/install/custom_action_pkg/lib/libcustom_action_pkg__rosidl_generator_py.so
Listing '/home/nipun/ros2_ws/install/custom_action_pkg/local/lib/python3.10/dist-packages/custom_action_nodes'...
-- Up-to-date: /home/nipun/ros2_ws/install/custom_action_pkg/share/custom_action_pkg/cmake/export_custom_action_pkg__rosidl_generator_cExport.cmake
-- Up-to-date: /home/nipun/ros2_ws/install/custom_action_pkg/share/custom_action_pkg/cmake/export_custom_action_pkg__rosidl_generator_cExport-noconfig.cmake
-- Up-to-date: /home/nipun/ros2_ws/install/custom_action_pkg/share/custom_action_pkg/cmake/export_custom_action_pkg__rosidl_typesupport_fastrtps_cExport.cmake
-- Up-to-date: /home/nipun/ros2_ws/install/custom_action_pkg/share/custom_action_pkg/cmake/export_custom_action_pkg__rosidl_typesupport_fastrtps_cExport-noconfig.cmake
-- Up-to-date: /home/nipun/ros2_ws/install/custom_action_pkg/share/custom_action_pkg/cmake/custom_action_pkg__rosidl_typesupport_introspection_cExport.cmake
-- Up-to-date: /home/nipun/ros2_ws/install/custom_action_pkg/share/custom_action_pkg/cmake/custom_action_pkg__rosidl_typesupport_introspection_cExport-noconfig.cmake
-- Up-to-date: /home/nipun/ros2_ws/install/custom_action_pkg/share/custom_action_pkg/cmake/custom_action_pkg__rosidl_typesupport_cExport.cmake
-- Up-to-date: /home/nipun/ros2_ws/install/custom_action_pkg/share/custom_action_pkg/cmake/custom_action_pkg__rosidl_typesupport_cExport-noconfig.cmake
-- Up-to-date: /home/nipun/ros2_ws/install/custom_action_pkg/share/custom_action_pkg/cmake/export_custom_action_pkg__rosidl_generator_cppExport.cmake
-- Up-to-date: /home/nipun/ros2_ws/install/custom_action_pkg/share/custom_action_pkg/cmake/export_custom_action_pkg__rosidl_typesupport_fastrtps_cppExport.cmake
-- Up-to-date: /home/nipun/ros2_ws/install/custom_action_pkg/share/custom_action_pkg/cmake/export_custom_action_pkg__rosidl_typesupport_fastrtps_cppExport-noconfig.cmake
-- Up-to-date: /home/nipun/ros2_ws/install/custom_action_pkg/share/custom_action_pkg/cmake/custom_action_pkg__rosidl_typesupport_introspection_cppExport.cmake
-- Up-to-date: /home/nipun/ros2_ws/install/custom_action_pkg/share/custom_action_pkg/cmake/custom_action_pkg__rosidl_typesupport_introspection_cppExport-noconfig.cmake
-- Up-to-date: /home/nipun/ros2_ws/install/custom_action_pkg/share/custom_action_pkg/cmake/custom_action_pkg__rosidl_typesupport_cppExport.cmake
-- Up-to-date: /home/nipun/ros2_ws/install/custom_action_pkg/share/custom_action_pkg/cmake/custom_action_pkg__rosidl_typesupport_cppExport-noconfig.cmake
-- Up-to-date: /home/nipun/ros2_ws/install/custom_action_pkg/share/custom_action_pkg/cmake/export_custom_action_pkg__rosidl_generator_pyExport.cmake
-- Up-to-date: /home/nipun/ros2_ws/install/custom_action_pkg/share/custom_action_pkg/cmake/export_custom_action_pkg__rosidl_generator_pyExport-noconfig.cmake
