[0.021s] Invoking command in '/home/nipun/ros2_ws/build/custom_action_pkg': CMAKE_PREFIX_PATH=${CMAKE_PREFIX_PATH}:/opt/ros/humble /usr/bin/cmake /home/nipun/ros2_ws/custom_action_pkg -DAMENT_CMAKE_SYMLINK_INSTALL=1 -DCMAKE_INSTALL_PREFIX=/home/nipun/ros2_ws/install/custom_action_pkg
[0.163s] -- The C compiler identification is GNU 12.3.0
[0.305s] -- The CXX compiler identification is GNU 12.3.0
[0.325s] -- Detecting C compiler ABI info
[0.488s] -- Detecting C compiler ABI info - done
[0.504s] -- Check for working C compiler: /usr/bin/cc - skipped
[0.505s] -- Detecting C compile features
[0.506s] -- Detecting C compile features - done
[0.513s] -- Detecting CXX compiler ABI info
[0.683s] -- Detecting CXX compiler ABI info - done
[0.699s] -- Check for working CXX compiler: /usr/bin/c++ - skipped
[0.700s] -- Detecting CXX compile features
[0.701s] -- Detecting CXX compile features - done
[0.704s] -- Found ament_cmake: 1.3.14 (/opt/ros/humble/share/ament_cmake/cmake)
[1.047s] -- Found Python3: /usr/bin/python3 (found version "3.10.12") found components: Interpreter 
[1.192s] -- Override CMake install command with custom implementation using symlinks instead of copying resources
[1.242s] -- Found rosidl_default_generators: 1.2.1 (/opt/ros/humble/share/rosidl_default_generators/cmake)
[1.247s] -- Using all available rosidl_typesupport_c: rosidl_typesupport_fastrtps_c;rosidl_typesupport_introspection_c
[1.258s] -- Found rosidl_adapter: 3.1.9 (/opt/ros/humble/share/rosidl_adapter/cmake)
[1.338s] -- Using all available rosidl_typesupport_cpp: rosidl_typesupport_fastrtps_cpp;rosidl_typesupport_introspection_cpp
[1.412s] -- Found action_msgs: 1.2.3 (/opt/ros/humble/share/action_msgs/cmake)
[2.129s] -- Found ament_cmake_ros: 0.10.0 (/opt/ros/humble/share/ament_cmake_ros/cmake)
[2.617s] -- Using all available rosidl_typesupport_c: rosidl_typesupport_fastrtps_c;rosidl_typesupport_introspection_c
[3.246s] -- Using all available rosidl_typesupport_cpp: rosidl_typesupport_fastrtps_cpp;rosidl_typesupport_introspection_cpp
[3.296s] -- Found PythonInterp: /usr/bin/python3 (found suitable version "3.10.12", minimum required is "3.6") 
[3.299s] -- Found python_cmake_module: 0.10.0 (/opt/ros/humble/share/python_cmake_module/cmake)
[3.364s] -- Found PythonLibs: /usr/lib/x86_64-linux-gnu/libpython3.10.so (found suitable version "3.10.12", minimum required is "3.5") 
[3.364s] -- Using PYTHON_EXECUTABLE: /usr/bin/python3
[3.364s] -- Using PYTHON_INCLUDE_DIRS: /usr/include/python3.10
[3.365s] -- Using PYTHON_LIBRARIES: /usr/lib/x86_64-linux-gnu/libpython3.10.so
[3.417s] -- Found PythonExtra: .so  
[4.461s] CMake Warning at /opt/ros/humble/share/ament_cmake_pytest/cmake/ament_add_pytest_test.cmake:79 (message):
[4.462s]   The Python module 'pytest' was not found, pytests cannot be run.  On Linux,
[4.462s]   install the 'python3-pytest' package.  On other platforms, install 'pytest'
[4.462s]   using pip.
[4.462s] Call Stack (most recent call first):
[4.463s]   CMakeLists.txt:32 (ament_add_pytest_test)
[4.463s] 
[4.463s] 
[4.480s] -- Configuring done
[4.553s] -- Generating done
[4.581s] -- Build files have been written to: /home/nipun/ros2_ws/build/custom_action_pkg
[4.593s] Invoked command in '/home/nipun/ros2_ws/build/custom_action_pkg' returned '0': CMAKE_PREFIX_PATH=${CMAKE_PREFIX_PATH}:/opt/ros/humble /usr/bin/cmake /home/nipun/ros2_ws/custom_action_pkg -DAMENT_CMAKE_SYMLINK_INSTALL=1 -DCMAKE_INSTALL_PREFIX=/home/nipun/ros2_ws/install/custom_action_pkg
[4.597s] Invoking command in '/home/nipun/ros2_ws/build/custom_action_pkg': CMAKE_PREFIX_PATH=${CMAKE_PREFIX_PATH}:/opt/ros/humble /usr/bin/cmake --build /home/nipun/ros2_ws/build/custom_action_pkg -- -j12 -l12
[4.687s] Consolidate compiler generated dependencies of target custom_action_pkg__rosidl_generator_c
[4.708s] [  3%] Built target custom_action_pkg__cpp
[4.708s] [ 12%] Built target custom_action_pkg__rosidl_generator_c
[4.715s] [ 15%] Built target custom_action_pkg__rs
[4.727s] [ 15%] Built target ament_cmake_python_symlink_custom_action_pkg
[4.731s] [ 15%] Built target ament_cmake_python_symlink_custom_action_nodes
[4.735s] Consolidate compiler generated dependencies of target custom_action_pkg__rosidl_typesupport_c
[4.738s] Consolidate compiler generated dependencies of target custom_action_pkg__rosidl_typesupport_introspection_c
[4.738s] Consolidate compiler generated dependencies of target custom_action_pkg__rosidl_typesupport_cpp
[4.739s] Consolidate compiler generated dependencies of target custom_action_pkg__rosidl_typesupport_fastrtps_cpp
[4.740s] Consolidate compiler generated dependencies of target custom_action_pkg__rosidl_typesupport_fastrtps_c
[4.743s] Consolidate compiler generated dependencies of target custom_action_pkg__rosidl_typesupport_introspection_cpp
[4.760s] [ 25%] Built target custom_action_pkg__rosidl_typesupport_c
[4.763s] [ 34%] Built target custom_action_pkg__rosidl_typesupport_cpp
[4.764s] [ 43%] Built target custom_action_pkg__rosidl_typesupport_introspection_c
[4.767s] [ 53%] Built target custom_action_pkg__rosidl_typesupport_fastrtps_cpp
[4.770s] [ 62%] Built target custom_action_pkg__rosidl_typesupport_introspection_cpp
[4.772s] [ 71%] Built target custom_action_pkg__rosidl_typesupport_fastrtps_c
[4.818s] [ 71%] Built target custom_action_pkg
[4.858s] [ 75%] Built target custom_action_pkg__py
[4.884s] Consolidate compiler generated dependencies of target custom_action_pkg__rosidl_generator_py
[4.907s] [ 81%] Built target custom_action_pkg__rosidl_generator_py
[4.930s] Consolidate compiler generated dependencies of target custom_action_pkg__rosidl_typesupport_introspection_c__pyext
[4.932s] Consolidate compiler generated dependencies of target custom_action_pkg__rosidl_typesupport_fastrtps_c__pyext
[4.935s] Consolidate compiler generated dependencies of target custom_action_pkg__rosidl_typesupport_c__pyext
[4.955s] [ 87%] Built target custom_action_pkg__rosidl_typesupport_fastrtps_c__pyext
[4.956s] [ 93%] Built target custom_action_pkg__rosidl_typesupport_introspection_c__pyext
[4.964s] [100%] Built target custom_action_pkg__rosidl_typesupport_c__pyext
[5.182s] running egg_info
[5.183s] writing custom_action_nodes.egg-info/PKG-INFO
[5.183s] writing dependency_links to custom_action_nodes.egg-info/dependency_links.txt
[5.183s] writing top-level names to custom_action_nodes.egg-info/top_level.txt
[5.187s] reading manifest file 'custom_action_nodes.egg-info/SOURCES.txt'
[5.188s] running egg_info
[5.188s] writing manifest file 'custom_action_nodes.egg-info/SOURCES.txt'
[5.190s] writing custom_action_pkg.egg-info/PKG-INFO
[5.190s] writing dependency_links to custom_action_pkg.egg-info/dependency_links.txt
[5.190s] writing top-level names to custom_action_pkg.egg-info/top_level.txt
[5.194s] reading manifest file 'custom_action_pkg.egg-info/SOURCES.txt'
[5.195s] writing manifest file 'custom_action_pkg.egg-info/SOURCES.txt'
[5.238s] [100%] Built target ament_cmake_python_build_custom_action_nodes_egg
[5.248s] [100%] Built target ament_cmake_python_build_custom_action_pkg_egg
[5.270s] Invoked command in '/home/nipun/ros2_ws/build/custom_action_pkg' returned '0': CMAKE_PREFIX_PATH=${CMAKE_PREFIX_PATH}:/opt/ros/humble /usr/bin/cmake --build /home/nipun/ros2_ws/build/custom_action_pkg -- -j12 -l12
[5.291s] Invoking command in '/home/nipun/ros2_ws/build/custom_action_pkg': CMAKE_PREFIX_PATH=${CMAKE_PREFIX_PATH}:/opt/ros/humble /usr/bin/cmake --install /home/nipun/ros2_ws/build/custom_action_pkg
[5.306s] -- Install configuration: ""
[5.308s] -- Execute custom install script
[5.308s] -- Up-to-date symlink: /home/nipun/ros2_ws/install/custom_action_pkg/share/ament_index/resource_index/rosidl_interfaces/custom_action_pkg
[5.309s] -- Up-to-date symlink: /home/nipun/ros2_ws/install/custom_action_pkg/include/custom_action_pkg/custom_action_pkg/action/count_down.h
[5.310s] -- Up-to-date symlink: /home/nipun/ros2_ws/install/custom_action_pkg/include/custom_action_pkg/custom_action_pkg/action/detail/count_down__functions.h
[5.310s] -- Up-to-date symlink: /home/nipun/ros2_ws/install/custom_action_pkg/include/custom_action_pkg/custom_action_pkg/action/detail/count_down__struct.h
[5.310s] -- Up-to-date symlink: /home/nipun/ros2_ws/install/custom_action_pkg/include/custom_action_pkg/custom_action_pkg/action/detail/count_down__type_support.h
[5.311s] -- Up-to-date symlink: /home/nipun/ros2_ws/install/custom_action_pkg/include/custom_action_pkg/custom_action_pkg/msg/rosidl_generator_c__visibility_control.h
[5.311s] -- Up-to-date symlink: /home/nipun/ros2_ws/install/custom_action_pkg/share/custom_action_pkg/environment/library_path.sh
[5.311s] -- Up-to-date symlink: /home/nipun/ros2_ws/install/custom_action_pkg/share/custom_action_pkg/environment/library_path.dsv
[5.312s] -- Up-to-date symlink: /home/nipun/ros2_ws/install/custom_action_pkg/include/custom_action_pkg/custom_action_pkg/action/detail/count_down__rosidl_typesupport_fastrtps_c.h
[5.313s] -- Up-to-date symlink: /home/nipun/ros2_ws/install/custom_action_pkg/include/custom_action_pkg/custom_action_pkg/msg/rosidl_typesupport_fastrtps_c__visibility_control.h
[5.313s] -- Up-to-date symlink: /home/nipun/ros2_ws/install/custom_action_pkg/include/custom_action_pkg/custom_action_pkg/action/detail/count_down__rosidl_typesupport_introspection_c.h
[5.314s] -- Up-to-date symlink: /home/nipun/ros2_ws/install/custom_action_pkg/include/custom_action_pkg/custom_action_pkg/msg/rosidl_typesupport_introspection_c__visibility_control.h
[5.315s] -- Up-to-date symlink: /home/nipun/ros2_ws/install/custom_action_pkg/include/custom_action_pkg/custom_action_pkg/action/count_down.hpp
[5.315s] -- Up-to-date symlink: /home/nipun/ros2_ws/install/custom_action_pkg/include/custom_action_pkg/custom_action_pkg/action/detail/count_down__builder.hpp
[5.315s] -- Up-to-date symlink: /home/nipun/ros2_ws/install/custom_action_pkg/include/custom_action_pkg/custom_action_pkg/action/detail/count_down__struct.hpp
[5.316s] -- Up-to-date symlink: /home/nipun/ros2_ws/install/custom_action_pkg/include/custom_action_pkg/custom_action_pkg/action/detail/count_down__traits.hpp
[5.316s] -- Up-to-date symlink: /home/nipun/ros2_ws/install/custom_action_pkg/include/custom_action_pkg/custom_action_pkg/action/detail/count_down__type_support.hpp
[5.316s] -- Up-to-date symlink: /home/nipun/ros2_ws/install/custom_action_pkg/include/custom_action_pkg/custom_action_pkg/msg/rosidl_generator_cpp__visibility_control.hpp
[5.317s] -- Up-to-date symlink: /home/nipun/ros2_ws/install/custom_action_pkg/include/custom_action_pkg/custom_action_pkg/action/detail/count_down__rosidl_typesupport_fastrtps_cpp.hpp
[5.317s] -- Up-to-date symlink: /home/nipun/ros2_ws/install/custom_action_pkg/include/custom_action_pkg/custom_action_pkg/msg/rosidl_typesupport_fastrtps_cpp__visibility_control.h
[5.318s] -- Up-to-date symlink: /home/nipun/ros2_ws/install/custom_action_pkg/include/custom_action_pkg/custom_action_pkg/action/detail/count_down__rosidl_typesupport_introspection_cpp.hpp
[5.318s] -- Up-to-date symlink: /home/nipun/ros2_ws/install/custom_action_pkg/share/custom_action_pkg/environment/pythonpath.sh
[5.319s] -- Up-to-date symlink: /home/nipun/ros2_ws/install/custom_action_pkg/share/custom_action_pkg/environment/pythonpath.dsv
[5.320s] -- Up-to-date symlink: /home/nipun/ros2_ws/install/custom_action_pkg/local/lib/python3.10/dist-packages/custom_action_pkg-0.0.0-py3.10.egg-info/PKG-INFO
[5.320s] -- Up-to-date symlink: /home/nipun/ros2_ws/install/custom_action_pkg/local/lib/python3.10/dist-packages/custom_action_pkg-0.0.0-py3.10.egg-info/SOURCES.txt
[5.320s] -- Up-to-date symlink: /home/nipun/ros2_ws/install/custom_action_pkg/local/lib/python3.10/dist-packages/custom_action_pkg-0.0.0-py3.10.egg-info/dependency_links.txt
[5.320s] -- Up-to-date symlink: /home/nipun/ros2_ws/install/custom_action_pkg/local/lib/python3.10/dist-packages/custom_action_pkg-0.0.0-py3.10.egg-info/top_level.txt
[5.321s] -- Up-to-date symlink: /home/nipun/ros2_ws/install/custom_action_pkg/local/lib/python3.10/dist-packages/custom_action_pkg/__init__.py
[5.322s] -- Up-to-date symlink: /home/nipun/ros2_ws/install/custom_action_pkg/local/lib/python3.10/dist-packages/custom_action_pkg/_custom_action_pkg_s.ep.rosidl_typesupport_c.c
[5.322s] -- Up-to-date symlink: /home/nipun/ros2_ws/install/custom_action_pkg/local/lib/python3.10/dist-packages/custom_action_pkg/_custom_action_pkg_s.ep.rosidl_typesupport_fastrtps_c.c
[5.322s] -- Up-to-date symlink: /home/nipun/ros2_ws/install/custom_action_pkg/local/lib/python3.10/dist-packages/custom_action_pkg/_custom_action_pkg_s.ep.rosidl_typesupport_introspection_c.c
[5.322s] -- Up-to-date symlink: /home/nipun/ros2_ws/install/custom_action_pkg/local/lib/python3.10/dist-packages/custom_action_pkg/action/__init__.py
[5.322s] -- Up-to-date symlink: /home/nipun/ros2_ws/install/custom_action_pkg/local/lib/python3.10/dist-packages/custom_action_pkg/action/_count_down.py
[5.322s] -- Up-to-date symlink: /home/nipun/ros2_ws/install/custom_action_pkg/local/lib/python3.10/dist-packages/custom_action_pkg/action/_count_down_s.c
[5.323s] -- Up-to-date symlink: /home/nipun/ros2_ws/install/custom_action_pkg/local/lib/python3.10/dist-packages/custom_action_pkg/custom_action_pkg_s__rosidl_typesupport_c.cpython-310-x86_64-linux-gnu.so
[5.323s] -- Up-to-date symlink: /home/nipun/ros2_ws/install/custom_action_pkg/local/lib/python3.10/dist-packages/custom_action_pkg/custom_action_pkg_s__rosidl_typesupport_fastrtps_c.cpython-310-x86_64-linux-gnu.so
[5.323s] -- Up-to-date symlink: /home/nipun/ros2_ws/install/custom_action_pkg/local/lib/python3.10/dist-packages/custom_action_pkg/custom_action_pkg_s__rosidl_typesupport_introspection_c.cpython-310-x86_64-linux-gnu.so
[5.323s] -- Up-to-date symlink: /home/nipun/ros2_ws/install/custom_action_pkg/local/lib/python3.10/dist-packages/custom_action_pkg/libcustom_action_pkg__rosidl_generator_py.so
[5.323s] -- Up-to-date symlink: /home/nipun/ros2_ws/install/custom_action_pkg/local/lib/python3.10/dist-packages/custom_action_pkg/custom_action_pkg_s__rosidl_typesupport_fastrtps_c.cpython-310-x86_64-linux-gnu.so
[5.324s] -- Up-to-date symlink: /home/nipun/ros2_ws/install/custom_action_pkg/local/lib/python3.10/dist-packages/custom_action_pkg/custom_action_pkg_s__rosidl_typesupport_introspection_c.cpython-310-x86_64-linux-gnu.so
[5.324s] -- Up-to-date symlink: /home/nipun/ros2_ws/install/custom_action_pkg/local/lib/python3.10/dist-packages/custom_action_pkg/custom_action_pkg_s__rosidl_typesupport_c.cpython-310-x86_64-linux-gnu.so
[5.325s] -- Up-to-date symlink: /home/nipun/ros2_ws/install/custom_action_pkg/share/ament_index/resource_index/rust_packages/custom_action_pkg
[5.325s] -- Up-to-date symlink: /home/nipun/ros2_ws/install/custom_action_pkg/share/custom_action_pkg/rust/Cargo.toml
[5.326s] -- Up-to-date symlink: /home/nipun/ros2_ws/install/custom_action_pkg/share/custom_action_pkg/rust/build.rs
[5.327s] -- Up-to-date symlink: /home/nipun/ros2_ws/install/custom_action_pkg/share/custom_action_pkg/rust/src/action.rs
[5.327s] -- Up-to-date symlink: /home/nipun/ros2_ws/install/custom_action_pkg/share/custom_action_pkg/rust/src/action/rmw.rs
[5.327s] -- Up-to-date symlink: /home/nipun/ros2_ws/install/custom_action_pkg/share/custom_action_pkg/rust/src/lib.rs
[5.327s] -- Up-to-date symlink: /home/nipun/ros2_ws/install/custom_action_pkg/share/custom_action_pkg/action/CountDown.idl
[5.328s] -- Up-to-date symlink: /home/nipun/ros2_ws/install/custom_action_pkg/share/custom_action_pkg/action/CountDown.action
[5.328s] -- Up-to-date symlink: /home/nipun/ros2_ws/install/custom_action_pkg/local/lib/python3.10/dist-packages/custom_action_nodes-0.0.0-py3.10.egg-info/PKG-INFO
[5.328s] -- Up-to-date symlink: /home/nipun/ros2_ws/install/custom_action_pkg/local/lib/python3.10/dist-packages/custom_action_nodes-0.0.0-py3.10.egg-info/SOURCES.txt
[5.328s] -- Up-to-date symlink: /home/nipun/ros2_ws/install/custom_action_pkg/local/lib/python3.10/dist-packages/custom_action_nodes-0.0.0-py3.10.egg-info/dependency_links.txt
[5.329s] -- Up-to-date symlink: /home/nipun/ros2_ws/install/custom_action_pkg/local/lib/python3.10/dist-packages/custom_action_nodes-0.0.0-py3.10.egg-info/top_level.txt
[5.330s] -- Up-to-date symlink: /home/nipun/ros2_ws/install/custom_action_pkg/local/lib/python3.10/dist-packages/custom_action_nodes/__init__.py
[5.330s] -- Up-to-date symlink: /home/nipun/ros2_ws/install/custom_action_pkg/local/lib/python3.10/dist-packages/custom_action_nodes/action_client.py
[5.331s] -- Up-to-date symlink: /home/nipun/ros2_ws/install/custom_action_pkg/local/lib/python3.10/dist-packages/custom_action_nodes/action_server.py
[5.331s] -- Up-to-date symlink: /home/nipun/ros2_ws/install/custom_action_pkg/lib/custom_action_pkg/action_server
[5.331s] -- Up-to-date symlink: /home/nipun/ros2_ws/install/custom_action_pkg/lib/custom_action_pkg/action_client
[5.332s] -- Up-to-date symlink: /home/nipun/ros2_ws/install/custom_action_pkg/share/custom_action_pkg/launch/__pycache__/count_down.launch.cpython-310.pyc
[5.332s] -- Up-to-date symlink: /home/nipun/ros2_ws/install/custom_action_pkg/share/custom_action_pkg/launch/count_down.launch.py
[5.332s] -- Up-to-date symlink: /home/nipun/ros2_ws/install/custom_action_pkg/share/ament_index/resource_index/package_run_dependencies/custom_action_pkg
[5.333s] -- Up-to-date symlink: /home/nipun/ros2_ws/install/custom_action_pkg/share/ament_index/resource_index/parent_prefix_path/custom_action_pkg
[5.333s] -- Up-to-date symlink: /home/nipun/ros2_ws/install/custom_action_pkg/share/custom_action_pkg/environment/ament_prefix_path.sh
[5.334s] -- Up-to-date symlink: /home/nipun/ros2_ws/install/custom_action_pkg/share/custom_action_pkg/environment/ament_prefix_path.dsv
[5.334s] -- Up-to-date symlink: /home/nipun/ros2_ws/install/custom_action_pkg/share/custom_action_pkg/environment/path.sh
[5.334s] -- Up-to-date symlink: /home/nipun/ros2_ws/install/custom_action_pkg/share/custom_action_pkg/environment/path.dsv
[5.335s] -- Up-to-date symlink: /home/nipun/ros2_ws/install/custom_action_pkg/share/custom_action_pkg/local_setup.bash
[5.335s] -- Up-to-date symlink: /home/nipun/ros2_ws/install/custom_action_pkg/share/custom_action_pkg/local_setup.sh
[5.336s] -- Up-to-date symlink: /home/nipun/ros2_ws/install/custom_action_pkg/share/custom_action_pkg/local_setup.zsh
[5.336s] -- Up-to-date symlink: /home/nipun/ros2_ws/install/custom_action_pkg/share/custom_action_pkg/local_setup.dsv
[5.336s] -- Symlinking: /home/nipun/ros2_ws/install/custom_action_pkg/share/custom_action_pkg/package.dsv
[5.358s] -- Up-to-date symlink: /home/nipun/ros2_ws/install/custom_action_pkg/share/ament_index/resource_index/packages/custom_action_pkg
[5.359s] -- Up-to-date symlink: /home/nipun/ros2_ws/install/custom_action_pkg/share/custom_action_pkg/cmake/rosidl_cmake-extras.cmake
[5.359s] -- Up-to-date symlink: /home/nipun/ros2_ws/install/custom_action_pkg/share/custom_action_pkg/cmake/ament_cmake_export_dependencies-extras.cmake
[5.359s] -- Up-to-date symlink: /home/nipun/ros2_ws/install/custom_action_pkg/share/custom_action_pkg/cmake/ament_cmake_export_include_directories-extras.cmake
[5.359s] -- Up-to-date symlink: /home/nipun/ros2_ws/install/custom_action_pkg/share/custom_action_pkg/cmake/ament_cmake_export_libraries-extras.cmake
[5.360s] -- Up-to-date symlink: /home/nipun/ros2_ws/install/custom_action_pkg/share/custom_action_pkg/cmake/ament_cmake_export_targets-extras.cmake
[5.360s] -- Up-to-date symlink: /home/nipun/ros2_ws/install/custom_action_pkg/share/custom_action_pkg/cmake/rosidl_cmake_export_typesupport_targets-extras.cmake
[5.361s] -- Up-to-date symlink: /home/nipun/ros2_ws/install/custom_action_pkg/share/custom_action_pkg/cmake/rosidl_cmake_export_typesupport_libraries-extras.cmake
[5.361s] -- Up-to-date symlink: /home/nipun/ros2_ws/install/custom_action_pkg/share/custom_action_pkg/cmake/rosidl_cmake_aggregate_target-extras.cmake
[5.361s] -- Up-to-date symlink: /home/nipun/ros2_ws/install/custom_action_pkg/share/custom_action_pkg/cmake/custom_action_pkgConfig.cmake
[5.361s] -- Up-to-date symlink: /home/nipun/ros2_ws/install/custom_action_pkg/share/custom_action_pkg/cmake/custom_action_pkgConfig-version.cmake
[5.362s] -- Up-to-date symlink: /home/nipun/ros2_ws/install/custom_action_pkg/share/custom_action_pkg/package.xml
[5.362s] -- Up-to-date: /home/nipun/ros2_ws/install/custom_action_pkg/lib/libcustom_action_pkg__rosidl_generator_c.so
[5.363s] -- Up-to-date: /home/nipun/ros2_ws/install/custom_action_pkg/lib/libcustom_action_pkg__rosidl_typesupport_fastrtps_c.so
[5.363s] -- Up-to-date: /home/nipun/ros2_ws/install/custom_action_pkg/lib/libcustom_action_pkg__rosidl_typesupport_introspection_c.so
[5.364s] -- Up-to-date: /home/nipun/ros2_ws/install/custom_action_pkg/lib/libcustom_action_pkg__rosidl_typesupport_c.so
[5.364s] -- Up-to-date: /home/nipun/ros2_ws/install/custom_action_pkg/lib/libcustom_action_pkg__rosidl_typesupport_fastrtps_cpp.so
[5.365s] -- Up-to-date: /home/nipun/ros2_ws/install/custom_action_pkg/lib/libcustom_action_pkg__rosidl_typesupport_introspection_cpp.so
[5.366s] -- Up-to-date: /home/nipun/ros2_ws/install/custom_action_pkg/lib/libcustom_action_pkg__rosidl_typesupport_cpp.so
[5.435s] Listing '/home/nipun/ros2_ws/install/custom_action_pkg/local/lib/python3.10/dist-packages/custom_action_pkg'...
[5.435s] Compiling '/home/nipun/ros2_ws/install/custom_action_pkg/local/lib/python3.10/dist-packages/custom_action_pkg/__init__.py'...
[5.435s] Listing '/home/nipun/ros2_ws/install/custom_action_pkg/local/lib/python3.10/dist-packages/custom_action_pkg/action'...
[5.443s] -- Up-to-date: /home/nipun/ros2_ws/install/custom_action_pkg/lib/libcustom_action_pkg__rosidl_generator_py.so
[5.495s] Listing '/home/nipun/ros2_ws/install/custom_action_pkg/local/lib/python3.10/dist-packages/custom_action_nodes'...
[5.503s] -- Up-to-date: /home/nipun/ros2_ws/install/custom_action_pkg/share/custom_action_pkg/cmake/export_custom_action_pkg__rosidl_generator_cExport.cmake
[5.503s] -- Up-to-date: /home/nipun/ros2_ws/install/custom_action_pkg/share/custom_action_pkg/cmake/export_custom_action_pkg__rosidl_generator_cExport-noconfig.cmake
[5.503s] -- Up-to-date: /home/nipun/ros2_ws/install/custom_action_pkg/share/custom_action_pkg/cmake/export_custom_action_pkg__rosidl_typesupport_fastrtps_cExport.cmake
[5.503s] -- Up-to-date: /home/nipun/ros2_ws/install/custom_action_pkg/share/custom_action_pkg/cmake/export_custom_action_pkg__rosidl_typesupport_fastrtps_cExport-noconfig.cmake
[5.504s] -- Up-to-date: /home/nipun/ros2_ws/install/custom_action_pkg/share/custom_action_pkg/cmake/custom_action_pkg__rosidl_typesupport_introspection_cExport.cmake
[5.504s] -- Up-to-date: /home/nipun/ros2_ws/install/custom_action_pkg/share/custom_action_pkg/cmake/custom_action_pkg__rosidl_typesupport_introspection_cExport-noconfig.cmake
[5.504s] -- Up-to-date: /home/nipun/ros2_ws/install/custom_action_pkg/share/custom_action_pkg/cmake/custom_action_pkg__rosidl_typesupport_cExport.cmake
[5.504s] -- Up-to-date: /home/nipun/ros2_ws/install/custom_action_pkg/share/custom_action_pkg/cmake/custom_action_pkg__rosidl_typesupport_cExport-noconfig.cmake
[5.504s] -- Up-to-date: /home/nipun/ros2_ws/install/custom_action_pkg/share/custom_action_pkg/cmake/export_custom_action_pkg__rosidl_generator_cppExport.cmake
[5.504s] -- Up-to-date: /home/nipun/ros2_ws/install/custom_action_pkg/share/custom_action_pkg/cmake/export_custom_action_pkg__rosidl_typesupport_fastrtps_cppExport.cmake
[5.504s] -- Up-to-date: /home/nipun/ros2_ws/install/custom_action_pkg/share/custom_action_pkg/cmake/export_custom_action_pkg__rosidl_typesupport_fastrtps_cppExport-noconfig.cmake
[5.504s] -- Up-to-date: /home/nipun/ros2_ws/install/custom_action_pkg/share/custom_action_pkg/cmake/custom_action_pkg__rosidl_typesupport_introspection_cppExport.cmake
[5.505s] -- Up-to-date: /home/nipun/ros2_ws/install/custom_action_pkg/share/custom_action_pkg/cmake/custom_action_pkg__rosidl_typesupport_introspection_cppExport-noconfig.cmake
[5.505s] -- Up-to-date: /home/nipun/ros2_ws/install/custom_action_pkg/share/custom_action_pkg/cmake/custom_action_pkg__rosidl_typesupport_cppExport.cmake
[5.505s] -- Up-to-date: /home/nipun/ros2_ws/install/custom_action_pkg/share/custom_action_pkg/cmake/custom_action_pkg__rosidl_typesupport_cppExport-noconfig.cmake
[5.505s] -- Up-to-date: /home/nipun/ros2_ws/install/custom_action_pkg/share/custom_action_pkg/cmake/export_custom_action_pkg__rosidl_generator_pyExport.cmake
[5.505s] -- Up-to-date: /home/nipun/ros2_ws/install/custom_action_pkg/share/custom_action_pkg/cmake/export_custom_action_pkg__rosidl_generator_pyExport-noconfig.cmake
[5.507s] Invoked command in '/home/nipun/ros2_ws/build/custom_action_pkg' returned '0': CMAKE_PREFIX_PATH=${CMAKE_PREFIX_PATH}:/opt/ros/humble /usr/bin/cmake --install /home/nipun/ros2_ws/build/custom_action_pkg
