[0.015s] Invoking command in '/home/nipun/ros2_ws/build/custom_action_pkg': CMAKE_PREFIX_PATH=${CMAKE_PREFIX_PATH}:/home/nipun/ros2_ws/install/task3:/home/nipun/ros2_ws/install/sensor_pipeline:/home/nipun/ros2_ws/install/custom_msg_pkg:/opt/ros/humble /usr/bin/cmake /home/nipun/ros2_ws/custom_action_pkg -DAMENT_CMAKE_SYMLINK_INSTALL=1 -DCMAKE_INSTALL_PREFIX=/home/nipun/ros2_ws/install/custom_action_pkg
[0.107s] -- The C compiler identification is GNU 12.3.0
[0.199s] -- The CXX compiler identification is GNU 12.3.0
[0.209s] -- Detecting C compiler ABI info
[0.320s] -- Detecting C compiler ABI info - done
[0.331s] -- Check for working C compiler: /usr/bin/cc - skipped
[0.332s] -- Detecting C compile features
[0.332s] -- Detecting C compile features - done
[0.338s] -- Detecting CXX compiler ABI info
[0.470s] -- Detecting CXX compiler ABI info - done
[0.481s] -- Check for working CXX compiler: /usr/bin/c++ - skipped
[0.482s] -- Detecting CXX compile features
[0.482s] -- Detecting CXX compile features - done
[0.485s] -- Found ament_cmake: 1.3.14 (/opt/ros/humble/share/ament_cmake/cmake)
[0.706s] -- Found Python3: /usr/bin/python3 (found version "3.10.12") found components: Interpreter 
[0.797s] -- Override CMake install command with custom implementation using symlinks instead of copying resources
[0.823s] -- Found rosidl_default_generators: 1.2.1 (/opt/ros/humble/share/rosidl_default_generators/cmake)
[0.827s] -- Using all available rosidl_typesupport_c: rosidl_typesupport_fastrtps_c;rosidl_typesupport_introspection_c
[0.834s] -- Found rosidl_adapter: 3.1.9 (/opt/ros/humble/share/rosidl_adapter/cmake)
[0.885s] -- Using all available rosidl_typesupport_cpp: rosidl_typesupport_fastrtps_cpp;rosidl_typesupport_introspection_cpp
[0.927s] -- Found action_msgs: 1.2.3 (/opt/ros/humble/share/action_msgs/cmake)
[1.362s] -- Found ament_cmake_ros: 0.10.0 (/opt/ros/humble/share/ament_cmake_ros/cmake)
[1.662s] -- Using all available rosidl_typesupport_c: rosidl_typesupport_fastrtps_c;rosidl_typesupport_introspection_c
[2.035s] -- Using all available rosidl_typesupport_cpp: rosidl_typesupport_fastrtps_cpp;rosidl_typesupport_introspection_cpp
[2.073s] -- Found PythonInterp: /usr/bin/python3 (found suitable version "3.10.12", minimum required is "3.6") 
[2.075s] -- Found python_cmake_module: 0.10.0 (/opt/ros/humble/share/python_cmake_module/cmake)
[2.112s] -- Found PythonLibs: /usr/lib/x86_64-linux-gnu/libpython3.10.so (found suitable version "3.10.12", minimum required is "3.5") 
[2.112s] -- Using PYTHON_EXECUTABLE: /usr/bin/python3
[2.112s] -- Using PYTHON_INCLUDE_DIRS: /usr/include/python3.10
[2.112s] -- Using PYTHON_LIBRARIES: /usr/lib/x86_64-linux-gnu/libpython3.10.so
[2.146s] -- Found PythonExtra: .so  
[2.305s] [31mCMake Error at /opt/ros/humble/share/ament_cmake_python/cmake/ament_python_install_package.cmake:106 (add_custom_target):
[2.305s]   add_custom_target cannot create target
[2.305s]   "ament_cmake_python_symlink_custom_action_pkg" because another target with
[2.305s]   the same name already exists.  The existing target is a custom target
[2.305s]   created in source directory "/home/nipun/ros2_ws/custom_action_pkg".  See
[2.305s]   documentation for policy CMP0002 for more details.
[2.305s] Call Stack (most recent call first):
[2.305s]   /opt/ros/humble/share/ament_cmake_python/cmake/ament_python_install_package.cmake:39 (_ament_cmake_python_install_package)
[2.305s]   CMakeLists.txt:14 (ament_python_install_package)
[2.305s] 
[2.306s] [0m
[2.306s] [31mCMake Error at /opt/ros/humble/share/ament_cmake_python/cmake/ament_python_install_package.cmake:141 (add_custom_target):
[2.306s]   add_custom_target cannot create target
[2.306s]   "ament_cmake_python_build_custom_action_pkg_egg" because another target
[2.306s]   with the same name already exists.  The existing target is a custom target
[2.306s]   created in source directory "/home/nipun/ros2_ws/custom_action_pkg".  See
[2.306s]   documentation for policy CMP0002 for more details.
[2.306s] Call Stack (most recent call first):
[2.306s]   /opt/ros/humble/share/ament_cmake_python/cmake/ament_python_install_package.cmake:39 (_ament_cmake_python_install_package)
[2.306s]   CMakeLists.txt:14 (ament_python_install_package)
[2.306s] 
[2.306s] [0m
[2.316s] -- Configuring incomplete, errors occurred!
[2.316s] See also "/home/nipun/ros2_ws/build/custom_action_pkg/CMakeFiles/CMakeOutput.log".
[2.330s] Invoked command in '/home/nipun/ros2_ws/build/custom_action_pkg' returned '1': CMAKE_PREFIX_PATH=${CMAKE_PREFIX_PATH}:/home/nipun/ros2_ws/install/task3:/home/nipun/ros2_ws/install/sensor_pipeline:/home/nipun/ros2_ws/install/custom_msg_pkg:/opt/ros/humble /usr/bin/cmake /home/nipun/ros2_ws/custom_action_pkg -DAMENT_CMAKE_SYMLINK_INSTALL=1 -DCMAKE_INSTALL_PREFIX=/home/nipun/ros2_ws/install/custom_action_pkg
